Component: ARM Compiler 5.06 update 7 (build 960) Tool: armlink [4d3601]

==============================================================================

Section Cross References

    main.o(i.main) refers to stm32f1xx_hal.o(i.HAL_Init) for HAL_Init
    main.o(i.main) refers to sys.o(i.Stm32_Clock_Init) for Stm32_Clock_Init
    main.o(i.main) refers to tim2.o(i.TIM2_Init) for TIM2_Init
    main.o(i.main) refers to board_address.o(i.Board_Address_Init) for Board_Address_Init
    main.o(i.main) refers to can.o(i.OPT_CAN_Init) for OPT_CAN_Init
    main.o(i.main) refers to led.o(i.Led_Init) for Led_Init
    main.o(i.main) refers to iwdg.o(i.IWDG_Init) for IWDG_Init
    main.o(i.main) refers to vacheck.o(i.VACheck_GPIO_Init) for VACheck_GPIO_Init
    main.o(i.main) refers to board_address.o(i.Board_Address_Get) for Board_Address_Get
    main.o(i.main) refers to iwdg.o(i.IWDG_Feed) for IWDG_Feed
    main.o(i.main) refers to led.o(i.Led_Display) for Led_Display
    main.o(i.main) refers to vacheck.o(i.Clear_Check_Count) for Clear_Check_Count
    main.o(i.main) refers to vacheck.o(i.VACheck) for VACheck
    main.o(i.main) refers to main.o(.data) for BOARD_ADDRESS
    stm32f1xx_hal_msp.o(i.HAL_CAN_MspDeInit) refers to stm32f1xx_hal_gpio.o(i.HAL_GPIO_DeInit) for HAL_GPIO_DeInit
    stm32f1xx_hal_msp.o(i.HAL_CAN_MspDeInit) refers to stm32f1xx_hal_cortex.o(i.HAL_NVIC_DisableIRQ) for HAL_NVIC_DisableIRQ
    stm32f1xx_hal_msp.o(i.HAL_CAN_MspInit) refers to stm32f1xx_hal_gpio.o(i.HAL_GPIO_Init) for HAL_GPIO_Init
    stm32f1xx_hal_msp.o(i.HAL_CAN_MspInit) refers to stm32f1xx_hal_cortex.o(i.HAL_NVIC_SetPriority) for HAL_NVIC_SetPriority
    stm32f1xx_hal_msp.o(i.HAL_CAN_MspInit) refers to stm32f1xx_hal_cortex.o(i.HAL_NVIC_EnableIRQ) for HAL_NVIC_EnableIRQ
    stm32f1xx_hal_msp.o(i.HAL_TIM_Base_MspInit) refers to stm32f1xx_hal_cortex.o(i.HAL_NVIC_SetPriority) for HAL_NVIC_SetPriority
    stm32f1xx_hal_msp.o(i.HAL_TIM_Base_MspInit) refers to stm32f1xx_hal_cortex.o(i.HAL_NVIC_EnableIRQ) for HAL_NVIC_EnableIRQ
    stm32f1xx_it.o(i.SysTick_Handler) refers to stm32f1xx_hal.o(i.HAL_IncTick) for HAL_IncTick
    stm32f1xx_it.o(i.TIM2_IRQHandler) refers to stm32f1xx_hal_tim.o(i.HAL_TIM_IRQHandler) for HAL_TIM_IRQHandler
    stm32f1xx_it.o(i.TIM2_IRQHandler) refers to tim2.o(.bss) for TIM2_Handler
    stm32f1xx_it.o(i.USB_LP_CAN1_RX0_IRQHandler) refers to stm32f1xx_hal_can.o(i.HAL_CAN_IRQHandler) for HAL_CAN_IRQHandler
    stm32f1xx_it.o(i.USB_LP_CAN1_RX0_IRQHandler) refers to can.o(.bss) for CAN_Handle
    system_stm32f1xx.o(i.SystemCoreClockUpdate) refers to system_stm32f1xx.o(.data) for SystemCoreClock
    system_stm32f1xx.o(i.SystemCoreClockUpdate) refers to system_stm32f1xx.o(.constdata) for AHBPrescTable
    can.o(i.Error_Handler) refers to stm32f1xx_hal.o(i.HAL_Delay) for HAL_Delay
    can.o(i.HAL_CAN_RxFifo0MsgPendingCallback) refers to stm32f1xx_hal_can.o(i.HAL_CAN_GetRxMessage) for HAL_CAN_GetRxMessage
    can.o(i.HAL_CAN_RxFifo0MsgPendingCallback) refers to can.o(i.Error_Handler) for Error_Handler
    can.o(i.HAL_CAN_RxFifo0MsgPendingCallback) refers to can.o(.bss) for CAN_RxHeader
    can.o(i.HAL_CAN_RxFifo0MsgPendingCallback) refers to main.o(.data) for BOARD_ADDRESS
    can.o(i.OPT_CAN_Init) refers to stm32f1xx_hal_can.o(i.HAL_CAN_Init) for HAL_CAN_Init
    can.o(i.OPT_CAN_Init) refers to can.o(i.Error_Handler) for Error_Handler
    can.o(i.OPT_CAN_Init) refers to stm32f1xx_hal_can.o(i.HAL_CAN_ConfigFilter) for HAL_CAN_ConfigFilter
    can.o(i.OPT_CAN_Init) refers to stm32f1xx_hal_can.o(i.HAL_CAN_Start) for HAL_CAN_Start
    can.o(i.OPT_CAN_Init) refers to stm32f1xx_hal_can.o(i.HAL_CAN_ActivateNotification) for HAL_CAN_ActivateNotification
    can.o(i.OPT_CAN_Init) refers to can.o(.bss) for CAN_Handle
    can.o(i.OPT_CAN_Send) refers to stm32f1xx_hal_can.o(i.HAL_CAN_AddTxMessage) for HAL_CAN_AddTxMessage
    can.o(i.OPT_CAN_Send) refers to can.o(i.Error_Handler) for Error_Handler
    can.o(i.OPT_CAN_Send) refers to stm32f1xx_hal_can.o(i.HAL_CAN_GetTxMailboxesFreeLevel) for HAL_CAN_GetTxMailboxesFreeLevel
    can.o(i.OPT_CAN_Send) refers to stm32f1xx_hal_can.o(i.HAL_CAN_IsTxMessagePending) for HAL_CAN_IsTxMessagePending
    can.o(i.OPT_CAN_Send) refers to can.o(.bss) for CAN_TxHeader
    can.o(i.OPT_CAN_Send) refers to main.o(.data) for CAN_Send_Fg
    iwdg.o(i.IWDG_Feed) refers to stm32f1xx_hal_iwdg.o(i.HAL_IWDG_Refresh) for HAL_IWDG_Refresh
    iwdg.o(i.IWDG_Feed) refers to iwdg.o(.bss) for IWDG_Handler
    iwdg.o(i.IWDG_Init) refers to stm32f1xx_hal_iwdg.o(i.HAL_IWDG_Init) for HAL_IWDG_Init
    iwdg.o(i.IWDG_Init) refers to iwdg.o(.bss) for IWDG_Handler
    led.o(i.Led_Display) refers to llushr.o(.text) for __aeabi_llsr
    led.o(i.Led_Display) refers to main.o(.data) for Can_Buff
    led.o(i.Led_Init) refers to stm32f1xx_hal_gpio.o(i.HAL_GPIO_Init) for HAL_GPIO_Init
    vacheck.o(i.Clear_Check_Count) refers to main.o(.data) for R1_Volatge_Count
    vacheck.o(i.VACheck) refers to main.o(.data) for Timer_Fg
[...]
    Removing stm32f1xx_hal_tim.o(i.HAL_TIM_Base_MspDeInit), (2 bytes).
    Removing stm32f1xx_hal_tim.o(i.HAL_TIM_Base_MspInit), (2 bytes).
    Removing stm32f1xx_hal_tim.o(i.HAL_TIM_Base_Start), (108 bytes).
    Removing stm32f1xx_hal_tim.o(i.HAL_TIM_Base_Start_DMA), (200 bytes).
    Removing stm32f1xx_hal_tim.o(i.HAL_TIM_Base_Stop), (50 bytes).
    Removing stm32f1xx_hal_tim.o(i.HAL_TIM_Base_Stop_DMA), (70 bytes).
    Removing stm32f1xx_hal_tim.o(i.HAL_TIM_Base_Stop_IT), (62 bytes).
    Removing stm32f1xx_hal_tim.o(i.HAL_TIM_ConfigClockSource), (264 bytes).
    Removing stm32f1xx_hal_tim.o(i.HAL_TIM_ConfigOCrefClear), (270 bytes).
    Removing stm32f1xx_hal_tim.o(i.HAL_TIM_ConfigTI1Input), (22 bytes).
    Removing stm32f1xx_hal_tim.o(i.HAL_TIM_DMABurstState), (8 bytes).
    Removing stm32f1xx_hal_tim.o(i.HAL_TIM_DMABurst_MultiReadStart), (460 bytes).
    Removing stm32f1xx_hal_tim.o(i.HAL_TIM_DMABurst_MultiWriteStart), (460 bytes).
    Removing stm32f1xx_hal_tim.o(i.HAL_TIM_DMABurst_ReadStart), (38 bytes).
    Removing stm32f1xx_hal_tim.o(i.HAL_TIM_DMABurst_ReadStop), (134 bytes).
    Removing stm32f1xx_hal_tim.o(i.HAL_TIM_DMABurst_WriteStart), (38 bytes).
    Removing stm32f1xx_hal_tim.o(i.HAL_TIM_DMABurst_WriteStop), (134 bytes).
    Removing stm32f1xx_hal_tim.o(i.HAL_TIM_Encoder_DeInit), (96 bytes).
    Removing stm32f1xx_hal_tim.o(i.HAL_TIM_Encoder_GetState), (8 bytes).
    Removing stm32f1xx_hal_tim.o(i.HAL_TIM_Encoder_Init), (196 bytes).
    Removing stm32f1xx_hal_tim.o(i.HAL_TIM_Encoder_MspDeInit), (2 bytes).
    Removing stm32f1xx_hal_tim.o(i.HAL_TIM_Encoder_MspInit), (2 bytes).
    Removing stm32f1xx_hal_tim.o(i.HAL_TIM_Encoder_Start), (204 bytes).
    Removing stm32f1xx_hal_tim.o(i.HAL_TIM_Encoder_Start_DMA), (564 bytes).
    Removing stm32f1xx_hal_tim.o(i.HAL_TIM_Encoder_Start_IT), (252 bytes).
    Removing stm32f1xx_hal_tim.o(i.HAL_TIM_Encoder_Stop), (214 bytes).
    Removing stm32f1xx_hal_tim.o(i.HAL_TIM_Encoder_Stop_DMA), (280 bytes).
    Removing stm32f1xx_hal_tim.o(i.HAL_TIM_Encoder_Stop_IT), (256 bytes).
    Removing stm32f1xx_hal_tim.o(i.HAL_TIM_ErrorCallback), (2 bytes).
    Removing stm32f1xx_hal_tim.o(i.HAL_TIM_GenerateEvent), (54 bytes).
    Removing stm32f1xx_hal_tim.o(i.HAL_TIM_GetActiveChannel), (6 bytes).
    Removing stm32f1xx_hal_tim.o(i.HAL_TIM_GetChannelState), (38 bytes).
    Removing stm32f1xx_hal_tim.o(i.HAL_TIM_IC_CaptureHalfCpltCallback), (2 bytes).
    Removing stm32f1xx_hal_tim.o(i.HAL_TIM_IC_ConfigChannel), (212 bytes).
    Removing stm32f1xx_hal_tim.o(i.HAL_TIM_IC_DeInit), (120 bytes).
    Removing stm32f1xx_hal_tim.o(i.HAL_TIM_IC_GetState), (8 bytes).
    Removing stm32f1xx_hal_tim.o(i.HAL_TIM_IC_Init), (102 bytes).
    Removing stm32f1xx_hal_tim.o(i.HAL_TIM_IC_MspDeInit), (2 bytes).
    Removing stm32f1xx_hal_tim.o(i.HAL_TIM_IC_MspInit), (2 bytes).
    Removing stm32f1xx_hal_tim.o(i.HAL_TIM_IC_Start), (268 bytes).
    Removing stm32f1xx_hal_tim.o(i.HAL_TIM_IC_Start_DMA), (552 bytes).
    Removing stm32f1xx_hal_tim.o(i.HAL_TIM_IC_Start_IT), (344 bytes).
    Removing stm32f1xx_hal_tim.o(i.HAL_TIM_IC_Stop), (138 bytes).
    Removing stm32f1xx_hal_tim.o(i.HAL_TIM_IC_Stop_DMA), (238 bytes).
    Removing stm32f1xx_hal_tim.o(i.HAL_TIM_IC_Stop_IT), (214 bytes).
    Removing stm32f1xx_hal_tim.o(i.HAL_TIM_OC_ConfigChannel), (104 bytes).
    Removing stm32f1xx_hal_tim.o(i.HAL_TIM_OC_DeInit), (120 bytes).
    Removing stm32f1xx_hal_tim.o(i.HAL_TIM_OC_GetState), (8 bytes).
    Removing stm32f1xx_hal_tim.o(i.HAL_TIM_OC_Init), (102 bytes).
    Removing stm32f1xx_hal_tim.o(i.HAL_TIM_OC_MspDeInit), (2 bytes).
    Removing stm32f1xx_hal_tim.o(i.HAL_TIM_OC_MspInit), (2 bytes).
    Removing stm32f1xx_hal_tim.o(i.HAL_TIM_OC_Start), (212 bytes).
    Removing stm32f1xx_hal_tim.o(i.HAL_TIM_OC_Start_DMA), (516 bytes).
    Removing stm32f1xx_hal_tim.o(i.HAL_TIM_OC_Start_IT), (288 bytes).
    Removing stm32f1xx_hal_tim.o(i.HAL_TIM_OC_Stop), (156 bytes).
    Removing stm32f1xx_hal_tim.o(i.HAL_TIM_OC_Stop_DMA), (256 bytes).
    Removing stm32f1xx_hal_tim.o(i.HAL_TIM_OC_Stop_IT), (232 bytes).
    Removing stm32f1xx_hal_tim.o(i.HAL_TIM_OnePulse_ConfigChannel), (286 bytes).
    Removing stm32f1xx_hal_tim.o(i.HAL_TIM_OnePulse_DeInit), (96 bytes).
    Removing stm32f1xx_hal_tim.o(i.HAL_TIM_OnePulse_GetState), (8 bytes).
    Removing stm32f1xx_hal_tim.o(i.HAL_TIM_OnePulse_Init), (102 bytes).
    Removing stm32f1xx_hal_tim.o(i.HAL_TIM_OnePulse_MspDeInit), (2 bytes).
    Removing stm32f1xx_hal_tim.o(i.HAL_TIM_OnePulse_MspInit), (2 bytes).
    Removing stm32f1xx_hal_tim.o(i.HAL_TIM_OnePulse_Start), (128 bytes).
    Removing stm32f1xx_hal_tim.o(i.HAL_TIM_OnePulse_Start_IT), (152 bytes).
    Removing stm32f1xx_hal_tim.o(i.HAL_TIM_OnePulse_Stop), (148 bytes).
    Removing stm32f1xx_hal_tim.o(i.HAL_TIM_OnePulse_Stop_IT), (172 bytes).
    Removing stm32f1xx_hal_tim.o(i.HAL_TIM_PWM_ConfigChannel), (252 bytes).
    Removing stm32f1xx_hal_tim.o(i.HAL_TIM_PWM_DeInit), (120 bytes).
    Removing stm32f1xx_hal_tim.o(i.HAL_TIM_PWM_GetState), (8 bytes).
    Removing stm32f1xx_hal_tim.o(i.HAL_TIM_PWM_Init), (102 bytes).
    Removing stm32f1xx_hal_tim.o(i.HAL_TIM_PWM_MspDeInit), (2 bytes).
    Removing stm32f1xx_hal_tim.o(i.HAL_TIM_PWM_MspInit), (2 bytes).
    Removing stm32f1xx_hal_tim.o(i.HAL_TIM_PWM_PulseFinishedHalfCpltCallback), (2 bytes).
    Removing stm32f1xx_hal_tim.o(i.HAL_TIM_PWM_Start), (212 bytes).
    Removing stm32f1xx_hal_tim.o(i.HAL_TIM_PWM_Start_DMA), (516 bytes).
    Removing stm32f1xx_hal_tim.o(i.HAL_TIM_PWM_Start_IT), (288 bytes).
    Removing stm32f1xx_hal_tim.o(i.HAL_TIM_PWM_Stop), (156 bytes).
    Removing stm32f1xx_hal_tim.o(i.HAL_TIM_PWM_Stop_DMA), (256 bytes).
    Removing stm32f1xx_hal_tim.o(i.HAL_TIM_PWM_Stop_IT), (232 bytes).
    Removing stm32f1xx_hal_tim.o(i.HAL_TIM_PeriodElapsedCallback), (2 bytes).
    Removing stm32f1xx_hal_tim.o(i.HAL_TIM_PeriodElapsedHalfCpltCallback), (2 bytes).
    Removing stm32f1xx_hal_tim.o(i.HAL_TIM_ReadCapturedValue), (50 bytes).
    Removing stm32f1xx_hal_tim.o(i.HAL_TIM_SlaveConfigSynchro), (108 bytes).
    Removing stm32f1xx_hal_tim.o(i.HAL_TIM_SlaveConfigSynchro_IT), (108 bytes).
    Removing stm32f1xx_hal_tim.o(i.HAL_TIM_TriggerHalfCpltCallback), (2 bytes).
    Removing stm32f1xx_hal_tim.o(i.TIM_CCxChannelCmd), (34 bytes).
    Removing stm32f1xx_hal_tim.o(i.TIM_DMACaptureCplt), (122 bytes).
    Removing stm32f1xx_hal_tim.o(i.TIM_DMACaptureHalfCplt), (64 bytes).
    Removing stm32f1xx_hal_tim.o(i.TIM_DMADelayPulseCplt), (104 bytes).
    Removing stm32f1xx_hal_tim.o(i.TIM_DMADelayPulseHalfCplt), (64 bytes).
    Removing stm32f1xx_hal_tim.o(i.TIM_DMAError), (94 bytes).
    Removing stm32f1xx_hal_tim.o(i.TIM_DMAPeriodElapsedCplt), (26 bytes).
    Removing stm32f1xx_hal_tim.o(i.TIM_DMAPeriodElapsedHalfCplt), (14 bytes).
    Removing stm32f1xx_hal_tim.o(i.TIM_DMATriggerCplt), (26 bytes).
    Removing stm32f1xx_hal_tim.o(i.TIM_DMATriggerHalfCplt), (14 bytes).
    Removing stm32f1xx_hal_tim.o(i.TIM_ETR_SetConfig), (22 bytes).
    Removing stm32f1xx_hal_tim.o(i.TIM_ITRx_SetConfig), (18 bytes).
    Removing stm32f1xx_hal_tim.o(i.TIM_OC1_SetConfig), (96 bytes).
    Removing stm32f1xx_hal_tim.o(i.TIM_OC2_SetConfig), (104 bytes).
    Removing stm32f1xx_hal_tim.o(i.TIM_OC3_SetConfig), (104 bytes).
    Removing stm32f1xx_hal_tim.o(i.TIM_OC4_SetConfig), (72 bytes).
    Removing stm32f1xx_hal_tim.o(i.TIM_SlaveTimer_SetConfig), (170 bytes).
    Removing stm32f1xx_hal_tim.o(i.TIM_TI1_ConfigInputStage), (38 bytes).
    Removing stm32f1xx_hal_tim.o(i.TIM_TI1_SetConfig), (104 bytes).
    Removing stm32f1xx_hal_tim.o(i.TIM_TI2_ConfigInputStage), (40 bytes).
    Removing stm32f1xx_hal_tim.o(i.TIM_TI2_SetConfig), (58 bytes).
    Removing stm32f1xx_hal_tim.o(i.TIM_TI3_SetConfig), (56 bytes).
    Removing stm32f1xx_hal_tim.o(i.TIM_TI4_SetConfig), (60 bytes).
    Removing stm32f1xx_hal_tim_ex.o(.rev16_text), (4 bytes).
    Removing stm32f1xx_hal_tim_ex.o(.revsh_text), (4 bytes).
    Removing stm32f1xx_hal_tim_ex.o(.rrx_text), (6 bytes).
    Removing stm32f1xx_hal_tim_ex.o(i.HAL_TIMEx_CommutHalfCpltCallback), (2 bytes).
    Removing stm32f1xx_hal_tim_ex.o(i.HAL_TIMEx_ConfigBreakDeadTime), (116 bytes).
    Removing stm32f1xx_hal_tim_ex.o(i.HAL_TIMEx_ConfigCommutEvent), (134 bytes).
    Removing stm32f1xx_hal_tim_ex.o(i.HAL_TIMEx_ConfigCommutEvent_DMA), (164 bytes).
    Removing stm32f1xx_hal_tim_ex.o(i.HAL_TIMEx_ConfigCommutEvent_IT), (134 bytes).
    Removing stm32f1xx_hal_tim_ex.o(i.HAL_TIMEx_GetChannelNState), (38 bytes).
    Removing stm32f1xx_hal_tim_ex.o(i.HAL_TIMEx_HallSensor_DeInit), (96 bytes).
    Removing stm32f1xx_hal_tim_ex.o(i.HAL_TIMEx_HallSensor_GetState), (8 bytes).
    Removing stm32f1xx_hal_tim_ex.o(i.HAL_TIMEx_HallSensor_Init), (234 bytes).
    Removing stm32f1xx_hal_tim_ex.o(i.HAL_TIMEx_HallSensor_MspDeInit), (2 bytes).
    Removing stm32f1xx_hal_tim_ex.o(i.HAL_TIMEx_HallSensor_MspInit), (2 bytes).
    Removing stm32f1xx_hal_tim_ex.o(i.HAL_TIMEx_HallSensor_Start), (168 bytes).
    Removing stm32f1xx_hal_tim_ex.o(i.HAL_TIMEx_HallSensor_Start_DMA), (232 bytes).
    Removing stm32f1xx_hal_tim_ex.o(i.HAL_TIMEx_HallSensor_Start_IT), (180 bytes).
    Removing stm32f1xx_hal_tim_ex.o(i.HAL_TIMEx_HallSensor_Stop), (78 bytes).
    Removing stm32f1xx_hal_tim_ex.o(i.HAL_TIMEx_HallSensor_Stop_DMA), (84 bytes).
    Removing stm32f1xx_hal_tim_ex.o(i.HAL_TIMEx_HallSensor_Stop_IT), (90 bytes).
    Removing stm32f1xx_hal_tim_ex.o(i.HAL_TIMEx_MasterConfigSynchronization), (132 bytes).
    Removing stm32f1xx_hal_tim_ex.o(i.HAL_TIMEx_OCN_Start), (196 bytes).
    Removing stm32f1xx_hal_tim_ex.o(i.HAL_TIMEx_OCN_Start_DMA), (440 bytes).
    Removing stm32f1xx_hal_tim_ex.o(i.HAL_TIMEx_OCN_Start_IT), (264 bytes).
    Removing stm32f1xx_hal_tim_ex.o(i.HAL_TIMEx_OCN_Stop), (136 bytes).
    Removing stm32f1xx_hal_tim_ex.o(i.HAL_TIMEx_OCN_Stop_DMA), (212 bytes).
    Removing stm32f1xx_hal_tim_ex.o(i.HAL_TIMEx_OCN_Stop_IT), (218 bytes).
    Removing stm32f1xx_hal_tim_ex.o(i.HAL_TIMEx_OnePulseN_Start), (118 bytes).
    Removing stm32f1xx_hal_tim_ex.o(i.HAL_TIMEx_OnePulseN_Start_IT), (142 bytes).
    Removing stm32f1xx_hal_tim_ex.o(i.HAL_TIMEx_OnePulseN_Stop), (138 bytes).
    Removing stm32f1xx_hal_tim_ex.o(i.HAL_TIMEx_OnePulseN_Stop_IT), (162 bytes).
    Removing stm32f1xx_hal_tim_ex.o(i.HAL_TIMEx_PWMN_Start), (196 bytes).
    Removing stm32f1xx_hal_tim_ex.o(i.HAL_TIMEx_PWMN_Start_DMA), (440 bytes).
    Removing stm32f1xx_hal_tim_ex.o(i.HAL_TIMEx_PWMN_Start_IT), (264 bytes).
    Removing stm32f1xx_hal_tim_ex.o(i.HAL_TIMEx_PWMN_Stop), (136 bytes).
    Removing stm32f1xx_hal_tim_ex.o(i.HAL_TIMEx_PWMN_Stop_DMA), (212 bytes).
    Removing stm32f1xx_hal_tim_ex.o(i.HAL_TIMEx_PWMN_Stop_IT), (218 bytes).
    Removing stm32f1xx_hal_tim_ex.o(i.HAL_TIMEx_RemapConfig), (6 bytes).
    Removing stm32f1xx_hal_tim_ex.o(i.TIMEx_DMACommutationCplt), (20 bytes).
    Removing stm32f1xx_hal_tim_ex.o(i.TIMEx_DMACommutationHalfCplt), (20 bytes).
    Removing stm32f1xx_hal_tim_ex.o(i.TIM_CCxNChannelCmd), (34 bytes).
    Removing stm32f1xx_hal_tim_ex.o(i.TIM_DMADelayPulseNCplt), (104 bytes).
    Removing stm32f1xx_hal_tim_ex.o(i.TIM_DMAErrorCCxN), (68 bytes).
    Removing stm32f1xx_hal_iwdg.o(.rev16_text), (4 bytes).
    Removing stm32f1xx_hal_iwdg.o(.revsh_text), (4 bytes).
    Removing stm32f1xx_hal_iwdg.o(.rrx_text), (6 bytes).
    Removing delay.o(.rev16_text), (4 bytes).
    Removing delay.o(.revsh_text), (4 bytes).
    Removing delay.o(.rrx_text), (6 bytes).
    Removing delay.o(i.delay_init), (20 bytes).
    Removing delay.o(i.delay_ms), (24 bytes).
    Removing delay.o(i.delay_us), (72 bytes).
    Removing delay.o(.data), (4 bytes).
    Removing sys.o(.rev16_text), (4 bytes).
    Removing sys.o(.revsh_text), (4 bytes).
    Removing sys.o(.rrx_text), (6 bytes).
    Removing sys.o(.emb_text), (6 bytes).
    Removing sys.o(i.INTX_DISABLE), (4 bytes).
    Removing sys.o(i.INTX_ENABLE), (4 bytes).
    Removing sys.o(i.WFI_SET), (4 bytes).

388 unused section(s) (total 29674 bytes) removed from the image.

==============================================================================

Image Symbol Table

    Local Symbols

    Symbol Name                              Value     Ov Type        Size  Object(Section)

    ../clib/angel/boardlib.s                 0x00000000   Number         0  boardinit1.o ABSOLUTE
    ../clib/angel/boardlib.s                 0x00000000   Number         0  boardshut.o ABSOLUTE
    ../clib/angel/boardlib.s                 0x00000000   Number         0  boardinit2.o ABSOLUTE
    ../clib/angel/boardlib.s                 0x00000000   Number         0  boardinit3.o ABSOLUTE
    ../clib/angel/handlers.s                 0x00000000   Number         0  __scatter_zi.o ABSOLUTE
    ../clib/angel/handlers.s                 0x00000000   Number         0  __scatter_copy.o ABSOLUTE
    ../clib/angel/kernel.s                   0x00000000   Number         0  __rtentry.o ABSOLUTE
    ../clib/angel/kernel.s                   0x00000000   Number         0  __rtentry2.o ABSOLUTE
    ../clib/angel/kernel.s                   0x00000000   Number         0  __rtentry4.o ABSOLUTE
    ../clib/angel/kernel.s                   0x00000000   Number         0  rtexit.o ABSOLUTE
    ../clib/angel/kernel.s                   0x00000000   Number         0  rtexit2.o ABSOLUTE
    ../clib/angel/rt.s                       0x00000000   Number         0  rt_raise.o ABSOLUTE
    ../clib/angel/scatter.s                  0x00000000   Number         0  __scatter.o ABSOLUTE
    ../clib/angel/startup.s                  0x00000000   Number         0  __main.o ABSOLUTE
    ../clib/angel/sys.s                      0x00000000   Number         0  use_no_semi.o ABSOLUTE
    ../clib/angel/sys.s                      0x00000000   Number         0  sys_stackheap_outer.o ABSOLUTE
    ../clib/angel/sys.s                      0x00000000   Number         0  libspace.o ABSOLUTE
    ../clib/angel/sys.s                      0x00000000   Number         0  indicate_semi.o ABSOLUTE
    ../clib/angel/sysapp.c                   0x00000000   Number         0  sys_wrch.o ABSOLUTE
    ../clib/angel/sysapp.c                   0x00000000   Number         0  sys_command.o ABSOLUTE
    ../clib/angel/sysapp.c                   0x00000000   Number         0  sys_exit.o ABSOLUTE
    ../clib/armsys.c                         0x00000000   Number         0  _get_argv_nomalloc.o ABSOLUTE
    ../clib/armsys.c                         0x00000000   Number         0  argv_veneer.o ABSOLUTE
    ../clib/armsys.c                         0x00000000   Number         0  argv_veneer.o ABSOLUTE
    ../clib/armsys.c                         0x00000000   Number         0  no_argv.o ABSOLUTE
    ../clib/heapalloc.c                      0x00000000   Number         0  hrguard.o ABSOLUTE
    ../clib/heapaux.c                        0x00000000   Number         0  heapauxi.o ABSOLUTE
    ../clib/libinit.s                        0x00000000   Number         0  libshutdown.o ABSOLUTE
    ../clib/libinit.s                        0x00000000   Number         0  libinit2.o ABSOLUTE
    ../clib/libinit.s                        0x00000000   Number         0  libinit.o ABSOLUTE
    ../clib/libinit.s                        0x00000000   Number         0  libshutdown2.o ABSOLUTE
    ../clib/longlong.s                       0x00000000   Number         0  llushr.o ABSOLUTE
    ../clib/signal.c                         0x00000000   Number         0  defsig_other.o ABSOLUTE
    ../clib/signal.c                         0x00000000   Number         0  defsig_segv_inner.o ABSOLUTE
    ../clib/signal.c                         0x00000000   Number         0  defsig_rtmem_inner.o ABSOLUTE
    ../clib/signal.c                         0x00000000   Number         0  defsig_rtmem_outer.o ABSOLUTE
    ../clib/signal.c                         0x00000000   Number         0  defsig_cppl_inner.o ABSOLUTE
    ../clib/signal.c                         0x00000000   Number         0  defsig_pvfn_inner.o ABSOLUTE
    ../clib/signal.c                         0x00000000   Number         0  defsig_rtmem_formal.o ABSOLUTE
    ../clib/signal.c                         0x00000000   Number         0  defsig_stak_inner.o ABSOLUTE
    ../clib/signal.c                         0x00000000   Number         0  defsig_rtred_inner.o ABSOLUTE
    ../clib/signal.c                         0x00000000   Number         0  defsig_fpe_inner.o ABSOLUTE
    ../clib/signal.c                         0x00000000   Number         0  __raise.o ABSOLUTE
    ../clib/signal.c                         0x00000000   Number         0  defsig_general.o ABSOLUTE
    ../clib/signal.c                         0x00000000   Number         0  defsig_abrt_inner.o ABSOLUTE
    ../clib/signal.c                         0x00000000   Number         0  defsig_exit.o ABSOLUTE
    ../clib/signal.s                         0x00000000   Number         0  defsig.o ABSOLUTE
    ../clib/stdlib.c                         0x00000000   Number         0  exit.o ABSOLUTE
    ../fplib/fpinit.s                        0x00000000   Number         0  fpinit.o ABSOLUTE
    ..\CORE\startup_stm32f103xb.s            0x00000000   Number         0  startup_stm32f103xb.o ABSOLUTE
    ..\HALLib\Src\stm32f1xx_hal.c            0x00000000   Number         0  stm32f1xx_hal.o ABSOLUTE
    ..\HALLib\Src\stm32f1xx_hal_can.c        0x00000000   Number         0  stm32f1xx_hal_can.o ABSOLUTE
    ..\HALLib\Src\stm32f1xx_hal_cec.c        0x00000000   Number         0  stm32f1xx_hal_cec.o ABSOLUTE
    ..\HALLib\Src\stm32f1xx_hal_cortex.c     0x00000000   Number         0  stm32f1xx_hal_cortex.o ABSOLUTE
    ..\HALLib\Src\stm32f1xx_hal_dma.c        0x00000000   Number         0  stm32f1xx_hal_dma.o ABSOLUTE
    ..\HALLib\Src\stm32f1xx_hal_exti.c       0x00000000   Number         0  stm32f1xx_hal_exti.o ABSOLUTE
    ..\HALLib\Src\stm32f1xx_hal_flash.c      0x00000000   Number         0  stm32f1xx_hal_flash.o ABSOLUTE
    ..\HALLib\Src\stm32f1xx_hal_flash_ex.c   0x00000000   Number         0  stm32f1xx_hal_flash_ex.o ABSOLUTE
    ..\HALLib\Src\stm32f1xx_hal_gpio.c       0x00000000   Number         0  stm32f1xx_hal_gpio.o ABSOLUTE
    ..\HALLib\Src\stm32f1xx_hal_gpio_ex.c    0x00000000   Number         0  stm32f1xx_hal_gpio_ex.o ABSOLUTE
    ..\HALLib\Src\stm32f1xx_hal_iwdg.c       0x00000000   Number         0  stm32f1xx_hal_iwdg.o ABSOLUTE
    ..\HALLib\Src\stm32f1xx_hal_pwr.c        0x00000000   Number         0  stm32f1xx_hal_pwr.o ABSOLUTE
    ..\HALLib\Src\stm32f1xx_hal_rcc.c        0x00000000   Number         0  stm32f1xx_hal_rcc.o ABSOLUTE
    ..\HALLib\Src\stm32f1xx_hal_rcc_ex.c     0x00000000   Number         0  stm32f1xx_hal_rcc_ex.o ABSOLUTE
    ..\HALLib\Src\stm32f1xx_hal_sram.c       0x00000000   Number         0  stm32f1xx_hal_sram.o ABSOLUTE
    ..\HALLib\Src\stm32f1xx_hal_tim.c        0x00000000   Number         0  stm32f1xx_hal_tim.o ABSOLUTE
    ..\HALLib\Src\stm32f1xx_hal_tim_ex.c     0x00000000   Number         0  stm32f1xx_hal_tim_ex.o ABSOLUTE
    ..\HARDWARE\Board_Address.c              0x00000000   Number         0  board_address.o ABSOLUTE
    ..\HARDWARE\CAN.c                        0x00000000   Number         0  can.o ABSOLUTE
    ..\HARDWARE\IWDG.c                       0x00000000   Number         0  iwdg.o ABSOLUTE
    ..\HARDWARE\TIM2.c                       0x00000000   Number         0  tim2.o ABSOLUTE
    ..\HARDWARE\VACheck.c                    0x00000000   Number         0  vacheck.o ABSOLUTE
    ..\HARDWARE\led.c                        0x00000000   Number         0  led.o ABSOLUTE
    ..\SYSTEM\delay\delay.c                  0x00000000   Number         0  delay.o ABSOLUTE
    ..\SYSTEM\sys\sys.c                      0x00000000   Number         0  sys.o ABSOLUTE
    ..\\HALLib\\Src\\stm32f1xx_hal.c         0x00000000   Number         0  stm32f1xx_hal.o ABSOLUTE
    ..\\HALLib\\Src\\stm32f1xx_hal_can.c     0x00000000   Number         0  stm32f1xx_hal_can.o ABSOLUTE
    ..\\HALLib\\Src\\stm32f1xx_hal_cec.c     0x00000000   Number         0  stm32f1xx_hal_cec.o ABSOLUTE
    ..\\HALLib\\Src\\stm32f1xx_hal_cortex.c  0x00000000   Number         0  stm32f1xx_hal_cortex.o ABSOLUTE
    ..\\HALLib\\Src\\stm32f1xx_hal_dma.c     0x00000000   Number         0  stm32f1xx_hal_dma.o ABSOLUTE
    ..\\HALLib\\Src\\stm32f1xx_hal_exti.c    0x00000000   Number         0  stm32f1xx_hal_exti.o ABSOLUTE
    ..\\HALLib\\Src\\stm32f1xx_hal_flash.c   0x00000000   Number         0  stm32f1xx_hal_flash.o ABSOLUTE
    ..\\HALLib\\Src\\stm32f1xx_hal_flash_ex.c 0x00000000   Number         0  stm32f1xx_hal_flash_ex.o ABSOLUTE
    ..\\HALLib\\Src\\stm32f1xx_hal_gpio.c    0x00000000   Number         0  stm32f1xx_hal_gpio.o ABSOLUTE
    ..\\HALLib\\Src\\stm32f1xx_hal_gpio_ex.c 0x00000000   Number         0  stm32f1xx_hal_gpio_ex.o ABSOLUTE
    ..\\HALLib\\Src\\stm32f1xx_hal_iwdg.c    0x00000000   Number         0  stm32f1xx_hal_iwdg.o ABSOLUTE
    ..\\HALLib\\Src\\stm32f1xx_hal_pwr.c     0x00000000   Number         0  stm32f1xx_hal_pwr.o ABSOLUTE
    ..\\HALLib\\Src\\stm32f1xx_hal_rcc.c     0x00000000   Number         0  stm32f1xx_hal_rcc.o ABSOLUTE
    ..\\HALLib\\Src\\stm32f1xx_hal_rcc_ex.c  0x00000000   Number         0  stm32f1xx_hal_rcc_ex.o ABSOLUTE
    ..\\HALLib\\Src\\stm32f1xx_hal_sram.c    0x00000000   Number         0  stm32f1xx_hal_sram.o ABSOLUTE
    ..\\HALLib\\Src\\stm32f1xx_hal_tim.c     0x00000000   Number         0  stm32f1xx_hal_tim.o ABSOLUTE
    ..\\HALLib\\Src\\stm32f1xx_hal_tim_ex.c  0x00000000   Number         0  stm32f1xx_hal_tim_ex.o ABSOLUTE
    ..\\HARDWARE\\Board_Address.c            0x00000000   Number         0  board_address.o ABSOLUTE
    ..\\HARDWARE\\CAN.c                      0x00000000   Number         0  can.o ABSOLUTE
    ..\\HARDWARE\\IWDG.c                     0x00000000   Number         0  iwdg.o ABSOLUTE
    ..\\HARDWARE\\TIM2.c                     0x00000000   Number         0  tim2.o ABSOLUTE
    ..\\HARDWARE\\VACheck.c                  0x00000000   Number         0  vacheck.o ABSOLUTE
    ..\\HARDWARE\\led.c                      0x00000000   Number         0  led.o ABSOLUTE
    ..\\SYSTEM\\delay\\delay.c               0x00000000   Number         0  delay.o ABSOLUTE
    ..\\SYSTEM\\sys\\sys.c                   0x00000000   Number         0  sys.o ABSOLUTE
    dc.s                                     0x00000000   Number         0  dc.o ABSOLUTE
    main.c                                   0x00000000   Number         0  main.o ABSOLUTE
    main.c                                   0x00000000   Number         0  main.o ABSOLUTE
    stm32f1xx_hal_msp.c                      0x00000000   Number         0  stm32f1xx_hal_msp.o ABSOLUTE
    stm32f1xx_hal_msp.c                      0x00000000   Number         0  stm32f1xx_hal_msp.o ABSOLUTE
    stm32f1xx_it.c                           0x00000000   Number         0  stm32f1xx_it.o ABSOLUTE
    stm32f1xx_it.c                           0x00000000   Number         0  stm32f1xx_it.o ABSOLUTE
    system_stm32f1xx.c                       0x00000000   Number         0  system_stm32f1xx.o ABSOLUTE
    system_stm32f1xx.c                       0x00000000   Number         0  system_stm32f1xx.o ABSOLUTE
    RESET                                    0x08000000   Section      236  startup_stm32f103xb.o(RESET)
    !!!main                                  0x080000ec   Section        8  __main.o(!!!main)
    !!!scatter                               0x080000f4   Section       52  __scatter.o(!!!scatter)
    !!handler_copy                           0x08000128   Section       26  __scatter_copy.o(!!handler_copy)
    !!handler_zi                             0x08000144   Section       28  __scatter_zi.o(!!handler_zi)
    .ARM.Collect$$libinit$$00000000          0x08000160   Section        2  libinit.o(.ARM.Collect$$libinit$$00000000)
    .ARM.Collect$$libinit$$00000002          0x08000162   Section        0  libinit2.o(.ARM.Collect$$libinit$$00000002)
    .ARM.Collect$$libinit$$00000004          0x08000162   Section        0  libinit2.o(.ARM.Collect$$libinit$$00000004)
    .ARM.Collect$$libinit$$0000000A          0x08000162   Section        0  libinit2.o(.ARM.Collect$$libinit$$0000000A)
    .ARM.Collect$$libinit$$0000000C          0x08000162   Section        0  libinit2.o(.ARM.Collect$$libinit$$0000000C)
    .ARM.Collect$$libinit$$0000000E          0x08000162   Section        0  libinit2.o(.ARM.Collect$$libinit$$0000000E)
    .ARM.Collect$$libinit$$00000011          0x08000162   Section        0  libinit2.o(.ARM.Collect$$libinit$$00000011)
    .ARM.Collect$$libinit$$00000013          0x08000162   Section        0  libinit2.o(.ARM.Collect$$libinit$$00000013)
    .ARM.Collect$$libinit$$00000015          0x08000162   Section        0  libinit2.o(.ARM.Collect$$libinit$$00000015)
    .ARM.Collect$$libinit$$00000017          0x08000162   Section        0  libinit2.o(.ARM.Collect$$libinit$$00000017)
    .ARM.Collect$$libinit$$00000019          0x08000162   Section        0  libinit2.o(.ARM.Collect$$libinit$$00000019)
    .ARM.Collect$$libinit$$0000001B          0x08000162   Section        0  libinit2.o(.ARM.Collect$$libinit$$0000001B)
    .ARM.Collect$$libinit$$0000001D          0x08000162   Section        0  libinit2.o(.ARM.Collect$$libinit$$0000001D)
    .ARM.Collect$$libinit$$0000001F          0x08000162   Section        0  libinit2.o(.ARM.Collect$$libinit$$0000001F)
    .ARM.Collect$$libinit$$00000021          0x08000162   Section        0  libinit2.o(.ARM.Collect$$libinit$$00000021)
    .ARM.Collect$$libinit$$00000023          0x08000162   Section        0  libinit2.o(.ARM.Collect$$libinit$$00000023)
    .ARM.Collect$$libinit$$00000025          0x08000162   Section        0  libinit2.o(.ARM.Collect$$libinit$$00000025)
    .ARM.Collect$$libinit$$0000002C          0x08000162   Section        0  libinit2.o(.ARM.Collect$$libinit$$0000002C)
    .ARM.Collect$$libinit$$0000002E          0x08000162   Section        0  libinit2.o(.ARM.Collect$$libinit$$0000002E)
    .ARM.Collect$$libinit$$00000030          0x08000162   Section        0  libinit2.o(.ARM.Collect$$libinit$$00000030)
    .ARM.Collect$$libinit$$00000032          0x08000162   Section        0  libinit2.o(.ARM.Collect$$libinit$$00000032)
    .ARM.Collect$$libinit$$00000033          0x08000162   Section        2  libinit2.o(.ARM.Collect$$libinit$$00000033)
    .ARM.Collect$$libshutdown$$00000000      0x08000164   Section        2  libshutdown.o(.ARM.Collect$$libshutdown$$00000000)
    .ARM.Collect$$libshutdown$$00000002      0x08000166   Section        0  libshutdown2.o(.ARM.Collect$$libshutdown$$00000002)
    .ARM.Collect$$libshutdown$$00000004      0x08000166   Section        0  libshutdown2.o(.ARM.Collect$$libshutdown$$00000004)
    .ARM.Collect$$libshutdown$$00000006      0x08000166   Section        0  libshutdown2.o(.ARM.Collect$$libshutdown$$00000006)
    .ARM.Collect$$libshutdown$$00000009      0x08000166   Section        0  libshutdown2.o(.ARM.Collect$$libshutdown$$00000009)
    .ARM.Collect$$libshutdown$$0000000C      0x08000166   Section        0  libshutdown2.o(.ARM.Collect$$libshutdown$$0000000C)
    .ARM.Collect$$libshutdown$$0000000E      0x08000166   Section        0  libshutdown2.o(.ARM.Collect$$libshutdown$$0000000E)
    .ARM.Collect$$libshutdown$$00000011      0x08000166   Section        0  libshutdown2.o(.ARM.Collect$$libshutdown$$00000011)
    .ARM.Collect$$libshutdown$$00000012      0x08000166   Section        2  libshutdown2.o(.ARM.Collect$$libshutdown$$00000012)
    .ARM.Collect$$rtentry$$00000000          0x08000168   Section        0  __rtentry.o(.ARM.Collect$$rtentry$$00000000)
    .ARM.Collect$$rtentry$$00000002          0x08000168   Section        0  __rtentry2.o(.ARM.Collect$$rtentry$$00000002)
    .ARM.Collect$$rtentry$$00000004          0x08000168   Section        6  __rtentry4.o(.ARM.Collect$$rtentry$$00000004)
    .ARM.Collect$$rtentry$$00000009          0x0800016e   Section        0  __rtentry2.o(.ARM.Collect$$rtentry$$00000009)
    .ARM.Collect$$rtentry$$0000000A          0x0800016e   Section        4  __rtentry2.o(.ARM.Collect$$rtentry$$0000000A)
    .ARM.Collect$$rtentry$$0000000C          0x08000172   Section        0  __rtentry2.o(.ARM.Collect$$rtentry$$0000000C)
    .ARM.Collect$$rtentry$$0000000D          0x08000172   Section        8  __rtentry2.o(.ARM.Collect$$rtentry$$0000000D)
    .ARM.Collect$$rtexit$$00000000           0x0800017a   Section        2  rtexit.o(.ARM.Collect$$rtexit$$00000000)
    .ARM.Collect$$rtexit$$00000002           0x0800017c   Section        0  rtexit2.o(.ARM.Collect$$rtexit$$00000002)
    .ARM.Collect$$rtexit$$00000003           0x0800017c   Section        4  rtexit2.o(.ARM.Collect$$rtexit$$00000003)
    .ARM.Collect$$rtexit$$00000004           0x08000180   Section        6  rtexit2.o(.ARM.Collect$$rtexit$$00000004)
    .text                                    0x08000188   Section       64  startup_stm32f103xb.o(.text)
    .text                                    0x080001c8   Section       38  llushr.o(.text)
    .text                                    0x080001ee   Section        0  heapauxi.o(.text)
    .text                                    0x080001f4   Section       74  sys_stackheap_outer.o(.text)
    .text                                    0x0800023e   Section        0  exit.o(.text)
    .text                                    0x08000250   Section        8  libspace.o(.text)
    .text                                    0x08000258   Section        0  sys_exit.o(.text)
    .text                                    0x08000264   Section        2  use_no_semi.o(.text)
    .text                                    0x08000266   Section        0  indicate_semi.o(.text)
    i.Board_Address_Get                      0x08000268   Section        0  board_address.o(i.Board_Address_Get)
    i.Board_Address_Init                     0x080002c8   Section        0  board_address.o(i.Board_Address_Init)
    i.BusFault_Handler                       0x08000310   Section        0  stm32f1xx_it.o(i.BusFault_Handler)
    i.Clear_Check_Count                      0x08000314   Section        0  vacheck.o(i.Clear_Check_Count)
    i.DebugMon_Handler                       0x080003d8   Section        0  stm32f1xx_it.o(i.DebugMon_Handler)
    i.Error_Handle                           0x080003dc   Section        0  tim2.o(i.Error_Handle)
    i.Error_Handler                          0x080003ec   Section        0  can.o(i.Error_Handler)
    i.HAL_CAN_ActivateNotification           0x08000418   Section        0  stm32f1xx_hal_can.o(i.HAL_CAN_ActivateNotification)
    i.HAL_CAN_AddTxMessage                   0x08000442   Section        0  stm32f1xx_hal_can.o(i.HAL_CAN_AddTxMessage)
    i.HAL_CAN_ConfigFilter                   0x08000598   Section        0  stm32f1xx_hal_can.o(i.HAL_CAN_ConfigFilter)
    i.HAL_CAN_ErrorCallback                  0x080006a2   Section        0  stm32f1xx_hal_can.o(i.HAL_CAN_ErrorCallback)
    i.HAL_CAN_GetRxMessage                   0x080006a4   Section        0  stm32f1xx_hal_can.o(i.HAL_CAN_GetRxMessage)
    i.HAL_CAN_GetTxMailboxesFreeLevel        0x0800081e   Section        0  stm32f1xx_hal_can.o(i.HAL_CAN_GetTxMailboxesFreeLevel)
    i.HAL_CAN_IRQHandler                     0x08000854   Section        0  stm32f1xx_hal_can.o(i.HAL_CAN_IRQHandler)
    i.HAL_CAN_Init                           0x08000aa2   Section        0  stm32f1xx_hal_can.o(i.HAL_CAN_Init)
    i.HAL_CAN_IsTxMessagePending             0x08000c16   Section        0  stm32f1xx_hal_can.o(i.HAL_CAN_IsTxMessagePending)
    i.HAL_CAN_MspInit                        0x08000c3c   Section        0  stm32f1xx_hal_msp.o(i.HAL_CAN_MspInit)
    i.HAL_CAN_RxFifo0FullCallback            0x08000cc0   Section        0  stm32f1xx_hal_can.o(i.HAL_CAN_RxFifo0FullCallback)
    i.HAL_CAN_RxFifo0MsgPendingCallback      0x08000cc4   Section        0  can.o(i.HAL_CAN_RxFifo0MsgPendingCallback)
    i.HAL_CAN_RxFifo1FullCallback            0x08000d70   Section        0  stm32f1xx_hal_can.o(i.HAL_CAN_RxFifo1FullCallback)
    i.HAL_CAN_RxFifo1MsgPendingCallback      0x08000d72   Section        0  stm32f1xx_hal_can.o(i.HAL_CAN_RxFifo1MsgPendingCallback)
    i.HAL_CAN_SleepCallback                  0x08000d74   Section        0  stm32f1xx_hal_can.o(i.HAL_CAN_SleepCallback)
    i.HAL_CAN_Start                          0x08000d76   Section        0  stm32f1xx_hal_can.o(i.HAL_CAN_Start)
    i.HAL_CAN_TxMailbox0AbortCallback        0x08000dd4   Section        0  stm32f1xx_hal_can.o(i.HAL_CAN_TxMailbox0AbortCallback)
    i.HAL_CAN_TxMailbox0CompleteCallback     0x08000dd6   Section        0  stm32f1xx_hal_can.o(i.HAL_CAN_TxMailbox0CompleteCallback)
    i.HAL_CAN_TxMailbox1AbortCallback        0x08000dd8   Section        0  stm32f1xx_hal_can.o(i.HAL_CAN_TxMailbox1AbortCallback)
    i.HAL_CAN_TxMailbox1CompleteCallback     0x08000dda   Section        0  stm32f1xx_hal_can.o(i.HAL_CAN_TxMailbox1CompleteCallback)
    i.HAL_CAN_TxMailbox2AbortCallback        0x08000ddc   Section        0  stm32f1xx_hal_can.o(i.HAL_CAN_TxMailbox2AbortCallback)
    i.HAL_CAN_TxMailbox2CompleteCallback     0x08000dde   Section        0  stm32f1xx_hal_can.o(i.HAL_CAN_TxMailbox2CompleteCallback)
    i.HAL_CAN_WakeUpFromRxMsgCallback        0x08000de0   Section        0  stm32f1xx_hal_can.o(i.HAL_CAN_WakeUpFromRxMsgCallback)
    i.HAL_Delay                              0x08000de4   Section        0  stm32f1xx_hal.o(i.HAL_Delay)
    i.HAL_GPIO_Init                          0x08000e0c   Section        0  stm32f1xx_hal_gpio.o(i.HAL_GPIO_Init)
    i.HAL_GetTick                            0x0800112c   Section        0  stm32f1xx_hal.o(i.HAL_GetTick)
    i.HAL_IWDG_Init                          0x08001138   Section        0  stm32f1xx_hal_iwdg.o(i.HAL_IWDG_Init)
    i.HAL_IWDG_Refresh                       0x08001196   Section        0  stm32f1xx_hal_iwdg.o(i.HAL_IWDG_Refresh)
    i.HAL_IncTick                            0x080011a4   Section        0  stm32f1xx_hal.o(i.HAL_IncTick)
    i.HAL_Init                               0x080011bc   Section        0  stm32f1xx_hal.o(i.HAL_Init)
    i.HAL_InitTick                           0x080011e4   Section        0  stm32f1xx_hal.o(i.HAL_InitTick)
    i.HAL_MspInit                            0x08001230   Section        0  stm32f1xx_hal.o(i.HAL_MspInit)
    i.HAL_NVIC_EnableIRQ                     0x08001232   Section        0  stm32f1xx_hal_cortex.o(i.HAL_NVIC_EnableIRQ)
    i.HAL_NVIC_SetPriority                   0x08001252   Section        0  stm32f1xx_hal_cortex.o(i.HAL_NVIC_SetPriority)
    i.HAL_NVIC_SetPriorityGrouping           0x080012d0   Section        0  stm32f1xx_hal_cortex.o(i.HAL_NVIC_SetPriorityGrouping)
    i.HAL_RCC_ClockConfig                    0x080012f8   Section        0  stm32f1xx_hal_rcc.o(i.HAL_RCC_ClockConfig)
    i.HAL_RCC_GetSysClockFreq                0x08001484   Section        0  stm32f1xx_hal_rcc.o(i.HAL_RCC_GetSysClockFreq)
    i.HAL_RCC_OscConfig                      0x08001518   Section        0  stm32f1xx_hal_rcc.o(i.HAL_RCC_OscConfig)
    i.HAL_SYSTICK_Config                     0x0800197c   Section        0  stm32f1xx_hal_cortex.o(i.HAL_SYSTICK_Config)
    i.HAL_TIMEx_BreakCallback                0x080019b0   Section        0  stm32f1xx_hal_tim_ex.o(i.HAL_TIMEx_BreakCallback)
    i.HAL_TIMEx_CommutCallback               0x080019b2   Section        0  stm32f1xx_hal_tim_ex.o(i.HAL_TIMEx_CommutCallback)
    i.HAL_TIM_Base_Init                      0x080019b4   Section        0  stm32f1xx_hal_tim.o(i.HAL_TIM_Base_Init)
    i.HAL_TIM_Base_MspInit                   0x08001a1c   Section        0  stm32f1xx_hal_msp.o(i.HAL_TIM_Base_MspInit)
    i.HAL_TIM_Base_Start_IT                  0x08001a5c   Section        0  stm32f1xx_hal_tim.o(i.HAL_TIM_Base_Start_IT)
    i.HAL_TIM_IC_CaptureCallback             0x08001ad4   Section        0  stm32f1xx_hal_tim.o(i.HAL_TIM_IC_CaptureCallback)
    i.HAL_TIM_IRQHandler                     0x08001ad6   Section        0  stm32f1xx_hal_tim.o(i.HAL_TIM_IRQHandler)
    i.HAL_TIM_OC_DelayElapsedCallback        0x08001c6c   Section        0  stm32f1xx_hal_tim.o(i.HAL_TIM_OC_DelayElapsedCallback)
    i.HAL_TIM_PWM_PulseFinishedCallback      0x08001c6e   Section        0  stm32f1xx_hal_tim.o(i.HAL_TIM_PWM_PulseFinishedCallback)
    i.HAL_TIM_PeriodElapsedCallback          0x08001c70   Section        0  tim2.o(i.HAL_TIM_PeriodElapsedCallback)
    i.HAL_TIM_TriggerCallback                0x08001ccc   Section        0  stm32f1xx_hal_tim.o(i.HAL_TIM_TriggerCallback)
    i.HardFault_Handler                      0x08001cce   Section        0  stm32f1xx_it.o(i.HardFault_Handler)
    i.IWDG_Feed                              0x08001cd4   Section        0  iwdg.o(i.IWDG_Feed)
    i.IWDG_Init                              0x08001ce4   Section        0  iwdg.o(i.IWDG_Init)
    i.Led_Display                            0x08001d04   Section        0  led.o(i.Led_Display)
    i.Led_Init                               0x080022ac   Section        0  led.o(i.Led_Init)
    i.MemManage_Handler                      0x0800235c   Section        0  stm32f1xx_it.o(i.MemManage_Handler)
    i.NMI_Handler                            0x08002360   Section        0  stm32f1xx_it.o(i.NMI_Handler)
    i.OPT_CAN_Init                           0x08002364   Section        0  can.o(i.OPT_CAN_Init)
    i.OPT_CAN_Send                           0x080023f4   Section        0  can.o(i.OPT_CAN_Send)
    i.PendSV_Handler                         0x08002470   Section        0  stm32f1xx_it.o(i.PendSV_Handler)
    i.RCC_Delay                              0x08002474   Section        0  stm32f1xx_hal_rcc.o(i.RCC_Delay)
    RCC_Delay                                0x08002475   Thumb Code    36  stm32f1xx_hal_rcc.o(i.RCC_Delay)
    i.SVC_Handler                            0x0800249c   Section        0  stm32f1xx_it.o(i.SVC_Handler)
    i.Stm32_Clock_Init                       0x0800249e   Section        0  sys.o(i.Stm32_Clock_Init)
    i.SysTick_Handler                        0x080024f4   Section        0  stm32f1xx_it.o(i.SysTick_Handler)
    i.SystemInit                             0x080024fc   Section        0  system_stm32f1xx.o(i.SystemInit)
    i.TIM2_IRQHandler                        0x08002554   Section        0  stm32f1xx_it.o(i.TIM2_IRQHandler)
    i.TIM2_Init                              0x08002564   Section        0  tim2.o(i.TIM2_Init)
    i.TIM_Base_SetConfig                     0x080025a0   Section        0  stm32f1xx_hal_tim.o(i.TIM_Base_SetConfig)
    i.USB_LP_CAN1_RX0_IRQHandler             0x08002614   Section        0  stm32f1xx_it.o(i.USB_LP_CAN1_RX0_IRQHandler)
    i.UsageFault_Handler                     0x08002624   Section        0  stm32f1xx_it.o(i.UsageFault_Handler)
    i.VACheck                                0x08002628   Section        0  vacheck.o(i.VACheck)
    i.VACheck_GPIO_Init                      0x08003388   Section        0  vacheck.o(i.VACheck_GPIO_Init)
    i.__NVIC_GetPriorityGrouping             0x08003474   Section        0  stm32f1xx_hal_cortex.o(i.__NVIC_GetPriorityGrouping)
    __NVIC_GetPriorityGrouping               0x08003475   Thumb Code    10  stm32f1xx_hal_cortex.o(i.__NVIC_GetPriorityGrouping)
    i.__NVIC_SetPriority                     0x08003484   Section        0  stm32f1xx_hal_cortex.o(i.__NVIC_SetPriority)
    __NVIC_SetPriority                       0x08003485   Thumb Code    32  stm32f1xx_hal_cortex.o(i.__NVIC_SetPriority)
    i.main                                   0x080034ac   Section        0  main.o(i.main)
    .constdata                               0x08003628   Section       24  system_stm32f1xx.o(.constdata)
    .data                                    0x20000000   Section      102  main.o(.data)
    .data                                    0x20000068   Section        4  system_stm32f1xx.o(.data)
    .data                                    0x2000006c   Section        9  stm32f1xx_hal.o(.data)
    .bss                                     0x20000078   Section       92  can.o(.bss)
    .bss                                     0x200000d4   Section       12  iwdg.o(.bss)
    .bss                                     0x200000e0   Section       72  tim2.o(.bss)
    .bss                                     0x20000128   Section       96  libspace.o(.bss)
    HEAP                                     0x20000188   Section      512  startup_stm32f103xb.o(HEAP)
    Heap_Mem                                 0x20000188   Data         512  startup_stm32f103xb.o(HEAP)
    STACK                                    0x20000388   Section     1024  startup_stm32f103xb.o(STACK)
    Stack_Mem                                0x20000388   Data        1024  startup_stm32f103xb.o(STACK)
    __initial_sp                             0x20000788   Data           0  startup_stm32f103xb.o(STACK)

    Global Symbols

    Symbol Name                              Value     Ov Type        Size  Object(Section)

    BuildAttributes$$THM_ISAv4$P$D$K$B$S$PE$A:L22UL41UL21$X:L11$S22US41US21$IEEE1$IW$USESV6$~STKCKD$USESV7$~SHL$OSPACE$ROPI$EBA8$UX$STANDARDLIB$REQ8$PRES8$EABIv2 0x00000000   Number         0  anon$$obj.o ABSOLUTE
    __ARM_use_no_argv                        0x00000000   Number         0  main.o ABSOLUTE
    __ARM_exceptions_init                     - Undefined Weak Reference
    __alloca_initialize                       - Undefined Weak Reference
    __arm_fini_                               - Undefined Weak Reference
    __arm_preinit_                            - Undefined Weak Reference
    __cpp_initialize__aeabi_                  - Undefined Weak Reference
    __cxa_finalize                            - Undefined Weak Reference
    __rt_locale                               - Undefined Weak Reference
    __sigvec_lookup                           - Undefined Weak Reference
    _atexit_init                              - Undefined Weak Reference
    _call_atexit_fns                          - Undefined Weak Reference
    _clock_init                               - Undefined Weak Reference
    _fp_trap_init                             - Undefined Weak Reference
    _fp_trap_shutdown                         - Undefined Weak Reference
    _get_lc_collate                           - Undefined Weak Reference
    _get_lc_ctype                             - Undefined Weak Reference
    _get_lc_monetary                          - Undefined Weak Reference
    _get_lc_numeric                           - Undefined Weak Reference
    _get_lc_time                              - Undefined Weak Reference
    _getenv_init                              - Undefined Weak Reference
    _handle_redirection                       - Undefined Weak Reference
    _init_alloc                               - Undefined Weak Reference
    _init_user_alloc                          - Undefined Weak Reference
    _initio                                   - Undefined Weak Reference
    _rand_init                                - Undefined Weak Reference
    _signal_finish                            - Undefined Weak Reference
    _signal_init                              - Undefined Weak Reference
    _terminate_alloc                          - Undefined Weak Reference
    _terminate_user_alloc                     - Undefined Weak Reference
    _terminateio                              - Undefined Weak Reference
    __Vectors_Size                           0x000000ec   Number         0  startup_stm32f103xb.o ABSOLUTE
    __Vectors                                0x08000000   Data           4  startup_stm32f103xb.o(RESET)
    __Vectors_End                            0x080000ec   Data           0  startup_stm32f103xb.o(RESET)
    __main                                   0x080000ed   Thumb Code     8  __main.o(!!!main)
    __scatterload                            0x080000f5   Thumb Code     0  __scatter.o(!!!scatter)
    __scatterload_rt2                        0x080000f5   Thumb Code    44  __scatter.o(!!!scatter)
    __scatterload_rt2_thumb_only             0x080000f5   Thumb Code     0  __scatter.o(!!!scatter)
    __scatterload_null                       0x08000103   Thumb Code     0  __scatter.o(!!!scatter)
    __scatterload_copy                       0x08000129   Thumb Code    26  __scatter_copy.o(!!handler_copy)
    __scatterload_zeroinit                   0x08000145   Thumb Code    28  __scatter_zi.o(!!handler_zi)
    __rt_lib_init                            0x08000161   Thumb Code     0  libinit.o(.ARM.Collect$$libinit$$00000000)
    __rt_lib_init_alloca_1                   0x08000163   Thumb Code     0  libinit2.o(.ARM.Collect$$libinit$$0000002E)
    __rt_lib_init_argv_1                     0x08000163   Thumb Code     0  libinit2.o(.ARM.Collect$$libinit$$0000002C)
    __rt_lib_init_atexit_1                   0x08000163   Thumb Code     0  libinit2.o(.ARM.Collect$$libinit$$0000001B)
    __rt_lib_init_clock_1                    0x08000163   Thumb Code     0  libinit2.o(.ARM.Collect$$libinit$$00000021)
    __rt_lib_init_cpp_1                      0x08000163   Thumb Code     0  libinit2.o(.ARM.Collect$$libinit$$00000032)
    __rt_lib_init_exceptions_1               0x08000163   Thumb Code     0  libinit2.o(.ARM.Collect$$libinit$$00000030)
    __rt_lib_init_fp_1                       0x08000163   Thumb Code     0  libinit2.o(.ARM.Collect$$libinit$$00000002)
    __rt_lib_init_fp_trap_1                  0x08000163   Thumb Code     0  libinit2.o(.ARM.Collect$$libinit$$0000001F)
    __rt_lib_init_getenv_1                   0x08000163   Thumb Code     0  libinit2.o(.ARM.Collect$$libinit$$00000023)
    __rt_lib_init_heap_1                     0x08000163   Thumb Code     0  libinit2.o(.ARM.Collect$$libinit$$0000000A)
    __rt_lib_init_lc_collate_1               0x08000163   Thumb Code     0  libinit2.o(.ARM.Collect$$libinit$$00000011)
    __rt_lib_init_lc_ctype_1                 0x08000163   Thumb Code     0  libinit2.o(.ARM.Collect$$libinit$$00000013)
    __rt_lib_init_lc_monetary_1              0x08000163   Thumb Code     0  libinit2.o(.ARM.Collect$$libinit$$00000015)
    __rt_lib_init_lc_numeric_1               0x08000163   Thumb Code     0  libinit2.o(.ARM.Collect$$libinit$$00000017)
    __rt_lib_init_lc_time_1                  0x08000163   Thumb Code     0  libinit2.o(.ARM.Collect$$libinit$$00000019)
    __rt_lib_init_preinit_1                  0x08000163   Thumb Code     0  libinit2.o(.ARM.Collect$$libinit$$00000004)
    __rt_lib_init_rand_1                     0x08000163   Thumb Code     0  libinit2.o(.ARM.Collect$$libinit$$0000000E)
    __rt_lib_init_return                     0x08000163   Thumb Code     0  libinit2.o(.ARM.Collect$$libinit$$00000033)
    __rt_lib_init_signal_1                   0x08000163   Thumb Code     0  libinit2.o(.ARM.Collect$$libinit$$0000001D)
    __rt_lib_init_stdio_1                    0x08000163   Thumb Code     0  libinit2.o(.ARM.Collect$$libinit$$00000025)
    __rt_lib_init_user_alloc_1               0x08000163   Thumb Code     0  libinit2.o(.ARM.Collect$$libinit$$0000000C)
    __rt_lib_shutdown                        0x08000165   Thumb Code     0  libshutdown.o(.ARM.Collect$$libshutdown$$00000000)
    __rt_lib_shutdown_cpp_1                  0x08000167   Thumb Code     0  libshutdown2.o(.ARM.Collect$$libshutdown$$00000004)
    __rt_lib_shutdown_fini_1                 0x08000167   Thumb Code     0  libshutdown2.o(.ARM.Collect$$libshutdown$$00000002)
    __rt_lib_shutdown_fp_trap_1              0x08000167   Thumb Code     0  libshutdown2.o(.ARM.Collect$$libshutdown$$00000009)
    __rt_lib_shutdown_heap_1                 0x08000167   Thumb Code     0  libshutdown2.o(.ARM.Collect$$libshutdown$$00000011)
    __rt_lib_shutdown_return                 0x08000167   Thumb Code     0  libshutdown2.o(.ARM.Collect$$libshutdown$$00000012)
    __rt_lib_shutdown_signal_1               0x08000167   Thumb Code     0  libshutdown2.o(.ARM.Collect$$libshutdown$$0000000C)
    __rt_lib_shutdown_stdio_1                0x08000167   Thumb Code     0  libshutdown2.o(.ARM.Collect$$libshutdown$$00000006)
    __rt_lib_shutdown_user_alloc_1           0x08000167   Thumb Code     0  libshutdown2.o(.ARM.Collect$$libshutdown$$0000000E)
    __rt_entry                               0x08000169   Thumb Code     0  __rtentry.o(.ARM.Collect$$rtentry$$00000000)
    __rt_entry_presh_1                       0x08000169   Thumb Code     0  __rtentry2.o(.ARM.Collect$$rtentry$$00000002)
    __rt_entry_sh                            0x08000169   Thumb Code     0  __rtentry4.o(.ARM.Collect$$rtentry$$00000004)
    __rt_entry_li                            0x0800016f   Thumb Code     0  __rtentry2.o(.ARM.Collect$$rtentry$$0000000A)
    __rt_entry_postsh_1                      0x0800016f   Thumb Code     0  __rtentry2.o(.ARM.Collect$$rtentry$$00000009)
    __rt_entry_main                          0x08000173   Thumb Code     0  __rtentry2.o(.ARM.Collect$$rtentry$$0000000D)
    __rt_entry_postli_1                      0x08000173   Thumb Code     0  __rtentry2.o(.ARM.Collect$$rtentry$$0000000C)
    __rt_exit                                0x0800017b   Thumb Code     0  rtexit.o(.ARM.Collect$$rtexit$$00000000)
    __rt_exit_ls                             0x0800017d   Thumb Code     0  rtexit2.o(.ARM.Collect$$rtexit$$00000003)
    __rt_exit_prels_1                        0x0800017d   Thumb Code     0  rtexit2.o(.ARM.Collect$$rtexit$$00000002)
    __rt_exit_exit                           0x08000181   Thumb Code     0  rtexit2.o(.ARM.Collect$$rtexit$$00000004)
    Reset_Handler                            0x08000189   Thumb Code     8  startup_stm32f103xb.o(.text)
    ADC1_2_IRQHandler                        0x080001a3   Thumb Code     0  startup_stm32f103xb.o(.text)
    CAN1_RX1_IRQHandler                      0x080001a3   Thumb Code     0  startup_stm32f103xb.o(.text)
    CAN1_SCE_IRQHandler                      0x080001a3   Thumb Code     0  startup_stm32f103xb.o(.text)
    DMA1_Channel1_IRQHandler                 0x080001a3   Thumb Code     0  startup_stm32f103xb.o(.text)
    DMA1_Channel2_IRQHandler                 0x080001a3   Thumb Code     0  startup_stm32f103xb.o(.text)
    DMA1_Channel3_IRQHandler                 0x080001a3   Thumb Code     0  startup_stm32f103xb.o(.text)
    DMA1_Channel4_IRQHandler                 0x080001a3   Thumb Code     0  startup_stm32f103xb.o(.text)
    DMA1_Channel5_IRQHandler                 0x080001a3   Thumb Code     0  startup_stm32f103xb.o(.text)
    DMA1_Channel6_IRQHandler                 0x080001a3   Thumb Code     0  startup_stm32f103xb.o(.text)
    DMA1_Channel7_IRQHandler                 0x080001a3   Thumb Code     0  startup_stm32f103xb.o(.text)
    EXTI0_IRQHandler                         0x080001a3   Thumb Code     0  startup_stm32f103xb.o(.text)
    EXTI15_10_IRQHandler                     0x080001a3   Thumb Code     0  startup_stm32f103xb.o(.text)
    EXTI1_IRQHandler                         0x080001a3   Thumb Code     0  startup_stm32f103xb.o(.text)
    EXTI2_IRQHandler                         0x080001a3   Thumb Code     0  startup_stm32f103xb.o(.text)
    EXTI3_IRQHandler                         0x080001a3   Thumb Code     0  startup_stm32f103xb.o(.text)
    EXTI4_IRQHandler                         0x080001a3   Thumb Code     0  startup_stm32f103xb.o(.text)
    EXTI9_5_IRQHandler                       0x080001a3   Thumb Code     0  startup_stm32f103xb.o(.text)
    FLASH_IRQHandler                         0x080001a3   Thumb Code     0  startup_stm32f103xb.o(.text)
    I2C1_ER_IRQHandler                       0x080001a3   Thumb Code     0  startup_stm32f103xb.o(.text)
    I2C1_EV_IRQHandler                       0x080001a3   Thumb Code     0  startup_stm32f103xb.o(.text)
    I2C2_ER_IRQHandler                       0x080001a3   Thumb Code     0  startup_stm32f103xb.o(.text)
    I2C2_EV_IRQHandler                       0x080001a3   Thumb Code     0  startup_stm32f103xb.o(.text)
    PVD_IRQHandler                           0x080001a3   Thumb Code     0  startup_stm32f103xb.o(.text)
    RCC_IRQHandler                           0x080001a3   Thumb Code     0  startup_stm32f103xb.o(.text)
    RTC_Alarm_IRQHandler                     0x080001a3   Thumb Code     0  startup_stm32f103xb.o(.text)
    RTC_IRQHandler                           0x080001a3   Thumb Code     0  startup_stm32f103xb.o(.text)
    SPI1_IRQHandler                          0x080001a3   Thumb Code     0  startup_stm32f103xb.o(.text)
    SPI2_IRQHandler                          0x080001a3   Thumb Code     0  startup_stm32f103xb.o(.text)
    TAMPER_IRQHandler                        0x080001a3   Thumb Code     0  startup_stm32f103xb.o(.text)
    TIM1_BRK_IRQHandler                      0x080001a3   Thumb Code     0  startup_stm32f103xb.o(.text)
    TIM1_CC_IRQHandler                       0x080001a3   Thumb Code     0  startup_stm32f103xb.o(.text)
    TIM1_TRG_COM_IRQHandler                  0x080001a3   Thumb Code     0  startup_stm32f103xb.o(.text)
    TIM1_UP_IRQHandler                       0x080001a3   Thumb Code     0  startup_stm32f103xb.o(.text)
    TIM3_IRQHandler                          0x080001a3   Thumb Code     0  startup_stm32f103xb.o(.text)
    TIM4_IRQHandler                          0x080001a3   Thumb Code     0  startup_stm32f103xb.o(.text)
    USART1_IRQHandler                        0x080001a3   Thumb Code     0  startup_stm32f103xb.o(.text)
    USART2_IRQHandler                        0x080001a3   Thumb Code     0  startup_stm32f103xb.o(.text)
    USART3_IRQHandler                        0x080001a3   Thumb Code     0  startup_stm32f103xb.o(.text)
    USBWakeUp_IRQHandler                     0x080001a3   Thumb Code     0  startup_stm32f103xb.o(.text)
    USB_HP_CAN1_TX_IRQHandler                0x080001a3   Thumb Code     0  startup_stm32f103xb.o(.text)
    WWDG_IRQHandler                          0x080001a3   Thumb Code     0  startup_stm32f103xb.o(.text)
    __user_initial_stackheap                 0x080001a5   Thumb Code     0  startup_stm32f103xb.o(.text)
    __aeabi_llsr                             0x080001c9   Thumb Code     0  llushr.o(.text)
    _ll_ushift_r                             0x080001c9   Thumb Code    38  llushr.o(.text)
    __use_two_region_memory                  0x080001ef   Thumb Code     2  heapauxi.o(.text)
    __rt_heap_escrow$2region                 0x080001f1   Thumb Code     2  heapauxi.o(.text)
    __rt_heap_expand$2region                 0x080001f3   Thumb Code     2  heapauxi.o(.text)
    __user_setup_stackheap                   0x080001f5   Thumb Code    74  sys_stackheap_outer.o(.text)
    exit                                     0x0800023f   Thumb Code    18  exit.o(.text)
    __user_libspace                          0x08000251   Thumb Code     8  libspace.o(.text)
    __user_perproc_libspace                  0x08000251   Thumb Code     0  libspace.o(.text)
    __user_perthread_libspace                0x08000251   Thumb Code     0  libspace.o(.text)
    _sys_exit                                0x08000259   Thumb Code     8  sys_exit.o(.text)
    __I$use$semihosting                      0x08000265   Thumb Code     0  use_no_semi.o(.text)
    __use_no_semihosting_swi                 0x08000265   Thumb Code     2  use_no_semi.o(.text)
    __semihosting_library_function           0x08000267   Thumb Code     0  indicate_semi.o(.text)
    Board_Address_Get                        0x08000269   Thumb Code    88  board_address.o(i.Board_Address_Get)
    Board_Address_Init                       0x080002c9   Thumb Code    62  board_address.o(i.Board_Address_Init)
    BusFault_Handler                         0x08000311   Thumb Code     4  stm32f1xx_it.o(i.BusFault_Handler)
    Clear_Check_Count                        0x08000315   Thumb Code   100  vacheck.o(i.Clear_Check_Count)
    DebugMon_Handler                         0x080003d9   Thumb Code     2  stm32f1xx_it.o(i.DebugMon_Handler)
    Error_Handle                             0x080003dd   Thumb Code    10  tim2.o(i.Error_Handle)
    Error_Handler                            0x080003ed   Thumb Code    36  can.o(i.Error_Handler)
    HAL_CAN_ActivateNotification             0x08000419   Thumb Code    42  stm32f1xx_hal_can.o(i.HAL_CAN_ActivateNotification)
    HAL_CAN_AddTxMessage                     0x08000443   Thumb Code   342  stm32f1xx_hal_can.o(i.HAL_CAN_AddTxMessage)
    HAL_CAN_ConfigFilter                     0x08000599   Thumb Code   266  stm32f1xx_hal_can.o(i.HAL_CAN_ConfigFilter)
    HAL_CAN_ErrorCallback                    0x080006a3   Thumb Code     2  stm32f1xx_hal_can.o(i.HAL_CAN_ErrorCallback)
    HAL_CAN_GetRxMessage                     0x080006a5   Thumb Code   378  stm32f1xx_hal_can.o(i.HAL_CAN_GetRxMessage)
    HAL_CAN_GetTxMailboxesFreeLevel          0x0800081f   Thumb Code    54  stm32f1xx_hal_can.o(i.HAL_CAN_GetTxMailboxesFreeLevel)
    HAL_CAN_IRQHandler                       0x08000855   Thumb Code   590  stm32f1xx_hal_can.o(i.HAL_CAN_IRQHandler)
    HAL_CAN_Init                             0x08000aa3   Thumb Code   372  stm32f1xx_hal_can.o(i.HAL_CAN_Init)
    HAL_CAN_IsTxMessagePending               0x08000c17   Thumb Code    36  stm32f1xx_hal_can.o(i.HAL_CAN_IsTxMessagePending)
    HAL_CAN_MspInit                          0x08000c3d   Thumb Code   122  stm32f1xx_hal_msp.o(i.HAL_CAN_MspInit)
    HAL_CAN_RxFifo0FullCallback              0x08000cc1   Thumb Code     2  stm32f1xx_hal_can.o(i.HAL_CAN_RxFifo0FullCallback)
    HAL_CAN_RxFifo0MsgPendingCallback        0x08000cc5   Thumb Code   150  can.o(i.HAL_CAN_RxFifo0MsgPendingCallback)
    HAL_CAN_RxFifo1FullCallback              0x08000d71   Thumb Code     2  stm32f1xx_hal_can.o(i.HAL_CAN_RxFifo1FullCallback)
    HAL_CAN_RxFifo1MsgPendingCallback        0x08000d73   Thumb Code     2  stm32f1xx_hal_can.o(i.HAL_CAN_RxFifo1MsgPendingCallback)
    HAL_CAN_SleepCallback                    0x08000d75   Thumb Code     2  stm32f1xx_hal_can.o(i.HAL_CAN_SleepCallback)
    HAL_CAN_Start                            0x08000d77   Thumb Code    94  stm32f1xx_hal_can.o(i.HAL_CAN_Start)
    HAL_CAN_TxMailbox0AbortCallback          0x08000dd5   Thumb Code     2  stm32f1xx_hal_can.o(i.HAL_CAN_TxMailbox0AbortCallback)
    HAL_CAN_TxMailbox0CompleteCallback       0x08000dd7   Thumb Code     2  stm32f1xx_hal_can.o(i.HAL_CAN_TxMailbox0CompleteCallback)
    HAL_CAN_TxMailbox1AbortCallback          0x08000dd9   Thumb Code     2  stm32f1xx_hal_can.o(i.HAL_CAN_TxMailbox1AbortCallback)
    HAL_CAN_TxMailbox1CompleteCallback       0x08000ddb   Thumb Code     2  stm32f1xx_hal_can.o(i.HAL_CAN_TxMailbox1CompleteCallback)
    HAL_CAN_TxMailbox2AbortCallback          0x08000ddd   Thumb Code     2  stm32f1xx_hal_can.o(i.HAL_CAN_TxMailbox2AbortCallback)
    HAL_CAN_TxMailbox2CompleteCallback       0x08000ddf   Thumb Code     2  stm32f1xx_hal_can.o(i.HAL_CAN_TxMailbox2CompleteCallback)
    HAL_CAN_WakeUpFromRxMsgCallback          0x08000de1   Thumb Code     2  stm32f1xx_hal_can.o(i.HAL_CAN_WakeUpFromRxMsgCallback)
    HAL_Delay                                0x08000de5   Thumb Code    36  stm32f1xx_hal.o(i.HAL_Delay)
    HAL_GPIO_Init                            0x08000e0d   Thumb Code   766  stm32f1xx_hal_gpio.o(i.HAL_GPIO_Init)
    HAL_GetTick                              0x0800112d   Thumb Code     6  stm32f1xx_hal.o(i.HAL_GetTick)
    HAL_IWDG_Init                            0x08001139   Thumb Code    94  stm32f1xx_hal_iwdg.o(i.HAL_IWDG_Init)
    HAL_IWDG_Refresh                         0x08001197   Thumb Code    14  stm32f1xx_hal_iwdg.o(i.HAL_IWDG_Refresh)
    HAL_IncTick                              0x080011a5   Thumb Code    16  stm32f1xx_hal.o(i.HAL_IncTick)
    HAL_Init                                 0x080011bd   Thumb Code    34  stm32f1xx_hal.o(i.HAL_Init)
    HAL_InitTick                             0x080011e5   Thumb Code    64  stm32f1xx_hal.o(i.HAL_InitTick)
    HAL_MspInit                              0x08001231   Thumb Code     2  stm32f1xx_hal.o(i.HAL_MspInit)
    HAL_NVIC_EnableIRQ                       0x08001233   Thumb Code    32  stm32f1xx_hal_cortex.o(i.HAL_NVIC_EnableIRQ)
    HAL_NVIC_SetPriority                     0x08001253   Thumb Code   124  stm32f1xx_hal_cortex.o(i.HAL_NVIC_SetPriority)
    HAL_NVIC_SetPriorityGrouping             0x080012d1   Thumb Code    32  stm32f1xx_hal_cortex.o(i.HAL_NVIC_SetPriorityGrouping)
    HAL_RCC_ClockConfig                      0x080012f9   Thumb Code   376  stm32f1xx_hal_rcc.o(i.HAL_RCC_ClockConfig)
    HAL_RCC_GetSysClockFreq                  0x08001485   Thumb Code   116  stm32f1xx_hal_rcc.o(i.HAL_RCC_GetSysClockFreq)
    HAL_RCC_OscConfig                        0x08001519   Thumb Code  1114  stm32f1xx_hal_rcc.o(i.HAL_RCC_OscConfig)
    HAL_SYSTICK_Config                       0x0800197d   Thumb Code    52  stm32f1xx_hal_cortex.o(i.HAL_SYSTICK_Config)
    HAL_TIMEx_BreakCallback                  0x080019b1   Thumb Code     2  stm32f1xx_hal_tim_ex.o(i.HAL_TIMEx_BreakCallback)
    HAL_TIMEx_CommutCallback                 0x080019b3   Thumb Code     2  stm32f1xx_hal_tim_ex.o(i.HAL_TIMEx_CommutCallback)
    HAL_TIM_Base_Init                        0x080019b5   Thumb Code   102  stm32f1xx_hal_tim.o(i.HAL_TIM_Base_Init)
    HAL_TIM_Base_MspInit                     0x08001a1d   Thumb Code    58  stm32f1xx_hal_msp.o(i.HAL_TIM_Base_MspInit)
    HAL_TIM_Base_Start_IT                    0x08001a5d   Thumb Code   106  stm32f1xx_hal_tim.o(i.HAL_TIM_Base_Start_IT)
    HAL_TIM_IC_CaptureCallback               0x08001ad5   Thumb Code     2  stm32f1xx_hal_tim.o(i.HAL_TIM_IC_CaptureCallback)
    HAL_TIM_IRQHandler                       0x08001ad7   Thumb Code   406  stm32f1xx_hal_tim.o(i.HAL_TIM_IRQHandler)
    HAL_TIM_OC_DelayElapsedCallback          0x08001c6d   Thumb Code     2  stm32f1xx_hal_tim.o(i.HAL_TIM_OC_DelayElapsedCallback)
    HAL_TIM_PWM_PulseFinishedCallback        0x08001c6f   Thumb Code     2  stm32f1xx_hal_tim.o(i.HAL_TIM_PWM_PulseFinishedCallback)
    HAL_TIM_PeriodElapsedCallback            0x08001c71   Thumb Code    74  tim2.o(i.HAL_TIM_PeriodElapsedCallback)
    HAL_TIM_TriggerCallback                  0x08001ccd   Thumb Code     2  stm32f1xx_hal_tim.o(i.HAL_TIM_TriggerCallback)
    HardFault_Handler                        0x08001ccf   Thumb Code     4  stm32f1xx_it.o(i.HardFault_Handler)
    IWDG_Feed                                0x08001cd5   Thumb Code    10  iwdg.o(i.IWDG_Feed)
    IWDG_Init                                0x08001ce5   Thumb Code    24  iwdg.o(i.IWDG_Init)
    Led_Display                              0x08001d05   Thumb Code  1422  led.o(i.Led_Display)
    Led_Init                                 0x080022ad   Thumb Code   160  led.o(i.Led_Init)
    MemManage_Handler                        0x0800235d   Thumb Code     4  stm32f1xx_it.o(i.MemManage_Handler)
    NMI_Handler                              0x08002361   Thumb Code     2  stm32f1xx_it.o(i.NMI_Handler)
    OPT_CAN_Init                             0x08002365   Thumb Code   134  can.o(i.OPT_CAN_Init)
    OPT_CAN_Send                             0x080023f5   Thumb Code   112  can.o(i.OPT_CAN_Send)
    PendSV_Handler                           0x08002471   Thumb Code     2  stm32f1xx_it.o(i.PendSV_Handler)
    SVC_Handler                              0x0800249d   Thumb Code     2  stm32f1xx_it.o(i.SVC_Handler)
    Stm32_Clock_Init                         0x0800249f   Thumb Code    86  sys.o(i.Stm32_Clock_Init)
    SysTick_Handler                          0x080024f5   Thumb Code     8  stm32f1xx_it.o(i.SysTick_Handler)
    SystemInit                               0x080024fd   Thumb Code    70  system_stm32f1xx.o(i.SystemInit)
    TIM2_IRQHandler                          0x08002555   Thumb Code    10  stm32f1xx_it.o(i.TIM2_IRQHandler)
    TIM2_Init                                0x08002565   Thumb Code    54  tim2.o(i.TIM2_Init)
    TIM_Base_SetConfig                       0x080025a1   Thumb Code   104  stm32f1xx_hal_tim.o(i.TIM_Base_SetConfig)
    USB_LP_CAN1_RX0_IRQHandler               0x08002615   Thumb Code    10  stm32f1xx_it.o(i.USB_LP_CAN1_RX0_IRQHandler)
    UsageFault_Handler                       0x08002625   Thumb Code     4  stm32f1xx_it.o(i.UsageFault_Handler)
    VACheck                                  0x08002629   Thumb Code  3416  vacheck.o(i.VACheck)
    VACheck_GPIO_Init                        0x08003389   Thumb Code   216  vacheck.o(i.VACheck_GPIO_Init)
    main                                     0x080034ad   Thumb Code   332  main.o(i.main)
    AHBPrescTable                            0x08003628   Data          16  system_stm32f1xx.o(.constdata)
    APBPrescTable                            0x08003638   Data           8  system_stm32f1xx.o(.constdata)
    Region$$Table$$Base                      0x08003640   Number         0  anon$$obj.o(Region$$Table)
    Region$$Table$$Limit                     0x08003660   Number         0  anon$$obj.o(Region$$Table)
    Timer_Fg                                 0x20000000   Data           4  main.o(.data)
    Timer_Fg1                                0x20000004   Data           4  main.o(.data)
    Blink_Id                                 0x20000008   Data           1  main.o(.data)
    Blink_Id_Before                          0x20000009   Data           1  main.o(.data)
    BOARD_ADDRESS                            0x2000000a   Data           1  main.o(.data)
    Can_Buff                                 0x2000000b   Data           8  main.o(.data)
    Light_Buff                               0x20000013   Data           4  main.o(.data)
    CAN_Send_Fg                              0x20000017   Data           1  main.o(.data)
    CAN_Data_Read_Fg                         0x20000018   Data           1  main.o(.data)
    VACheck_Fg                               0x20000019   Data           1  main.o(.data)
    CAN_Send_Wait_Time                       0x2000001a   Data           2  main.o(.data)
    CAN_VACheck_Send_Fg                      0x2000001c   Data           1  main.o(.data)
    R1_Volatge_Count                         0x2000001e   Data           2  main.o(.data)
    R1_Current_Count                         0x20000020   Data           2  main.o(.data)
    Y1_Volatge_Count                         0x20000022   Data           2  main.o(.data)
    Y1_Current_Count                         0x20000024   Data           2  main.o(.data)
    G1_Volatge_Count                         0x20000026   Data           2  main.o(.data)
    G1_Current_Count                         0x20000028   Data           2  main.o(.data)
    R1_Volatge_Fg                            0x2000002a   Data           1  main.o(.data)
    R1_Current_Fg                            0x2000002b   Data           1  main.o(.data)
    Y1_Volatge_Fg                            0x2000002c   Data           1  main.o(.data)
    Y1_Current_Fg                            0x2000002d   Data           1  main.o(.data)
    G1_Volatge_Fg                            0x2000002e   Data           1  main.o(.data)
    G1_Current_Fg                            0x2000002f   Data           1  main.o(.data)
    R2_Volatge_Count                         0x20000030   Data           2  main.o(.data)
    R2_Current_Count                         0x20000032   Data           2  main.o(.data)
    Y2_Volatge_Count                         0x20000034   Data           2  main.o(.data)
    Y2_Current_Count                         0x20000036   Data           2  main.o(.data)
    G2_Volatge_Count                         0x20000038   Data           2  main.o(.data)
    G2_Current_Count                         0x2000003a   Data           2  main.o(.data)
    R2_Volatge_Fg                            0x2000003c   Data           1  main.o(.data)
    R2_Current_Fg                            0x2000003d   Data           1  main.o(.data)
    Y2_Volatge_Fg                            0x2000003e   Data           1  main.o(.data)
    Y2_Current_Fg                            0x2000003f   Data           1  main.o(.data)
    G2_Volatge_Fg                            0x20000040   Data           1  main.o(.data)
    G2_Current_Fg                            0x20000041   Data           1  main.o(.data)
    R3_Volatge_Count                         0x20000042   Data           2  main.o(.data)
    R3_Current_Count                         0x20000044   Data           2  main.o(.data)
    Y3_Volatge_Count                         0x20000046   Data           2  main.o(.data)
    Y3_Current_Count                         0x20000048   Data           2  main.o(.data)
    G3_Volatge_Count                         0x2000004a   Data           2  main.o(.data)
    G3_Current_Count                         0x2000004c   Data           2  main.o(.data)
    R3_Volatge_Fg                            0x2000004e   Data           1  main.o(.data)
    R3_Current_Fg                            0x2000004f   Data           1  main.o(.data)
    Y3_Volatge_Fg                            0x20000050   Data           1  main.o(.data)
    Y3_Current_Fg                            0x20000051   Data           1  main.o(.data)
    G3_Volatge_Fg                            0x20000052   Data           1  main.o(.data)
    G3_Current_Fg                            0x20000053   Data           1  main.o(.data)
    R4_Volatge_Count                         0x20000054   Data           2  main.o(.data)
    R4_Current_Count                         0x20000056   Data           2  main.o(.data)
    Y4_Volatge_Count                         0x20000058   Data           2  main.o(.data)
    Y4_Current_Count                         0x2000005a   Data           2  main.o(.data)
    G4_Volatge_Count                         0x2000005c   Data           2  main.o(.data)
    G4_Current_Count                         0x2000005e   Data           2  main.o(.data)
    R4_Volatge_Fg                            0x20000060   Data           1  main.o(.data)
    R4_Current_Fg                            0x20000061   Data           1  main.o(.data)
    Y4_Volatge_Fg                            0x20000062   Data           1  main.o(.data)
    Y4_Current_Fg                            0x20000063   Data           1  main.o(.data)
    G4_Volatge_Fg                            0x20000064   Data           1  main.o(.data)
    G4_Current_Fg                            0x20000065   Data           1  main.o(.data)
    SystemCoreClock                          0x20000068   Data           4  system_stm32f1xx.o(.data)
    uwTick                                   0x2000006c   Data           4  stm32f1xx_hal.o(.data)
    uwTickPrio                               0x20000070   Data           4  stm32f1xx_hal.o(.data)
    uwTickFreq                               0x20000074   Data           1  stm32f1xx_hal.o(.data)
    CAN_Handle                               0x20000078   Data          40  can.o(.bss)
    CAN_TxHeader                             0x200000a0   Data          24  can.o(.bss)
    CAN_RxHeader                             0x200000b8   Data          28  can.o(.bss)
    IWDG_Handler                             0x200000d4   Data          12  iwdg.o(.bss)
    TIM2_Handler                             0x200000e0   Data          72  tim2.o(.bss)
    __libspace_start                         0x20000128   Data          96  libspace.o(.bss)
    __temporary_stack_top$libspace           0x20000188   Data           0  libspace.o(.bss)



==============================================================================

Memory Map of the image

  Image Entry point : 0x080000ed

  Load Region LR_IROM1 (Base: 0x08000000, Size: 0x000036d8, Max: 0x00010000, ABSOLUTE)

    Execution Region ER_IROM1 (Exec base: 0x08000000, Load base: 0x08000000, Size: 0x00003660, Max: 0x00010000, ABSOLUTE)

    Exec Addr    Load Addr    Size         Type   Attr      Idx    E Section Name        Object

    0x08000000   0x08000000   0x000000ec   Data   RO          640    RESET               startup_stm32f103xb.o
    0x080000ec   0x080000ec   0x00000008   Code   RO         3064  * !!!main             c_w.l(__main.o)
    0x080000f4   0x080000f4   0x00000034   Code   RO         3223    !!!scatter          c_w.l(__scatter.o)
    0x08000128   0x08000128   0x0000001a   Code   RO         3225    !!handler_copy      c_w.l(__scatter_copy.o)
    0x08000142   0x08000142   0x00000002   PAD
    0x08000144   0x08000144   0x0000001c   Code   RO         3227    !!handler_zi        c_w.l(__scatter_zi.o)
    0x08000160   0x08000160   0x00000002   Code   RO         3091    .ARM.Collect$$libinit$$00000000  c_w.l(libinit.o)
    0x08000162   0x08000162   0x00000000   Code   RO         3098    .ARM.Collect$$libinit$$00000002  c_w.l(libinit2.o)
    0x08000162   0x08000162   0x00000000   Code   RO         3100    .ARM.Collect$$libinit$$00000004  c_w.l(libinit2.o)
    0x08000162   0x08000162   0x00000000   Code   RO         3103    .ARM.Collect$$libinit$$0000000A  c_w.l(libinit2.o)
    0x08000162   0x08000162   0x00000000   Code   RO         3105    .ARM.Collect$$libinit$$0000000C  c_w.l(libinit2.o)
    0x08000162   0x08000162   0x00000000   Code   RO         3107    .ARM.Collect$$libinit$$0000000E  c_w.l(libinit2.o)
    0x08000162   0x08000162   0x00000000   Code   RO         3110    .ARM.Collect$$libinit$$00000011  c_w.l(libinit2.o)
    0x08000162   0x08000162   0x00000000   Code   RO         3112    .ARM.Collect$$libinit$$00000013  c_w.l(libinit2.o)
    0x08000162   0x08000162   0x00000000   Code   RO         3114    .ARM.Collect$$libinit$$00000015  c_w.l(libinit2.o)
    0x08000162   0x08000162   0x00000000   Code   RO         3116    .ARM.Collect$$libinit$$00000017  c_w.l(libinit2.o)
    0x08000162   0x08000162   0x00000000   Code   RO         3118    .ARM.Collect$$libinit$$00000019  c_w.l(libinit2.o)
    0x08000162   0x08000162   0x00000000   Code   RO         3120    .ARM.Collect$$libinit$$0000001B  c_w.l(libinit2.o)
    0x08000162   0x08000162   0x00000000   Code   RO         3122    .ARM.Collect$$libinit$$0000001D  c_w.l(libinit2.o)
    0x08000162   0x08000162   0x00000000   Code   RO         3124    .ARM.Collect$$libinit$$0000001F  c_w.l(libinit2.o)
    0x08000162   0x08000162   0x00000000   Code   RO         3126    .ARM.Collect$$libinit$$00000021  c_w.l(libinit2.o)
    0x08000162   0x08000162   0x00000000   Code   RO         3128    .ARM.Collect$$libinit$$00000023  c_w.l(libinit2.o)
    0x08000162   0x08000162   0x00000000   Code   RO         3130    .ARM.Collect$$libinit$$00000025  c_w.l(libinit2.o)
    0x08000162   0x08000162   0x00000000   Code   RO         3134    .ARM.Collect$$libinit$$0000002C  c_w.l(libinit2.o)
    0x08000162   0x08000162   0x00000000   Code   RO         3136    .ARM.Collect$$libinit$$0000002E  c_w.l(libinit2.o)
    0x08000162   0x08000162   0x00000000   Code   RO         3138    .ARM.Collect$$libinit$$00000030  c_w.l(libinit2.o)
    0x08000162   0x08000162   0x00000000   Code   RO         3140    .ARM.Collect$$libinit$$00000032  c_w.l(libinit2.o)
    0x08000162   0x08000162   0x00000002   Code   RO         3141    .ARM.Collect$$libinit$$00000033  c_w.l(libinit2.o)
    0x08000164   0x08000164   0x00000002   Code   RO         3161    .ARM.Collect$$libshutdown$$00000000  c_w.l(libshutdown.o)
    0x08000166   0x08000166   0x00000000   Code   RO         3174    .ARM.Collect$$libshutdown$$00000002  c_w.l(libshutdown2.o)
    0x08000166   0x08000166   0x00000000   Code   RO         3176    .ARM.Collect$$libshutdown$$00000004  c_w.l(libshutdown2.o)
    0x08000166   0x08000166   0x00000000   Code   RO         3178    .ARM.Collect$$libshutdown$$00000006  c_w.l(libshutdown2.o)
    0x08000166   0x08000166   0x00000000   Code   RO         3181    .ARM.Collect$$libshutdown$$00000009  c_w.l(libshutdown2.o)
    0x08000166   0x08000166   0x00000000   Code   RO         3184    .ARM.Collect$$libshutdown$$0000000C  c_w.l(libshutdown2.o)
    0x08000166   0x08000166   0x00000000   Code   RO         3186    .ARM.Collect$$libshutdown$$0000000E  c_w.l(libshutdown2.o)
    0x08000166   0x08000166   0x00000000   Code   RO         3189    .ARM.Collect$$libshutdown$$00000011  c_w.l(libshutdown2.o)
    0x08000166   0x08000166   0x00000002   Code   RO         3190    .ARM.Collect$$libshutdown$$00000012  c_w.l(libshutdown2.o)
    0x08000168   0x08000168   0x00000000   Code   RO         3066    .ARM.Collect$$rtentry$$00000000  c_w.l(__rtentry.o)
    0x08000168   0x08000168   0x00000000   Code   RO         3068    .ARM.Collect$$rtentry$$00000002  c_w.l(__rtentry2.o)
    0x08000168   0x08000168   0x00000006   Code   RO         3080    .ARM.Collect$$rtentry$$00000004  c_w.l(__rtentry4.o)
    0x0800016e   0x0800016e   0x00000000   Code   RO         3070    .ARM.Collect$$rtentry$$00000009  c_w.l(__rtentry2.o)
    0x0800016e   0x0800016e   0x00000004   Code   RO         3071    .ARM.Collect$$rtentry$$0000000A  c_w.l(__rtentry2.o)
    0x08000172   0x08000172   0x00000000   Code   RO         3073    .ARM.Collect$$rtentry$$0000000C  c_w.l(__rtentry2.o)
    0x08000172   0x08000172   0x00000008   Code   RO         3074    .ARM.Collect$$rtentry$$0000000D  c_w.l(__rtentry2.o)
    0x0800017a   0x0800017a   0x00000002   Code   RO         3095    .ARM.Collect$$rtexit$$00000000  c_w.l(rtexit.o)
    0x0800017c   0x0800017c   0x00000000   Code   RO         3143    .ARM.Collect$$rtexit$$00000002  c_w.l(rtexit2.o)
    0x0800017c   0x0800017c   0x00000004   Code   RO         3144    .ARM.Collect$$rtexit$$00000003  c_w.l(rtexit2.o)
    0x08000180   0x08000180   0x00000006   Code   RO         3145    .ARM.Collect$$rtexit$$00000004  c_w.l(rtexit2.o)
    0x08000186   0x08000186   0x00000002   PAD
    0x08000188   0x08000188   0x00000040   Code   RO          641    .text               startup_stm32f103xb.o
    0x080001c8   0x080001c8   0x00000026   Code   RO         3060    .text               c_w.l(llushr.o)
    0x080001ee   0x080001ee   0x00000006   Code   RO         3062    .text               c_w.l(heapauxi.o)
    0x080001f4   0x080001f4   0x0000004a   Code   RO         3082    .text               c_w.l(sys_stackheap_outer.o)
    0x0800023e   0x0800023e   0x00000012   Code   RO         3084    .text               c_w.l(exit.o)
    0x08000250   0x08000250   0x00000008   Code   RO         3092    .text               c_w.l(libspace.o)
    0x08000258   0x08000258   0x0000000c   Code   RO         3153    .text               c_w.l(sys_exit.o)
    0x08000264   0x08000264   0x00000002   Code   RO         3164    .text               c_w.l(use_no_semi.o)
    0x08000266   0x08000266   0x00000000   Code   RO         3166    .text               c_w.l(indicate_semi.o)
    0x08000266   0x08000266   0x00000002   PAD
    0x08000268   0x08000268   0x00000060   Code   RO          572    i.Board_Address_Get  board_address.o
    0x080002c8   0x080002c8   0x00000048   Code   RO          573    i.Board_Address_Init  board_address.o
    0x08000310   0x08000310   0x00000004   Code   RO          241    i.BusFault_Handler  stm32f1xx_it.o
    0x08000314   0x08000314   0x000000c4   Code   RO          536    i.Clear_Check_Count  vacheck.o
    0x080003d8   0x080003d8   0x00000002   Code   RO          242    i.DebugMon_Handler  stm32f1xx_it.o
    0x080003da   0x080003da   0x00000002   PAD
    0x080003dc   0x080003dc   0x00000010   Code   RO          602    i.Error_Handle      tim2.o
    0x080003ec   0x080003ec   0x0000002c   Code   RO          421    i.Error_Handler     can.o
    0x08000418   0x08000418   0x0000002a   Code   RO          823    i.HAL_CAN_ActivateNotification  stm32f1xx_hal_can.o
    0x08000442   0x08000442   0x00000156   Code   RO          824    i.HAL_CAN_AddTxMessage  stm32f1xx_hal_can.o
    0x08000598   0x08000598   0x0000010a   Code   RO          825    i.HAL_CAN_ConfigFilter  stm32f1xx_hal_can.o
    0x080006a2   0x080006a2   0x00000002   Code   RO          828    i.HAL_CAN_ErrorCallback  stm32f1xx_hal_can.o
    0x080006a4   0x080006a4   0x0000017a   Code   RO          831    i.HAL_CAN_GetRxMessage  stm32f1xx_hal_can.o
    0x0800081e   0x0800081e   0x00000036   Code   RO          833    i.HAL_CAN_GetTxMailboxesFreeLevel  stm32f1xx_hal_can.o
    0x08000854   0x08000854   0x0000024e   Code   RO          835    i.HAL_CAN_IRQHandler  stm32f1xx_hal_can.o
    0x08000aa2   0x08000aa2   0x00000174   Code   RO          836    i.HAL_CAN_Init      stm32f1xx_hal_can.o
    0x08000c16   0x08000c16   0x00000024   Code   RO          838    i.HAL_CAN_IsTxMessagePending  stm32f1xx_hal_can.o
    0x08000c3a   0x08000c3a   0x00000002   PAD
    0x08000c3c   0x08000c3c   0x00000084   Code   RO          206    i.HAL_CAN_MspInit   stm32f1xx_hal_msp.o
    0x08000cc0   0x08000cc0   0x00000002   Code   RO          843    i.HAL_CAN_RxFifo0FullCallback  stm32f1xx_hal_can.o
    0x08000cc2   0x08000cc2   0x00000002   PAD
    0x08000cc4   0x08000cc4   0x000000ac   Code   RO          422    i.HAL_CAN_RxFifo0MsgPendingCallback  can.o
    0x08000d70   0x08000d70   0x00000002   Code   RO          845    i.HAL_CAN_RxFifo1FullCallback  stm32f1xx_hal_can.o
    0x08000d72   0x08000d72   0x00000002   Code   RO          846    i.HAL_CAN_RxFifo1MsgPendingCallback  stm32f1xx_hal_can.o
    0x08000d74   0x08000d74   0x00000002   Code   RO          847    i.HAL_CAN_SleepCallback  stm32f1xx_hal_can.o
    0x08000d76   0x08000d76   0x0000005e   Code   RO          848    i.HAL_CAN_Start     stm32f1xx_hal_can.o
    0x08000dd4   0x08000dd4   0x00000002   Code   RO          850    i.HAL_CAN_TxMailbox0AbortCallback  stm32f1xx_hal_can.o
    0x08000dd6   0x08000dd6   0x00000002   Code   RO          851    i.HAL_CAN_TxMailbox0CompleteCallback  stm32f1xx_hal_can.o
    0x08000dd8   0x08000dd8   0x00000002   Code   RO          852    i.HAL_CAN_TxMailbox1AbortCallback  stm32f1xx_hal_can.o
    0x08000dda   0x08000dda   0x00000002   Code   RO          853    i.HAL_CAN_TxMailbox1CompleteCallback  stm32f1xx_hal_can.o
    0x08000ddc   0x08000ddc   0x00000002   Code   RO          854    i.HAL_CAN_TxMailbox2AbortCallback  stm32f1xx_hal_can.o
    0x08000dde   0x08000dde   0x00000002   Code   RO          855    i.HAL_CAN_TxMailbox2CompleteCallback  stm32f1xx_hal_can.o
    0x08000de0   0x08000de0   0x00000002   Code   RO          857    i.HAL_CAN_WakeUpFromRxMsgCallback  stm32f1xx_hal_can.o
    0x08000de2   0x08000de2   0x00000002   PAD
    0x08000de4   0x08000de4   0x00000028   Code   RO          655    i.HAL_Delay         stm32f1xx_hal.o
    0x08000e0c   0x08000e0c   0x00000320   Code   RO         1575    i.HAL_GPIO_Init     stm32f1xx_hal_gpio.o
    0x0800112c   0x0800112c   0x0000000c   Code   RO          659    i.HAL_GetTick       stm32f1xx_hal.o
    0x08001138   0x08001138   0x0000005e   Code   RO         2944    i.HAL_IWDG_Init     stm32f1xx_hal_iwdg.o
    0x08001196   0x08001196   0x0000000e   Code   RO         2945    i.HAL_IWDG_Refresh  stm32f1xx_hal_iwdg.o
    0x080011a4   0x080011a4   0x00000018   Code   RO          665    i.HAL_IncTick       stm32f1xx_hal.o
    0x080011bc   0x080011bc   0x00000028   Code   RO          666    i.HAL_Init          stm32f1xx_hal.o
    0x080011e4   0x080011e4   0x0000004c   Code   RO          667    i.HAL_InitTick      stm32f1xx_hal.o
    0x08001230   0x08001230   0x00000002   Code   RO          669    i.HAL_MspInit       stm32f1xx_hal.o
    0x08001232   0x08001232   0x00000020   Code   RO         1076    i.HAL_NVIC_EnableIRQ  stm32f1xx_hal_cortex.o
    0x08001252   0x08001252   0x0000007c   Code   RO         1082    i.HAL_NVIC_SetPriority  stm32f1xx_hal_cortex.o
    0x080012ce   0x080012ce   0x00000002   PAD
    0x080012d0   0x080012d0   0x00000028   Code   RO         1083    i.HAL_NVIC_SetPriorityGrouping  stm32f1xx_hal_cortex.o
    0x080012f8   0x080012f8   0x0000018c   Code   RO         1800    i.HAL_RCC_ClockConfig  stm32f1xx_hal_rcc.o
    0x08001484   0x08001484   0x00000094   Code   RO         1809    i.HAL_RCC_GetSysClockFreq  stm32f1xx_hal_rcc.o
    0x08001518   0x08001518   0x00000464   Code   RO         1812    i.HAL_RCC_OscConfig  stm32f1xx_hal_rcc.o
    0x0800197c   0x0800197c   0x00000034   Code   RO         1087    i.HAL_SYSTICK_Config  stm32f1xx_hal_cortex.o
    0x080019b0   0x080019b0   0x00000002   Code   RO         2677    i.HAL_TIMEx_BreakCallback  stm32f1xx_hal_tim_ex.o
    0x080019b2   0x080019b2   0x00000002   Code   RO         2678    i.HAL_TIMEx_CommutCallback  stm32f1xx_hal_tim_ex.o
    0x080019b4   0x080019b4   0x00000066   Code   RO         1962    i.HAL_TIM_Base_Init  stm32f1xx_hal_tim.o
    0x08001a1a   0x08001a1a   0x00000002   PAD
    0x08001a1c   0x08001a1c   0x00000040   Code   RO          207    i.HAL_TIM_Base_MspInit  stm32f1xx_hal_msp.o
    0x08001a5c   0x08001a5c   0x00000078   Code   RO         1967    i.HAL_TIM_Base_Start_IT  stm32f1xx_hal_tim.o
    0x08001ad4   0x08001ad4   0x00000002   Code   RO         1996    i.HAL_TIM_IC_CaptureCallback  stm32f1xx_hal_tim.o
    0x08001ad6   0x08001ad6   0x00000196   Code   RO         2010    i.HAL_TIM_IRQHandler  stm32f1xx_hal_tim.o
    0x08001c6c   0x08001c6c   0x00000002   Code   RO         2013    i.HAL_TIM_OC_DelayElapsedCallback  stm32f1xx_hal_tim.o
    0x08001c6e   0x08001c6e   0x00000002   Code   RO         2040    i.HAL_TIM_PWM_PulseFinishedCallback  stm32f1xx_hal_tim.o
    0x08001c70   0x08001c70   0x0000005c   Code   RO          603    i.HAL_TIM_PeriodElapsedCallback  tim2.o
    0x08001ccc   0x08001ccc   0x00000002   Code   RO         2053    i.HAL_TIM_TriggerCallback  stm32f1xx_hal_tim.o
    0x08001cce   0x08001cce   0x00000004   Code   RO          243    i.HardFault_Handler  stm32f1xx_it.o
    0x08001cd2   0x08001cd2   0x00000002   PAD
    0x08001cd4   0x08001cd4   0x00000010   Code   RO          473    i.IWDG_Feed         iwdg.o
    0x08001ce4   0x08001ce4   0x00000020   Code   RO          474    i.IWDG_Init         iwdg.o
    0x08001d04   0x08001d04   0x000005a8   Code   RO          506    i.Led_Display       led.o
    0x080022ac   0x080022ac   0x000000b0   Code   RO          507    i.Led_Init          led.o
    0x0800235c   0x0800235c   0x00000004   Code   RO          244    i.MemManage_Handler  stm32f1xx_it.o
    0x08002360   0x08002360   0x00000002   Code   RO          245    i.NMI_Handler       stm32f1xx_it.o
    0x08002362   0x08002362   0x00000002   PAD
    0x08002364   0x08002364   0x00000090   Code   RO          423    i.OPT_CAN_Init      can.o
    0x080023f4   0x080023f4   0x0000007c   Code   RO          424    i.OPT_CAN_Send      can.o
    0x08002470   0x08002470   0x00000002   Code   RO          246    i.PendSV_Handler    stm32f1xx_it.o
    0x08002472   0x08002472   0x00000002   PAD
    0x08002474   0x08002474   0x00000028   Code   RO         1813    i.RCC_Delay         stm32f1xx_hal_rcc.o
    0x0800249c   0x0800249c   0x00000002   Code   RO          247    i.SVC_Handler       stm32f1xx_it.o
    0x0800249e   0x0800249e   0x00000056   Code   RO         3018    i.Stm32_Clock_Init  sys.o
    0x080024f4   0x080024f4   0x00000008   Code   RO          248    i.SysTick_Handler   stm32f1xx_it.o
    0x080024fc   0x080024fc   0x00000058   Code   RO          327    i.SystemInit        system_stm32f1xx.o
    0x08002554   0x08002554   0x00000010   Code   RO          249    i.TIM2_IRQHandler   stm32f1xx_it.o
    0x08002564   0x08002564   0x0000003c   Code   RO          604    i.TIM2_Init         tim2.o
    0x080025a0   0x080025a0   0x00000074   Code   RO         2055    i.TIM_Base_SetConfig  stm32f1xx_hal_tim.o
    0x08002614   0x08002614   0x00000010   Code   RO          250    i.USB_LP_CAN1_RX0_IRQHandler  stm32f1xx_it.o
    0x08002624   0x08002624   0x00000004   Code   RO          251    i.UsageFault_Handler  stm32f1xx_it.o
    0x08002628   0x08002628   0x00000d60   Code   RO          537    i.VACheck           vacheck.o
    0x08003388   0x08003388   0x000000ec   Code   RO          538    i.VACheck_GPIO_Init  vacheck.o
    0x08003474   0x08003474   0x00000010   Code   RO         1089    i.__NVIC_GetPriorityGrouping  stm32f1xx_hal_cortex.o
    0x08003484   0x08003484   0x00000028   Code   RO         1090    i.__NVIC_SetPriority  stm32f1xx_hal_cortex.o
    0x080034ac   0x080034ac   0x0000017c   Code   RO            4    i.main              main.o
    0x08003628   0x08003628   0x00000018   Data   RO          328    .constdata          system_stm32f1xx.o
    0x08003640   0x08003640   0x00000020   Data   RO         3221    Region$$Table       anon$$obj.o


    Execution Region RW_IRAM1 (Exec base: 0x20000000, Load base: 0x08003660, Size: 0x00000788, Max: 0x00005000, ABSOLUTE)

    Exec Addr    Load Addr    Size         Type   Attr      Idx    E Section Name        Object

    0x20000000   0x08003660   0x00000066   Data   RW            5    .data               main.o
    0x20000066   0x080036c6   0x00000002   PAD
    0x20000068   0x080036c8   0x00000004   Data   RW          329    .data               system_stm32f1xx.o
    0x2000006c   0x080036cc   0x00000009   Data   RW          673    .data               stm32f1xx_hal.o
    0x20000075   0x080036d5   0x00000003   PAD
    0x20000078        -       0x0000005c   Zero   RW          425    .bss                can.o
    0x200000d4        -       0x0000000c   Zero   RW          475    .bss                iwdg.o
    0x200000e0        -       0x00000048   Zero   RW          605    .bss                tim2.o
    0x20000128        -       0x00000060   Zero   RW         3093    .bss                c_w.l(libspace.o)
    0x20000188        -       0x00000200   Zero   RW          639    HEAP                startup_stm32f103xb.o
    0x20000388        -       0x00000400   Zero   RW          638    STACK               startup_stm32f103xb.o


==============================================================================

Image component sizes


      Code (inc. data)   RO Data    RW Data    ZI Data      Debug   Object Name

       168         18          0          0          0       1333   board_address.o
       484         52          0          0         92       2949   can.o
        48         14          0          0         12       1127   iwdg.o
      1624        118          0          0          0       2261   led.o
       380         48          0        102          0     433770   main.o
        64         26        236          0       1536        772   startup_stm32f103xb.o
       194         36          0          9          0       5747   stm32f1xx_hal.o
      2198          0          0          0          0      13594   stm32f1xx_hal_can.o
       304         22          0          0          0      28907   stm32f1xx_hal_cortex.o
       800         34          0          0          0       1896   stm32f1xx_hal_gpio.o
       108          0          0          0          0       1603   stm32f1xx_hal_iwdg.o
       196         16          0          0          0       1413   stm32f1xx_hal_msp.o
      1708         84          0          0          0       4020   stm32f1xx_hal_rcc.o
       752         26          0          0          0       4967   stm32f1xx_hal_tim.o
         4          0          0          0          0       1289   stm32f1xx_hal_tim_ex.o
        64         12          0          0          0       4329   stm32f1xx_it.o
        86          0          0          0          0        667   sys.o
        88         18         24          4          0        999   system_stm32f1xx.o
       168         30          0          0         72       1894   tim2.o
      3856        470          0          0          0       4218   vacheck.o

    ----------------------------------------------------------------------
     13312       1024        292        120       1712     517755   Object Totals
         0          0         32          0          0          0   (incl. Generated)
        18          0          0          5          0          0   (incl. Padding)

    ----------------------------------------------------------------------

      Code (inc. data)   RO Data    RW Data    ZI Data      Debug   Library Member Name

         8          0          0          0          0         68   __main.o
         0          0          0          0          0          0   __rtentry.o
        12          0          0          0          0          0   __rtentry2.o
         6          0          0          0          0          0   __rtentry4.o
        52          8          0          0          0          0   __scatter.o
        26          0          0          0          0          0   __scatter_copy.o
        28          0          0          0          0          0   __scatter_zi.o
        18          0          0          0          0         80   exit.o
         6          0          0          0          0        152   heapauxi.o
         0          0          0          0          0          0   indicate_semi.o
         2          0          0          0          0          0   libinit.o
         2          0          0          0          0          0   libinit2.o
         2          0          0          0          0          0   libshutdown.o
         2          0          0          0          0          0   libshutdown2.o
         8          4          0          0         96         68   libspace.o
        38          0          0          0          0         68   llushr.o
         2          0          0          0          0          0   rtexit.o
        10          0          0          0          0          0   rtexit2.o
        12          4          0          0          0         68   sys_exit.o
        74          0          0          0          0         80   sys_stackheap_outer.o
         2          0          0          0          0         68   use_no_semi.o

    ----------------------------------------------------------------------
       316         16          0          0         96        652   Library Totals
         6          0          0          0          0          0   (incl. Padding)

    ----------------------------------------------------------------------

      Code (inc. data)   RO Data    RW Data    ZI Data      Debug   Library Name

       310         16          0          0         96        652   c_w.l

    ----------------------------------------------------------------------
       316         16          0          0         96        652   Library Totals

    ----------------------------------------------------------------------

==============================================================================


      Code (inc. data)   RO Data    RW Data    ZI Data      Debug   

     13628       1040        292        120       1808     514139   Grand Totals
     13628       1040        292        120       1808     514139   ELF Image Totals
     13628       1040        292        120          0          0   ROM Totals

==============================================================================

    Total RO  Size (Code + RO Data)                13920 (  13.59kB)
    Total RW  Size (RW Data + ZI Data)              1928 (   1.88kB)
    Total ROM Size (Code + RO Data + RW Data)      14040 (  13.71kB)

==============================================================================

