Component: ARM Compiler 5.06 update 7 (build 960) Tool: armlink [4d3601]

==============================================================================

Section Cross References

    main.o(i.main) refers to stm32f1xx_hal.o(i.HAL_Init) for HAL_Init
    main.o(i.main) refers to system_clock.o(i.System_Clock_Init) for System_Clock_Init
    main.o(i.main) refers to iwdg.o(i.IWDG_Init) for IWDG_Init
    main.o(i.main) refers to tim2.o(i.TIM2_Init) for TIM2_Init
    main.o(i.main) refers to gpio.o(i.GPIO_Init) for GPIO_Init
    main.o(i.main) refers to can1.o(i.CAN1_Init) for CAN1_Init
    main.o(i.main) refers to uart2.o(i.UART2_Init) for UART2_Init
    main.o(i.main) refers to uart2.o(i.JSY_DataRequest) for JSY_DataRequest
    main.o(i.main) refers to iwdg.o(i.IWDG_Feed) for IWDG_Feed
    main.o(i.main) refers to send_can.o(i.Seek_Pointer) for Seek_Pointer
    main.o(i.main) refers to send_can.o(i.Power_Reply) for Power_Reply
    main.o(i.main) refers to send_can.o(i.Light_Opt) for Light_Opt
    main.o(i.main) refers to opt_check.o(i.Check_Opt_Reply) for Check_Opt_Reply
    main.o(i.main) refers to main.o(.data) for TakeOver_Enable
    main.o(i.main) refers to main.o(.bss) for TakeOver_Structure_Use
    stm32f1xx_hal_msp.o(i.HAL_CAN_MspDeInit) refers to stm32f1xx_hal_gpio.o(i.HAL_GPIO_DeInit) for HAL_GPIO_DeInit
    stm32f1xx_hal_msp.o(i.HAL_CAN_MspDeInit) refers to stm32f1xx_hal_cortex.o(i.HAL_NVIC_DisableIRQ) for HAL_NVIC_DisableIRQ
    stm32f1xx_hal_msp.o(i.HAL_CAN_MspInit) refers to stm32f1xx_hal_gpio.o(i.HAL_GPIO_Init) for HAL_GPIO_Init
    stm32f1xx_hal_msp.o(i.HAL_CAN_MspInit) refers to stm32f1xx_hal_cortex.o(i.HAL_NVIC_SetPriority) for HAL_NVIC_SetPriority
    stm32f1xx_hal_msp.o(i.HAL_CAN_MspInit) refers to stm32f1xx_hal_cortex.o(i.HAL_NVIC_EnableIRQ) for HAL_NVIC_EnableIRQ
    stm32f1xx_hal_msp.o(i.HAL_TIM_Base_MspDeInit) refers to stm32f1xx_hal_cortex.o(i.HAL_NVIC_DisableIRQ) for HAL_NVIC_DisableIRQ
    stm32f1xx_hal_msp.o(i.HAL_TIM_Base_MspInit) refers to stm32f1xx_hal_cortex.o(i.HAL_NVIC_SetPriority) for HAL_NVIC_SetPriority
    stm32f1xx_hal_msp.o(i.HAL_TIM_Base_MspInit) refers to stm32f1xx_hal_cortex.o(i.HAL_NVIC_EnableIRQ) for HAL_NVIC_EnableIRQ
    stm32f1xx_hal_msp.o(i.HAL_UART_MspDeInit) refers to stm32f1xx_hal_gpio.o(i.HAL_GPIO_DeInit) for HAL_GPIO_DeInit
    stm32f1xx_hal_msp.o(i.HAL_UART_MspDeInit) refers to stm32f1xx_hal_dma.o(i.HAL_DMA_DeInit) for HAL_DMA_DeInit
    stm32f1xx_hal_msp.o(i.HAL_UART_MspDeInit) refers to stm32f1xx_hal_cortex.o(i.HAL_NVIC_DisableIRQ) for HAL_NVIC_DisableIRQ
    stm32f1xx_hal_msp.o(i.HAL_UART_MspDeInit) refers to main.o(.bss) for UART2Rx_DMA_Handle
    stm32f1xx_hal_msp.o(i.HAL_UART_MspInit) refers to stm32f1xx_hal_gpio.o(i.HAL_GPIO_Init) for HAL_GPIO_Init
    stm32f1xx_hal_msp.o(i.HAL_UART_MspInit) refers to stm32f1xx_hal_dma.o(i.HAL_DMA_Init) for HAL_DMA_Init
    stm32f1xx_hal_msp.o(i.HAL_UART_MspInit) refers to stm32f1xx_hal_cortex.o(i.HAL_NVIC_SetPriority) for HAL_NVIC_SetPriority
    stm32f1xx_hal_msp.o(i.HAL_UART_MspInit) refers to stm32f1xx_hal_cortex.o(i.HAL_NVIC_EnableIRQ) for HAL_NVIC_EnableIRQ
    stm32f1xx_hal_msp.o(i.HAL_UART_MspInit) refers to main.o(.bss) for UART2Rx_DMA_Handle
    stm32f1xx_it.o(i.CAN1_RX1_IRQHandler) refers to stm32f1xx_hal_can.o(i.HAL_CAN_IRQHandler) for HAL_CAN_IRQHandler
    stm32f1xx_it.o(i.CAN1_RX1_IRQHandler) refers to main.o(.bss) for CAN_Handle
    stm32f1xx_it.o(i.DMA1_Channel6_IRQHandler) refers to stm32f1xx_hal_dma.o(i.HAL_DMA_IRQHandler) for HAL_DMA_IRQHandler
    stm32f1xx_it.o(i.DMA1_Channel6_IRQHandler) refers to main.o(.bss) for POWER_UART2_Handle
    stm32f1xx_it.o(i.DMA1_Channel7_IRQHandler) refers to stm32f1xx_hal_dma.o(i.HAL_DMA_IRQHandler) for HAL_DMA_IRQHandler
    stm32f1xx_it.o(i.DMA1_Channel7_IRQHandler) refers to main.o(.bss) for POWER_UART2_Handle
    stm32f1xx_it.o(i.SysTick_Handler) refers to stm32f1xx_hal.o(i.HAL_IncTick) for HAL_IncTick
    stm32f1xx_it.o(i.TIM2_IRQHandler) refers to stm32f1xx_hal_tim.o(i.HAL_TIM_IRQHandler) for HAL_TIM_IRQHandler
    stm32f1xx_it.o(i.TIM2_IRQHandler) refers to main.o(.bss) for TIM2_Handle
    stm32f1xx_it.o(i.USART2_IRQHandler) refers to stm32f1xx_hal_uart.o(i.HAL_UART_IRQHandler) for HAL_UART_IRQHandler
    stm32f1xx_it.o(i.USART2_IRQHandler) refers to main.o(.bss) for POWER_UART2_Handle
    stm32f1xx_it.o(i.USB_LP_CAN1_RX0_IRQHandler) refers to stm32f1xx_hal_can.o(i.HAL_CAN_IRQHandler) for HAL_CAN_IRQHandler
    stm32f1xx_it.o(i.USB_LP_CAN1_RX0_IRQHandler) refers to main.o(.bss) for CAN_Handle
    system_stm32f1xx.o(i.SystemCoreClockUpdate) refers to system_stm32f1xx.o(.data) for SystemCoreClock
    system_stm32f1xx.o(i.SystemCoreClockUpdate) refers to system_stm32f1xx.o(.constdata) for AHBPrescTable
    can1.o(i.CAN1_Init) refers to stm32f1xx_hal_can.o(i.HAL_CAN_Init) for HAL_CAN_Init
    can1.o(i.CAN1_Init) refers to can1.o(i.CAN_Error_Handler) for CAN_Error_Handler
[...]
    Removing stm32f1xx_hal_uart.o(i.UART_DMATxAbortCallback), (56 bytes).
    Removing stm32f1xx_hal_uart.o(i.UART_DMATxOnlyAbortCallback), (24 bytes).
    Removing stm32f1xx_hal_uart.o(i.UART_Start_Receive_IT), (70 bytes).
    Removing stm32f1xx_hal_uart.o(i.UART_WaitOnFlagUntilTimeout), (108 bytes).

418 unused section(s) (total 32242 bytes) removed from the image.

==============================================================================

Image Symbol Table

    Local Symbols

    Symbol Name                              Value     Ov Type        Size  Object(Section)

    ../clib/angel/boardlib.s                 0x00000000   Number         0  boardinit3.o ABSOLUTE
    ../clib/angel/boardlib.s                 0x00000000   Number         0  boardshut.o ABSOLUTE
    ../clib/angel/boardlib.s                 0x00000000   Number         0  boardinit1.o ABSOLUTE
    ../clib/angel/boardlib.s                 0x00000000   Number         0  boardinit2.o ABSOLUTE
    ../clib/angel/handlers.s                 0x00000000   Number         0  __scatter_copy.o ABSOLUTE
    ../clib/angel/handlers.s                 0x00000000   Number         0  __scatter_zi.o ABSOLUTE
    ../clib/angel/kernel.s                   0x00000000   Number         0  rtexit.o ABSOLUTE
    ../clib/angel/kernel.s                   0x00000000   Number         0  __rtentry.o ABSOLUTE
    ../clib/angel/kernel.s                   0x00000000   Number         0  __rtentry2.o ABSOLUTE
    ../clib/angel/kernel.s                   0x00000000   Number         0  __rtentry4.o ABSOLUTE
    ../clib/angel/kernel.s                   0x00000000   Number         0  rtexit2.o ABSOLUTE
    ../clib/angel/rt.s                       0x00000000   Number         0  rt_raise.o ABSOLUTE
    ../clib/angel/scatter.s                  0x00000000   Number         0  __scatter.o ABSOLUTE
    ../clib/angel/startup.s                  0x00000000   Number         0  __main.o ABSOLUTE
    ../clib/angel/sys.s                      0x00000000   Number         0  libspace.o ABSOLUTE
    ../clib/angel/sys.s                      0x00000000   Number         0  indicate_semi.o ABSOLUTE
    ../clib/angel/sys.s                      0x00000000   Number         0  use_no_semi.o ABSOLUTE
    ../clib/angel/sys.s                      0x00000000   Number         0  sys_stackheap_outer.o ABSOLUTE
    ../clib/angel/sysapp.c                   0x00000000   Number         0  sys_exit.o ABSOLUTE
    ../clib/angel/sysapp.c                   0x00000000   Number         0  sys_command.o ABSOLUTE
    ../clib/angel/sysapp.c                   0x00000000   Number         0  sys_wrch.o ABSOLUTE
    ../clib/armsys.c                         0x00000000   Number         0  no_argv.o ABSOLUTE
    ../clib/armsys.c                         0x00000000   Number         0  _get_argv_nomalloc.o ABSOLUTE
    ../clib/armsys.c                         0x00000000   Number         0  argv_veneer.o ABSOLUTE
    ../clib/armsys.c                         0x00000000   Number         0  argv_veneer.o ABSOLUTE
    ../clib/heapalloc.c                      0x00000000   Number         0  hrguard.o ABSOLUTE
    ../clib/heapaux.c                        0x00000000   Number         0  heapauxi.o ABSOLUTE
    ../clib/libinit.s                        0x00000000   Number         0  libinit.o ABSOLUTE
    ../clib/libinit.s                        0x00000000   Number         0  libshutdown.o ABSOLUTE
    ../clib/libinit.s                        0x00000000   Number         0  libshutdown2.o ABSOLUTE
    ../clib/libinit.s                        0x00000000   Number         0  libinit2.o ABSOLUTE
    ../clib/longlong.s                       0x00000000   Number         0  llushr.o ABSOLUTE
    ../clib/signal.c                         0x00000000   Number         0  defsig_rtmem_outer.o ABSOLUTE
    ../clib/signal.c                         0x00000000   Number         0  defsig_cppl_inner.o ABSOLUTE
    ../clib/signal.c                         0x00000000   Number         0  defsig_segv_inner.o ABSOLUTE
    ../clib/signal.c                         0x00000000   Number         0  defsig_pvfn_inner.o ABSOLUTE
    ../clib/signal.c                         0x00000000   Number         0  defsig_rtmem_formal.o ABSOLUTE
    ../clib/signal.c                         0x00000000   Number         0  defsig_stak_inner.o ABSOLUTE
    ../clib/signal.c                         0x00000000   Number         0  defsig_fpe_inner.o ABSOLUTE
    ../clib/signal.c                         0x00000000   Number         0  defsig_rtred_inner.o ABSOLUTE
    ../clib/signal.c                         0x00000000   Number         0  defsig_abrt_inner.o ABSOLUTE
    ../clib/signal.c                         0x00000000   Number         0  defsig_other.o ABSOLUTE
    ../clib/signal.c                         0x00000000   Number         0  __raise.o ABSOLUTE
    ../clib/signal.c                         0x00000000   Number         0  defsig_rtmem_inner.o ABSOLUTE
    ../clib/signal.c                         0x00000000   Number         0  defsig_exit.o ABSOLUTE
    ../clib/signal.c                         0x00000000   Number         0  defsig_general.o ABSOLUTE
    ../clib/signal.s                         0x00000000   Number         0  defsig.o ABSOLUTE
    ../clib/stdlib.c                         0x00000000   Number         0  exit.o ABSOLUTE
    ../fplib/fpinit.s                        0x00000000   Number         0  fpinit.o ABSOLUTE
    ..\CORE\startup_stm32f103xb.s            0x00000000   Number         0  startup_stm32f103xb.o ABSOLUTE
    ..\HALLib\Src\stm32f1xx_hal.c            0x00000000   Number         0  stm32f1xx_hal.o ABSOLUTE
    ..\HALLib\Src\stm32f1xx_hal_can.c        0x00000000   Number         0  stm32f1xx_hal_can.o ABSOLUTE
    ..\HALLib\Src\stm32f1xx_hal_cec.c        0x00000000   Number         0  stm32f1xx_hal_cec.o ABSOLUTE
    ..\HALLib\Src\stm32f1xx_hal_cortex.c     0x00000000   Number         0  stm32f1xx_hal_cortex.o ABSOLUTE
    ..\HALLib\Src\stm32f1xx_hal_dma.c        0x00000000   Number         0  stm32f1xx_hal_dma.o ABSOLUTE
    ..\HALLib\Src\stm32f1xx_hal_exti.c       0x00000000   Number         0  stm32f1xx_hal_exti.o ABSOLUTE
    ..\HALLib\Src\stm32f1xx_hal_flash.c      0x00000000   Number         0  stm32f1xx_hal_flash.o ABSOLUTE
    ..\HALLib\Src\stm32f1xx_hal_flash_ex.c   0x00000000   Number         0  stm32f1xx_hal_flash_ex.o ABSOLUTE
    ..\HALLib\Src\stm32f1xx_hal_gpio.c       0x00000000   Number         0  stm32f1xx_hal_gpio.o ABSOLUTE
    ..\HALLib\Src\stm32f1xx_hal_gpio_ex.c    0x00000000   Number         0  stm32f1xx_hal_gpio_ex.o ABSOLUTE
    ..\HALLib\Src\stm32f1xx_hal_iwdg.c       0x00000000   Number         0  stm32f1xx_hal_iwdg.o ABSOLUTE
    ..\HALLib\Src\stm32f1xx_hal_pwr.c        0x00000000   Number         0  stm32f1xx_hal_pwr.o ABSOLUTE
    ..\HALLib\Src\stm32f1xx_hal_rcc.c        0x00000000   Number         0  stm32f1xx_hal_rcc.o ABSOLUTE
    ..\HALLib\Src\stm32f1xx_hal_rcc_ex.c     0x00000000   Number         0  stm32f1xx_hal_rcc_ex.o ABSOLUTE
    ..\HALLib\Src\stm32f1xx_hal_sram.c       0x00000000   Number         0  stm32f1xx_hal_sram.o ABSOLUTE
    ..\HALLib\Src\stm32f1xx_hal_tim.c        0x00000000   Number         0  stm32f1xx_hal_tim.o ABSOLUTE
    ..\HALLib\Src\stm32f1xx_hal_tim_ex.c     0x00000000   Number         0  stm32f1xx_hal_tim_ex.o ABSOLUTE
    ..\HALLib\Src\stm32f1xx_hal_uart.c       0x00000000   Number         0  stm32f1xx_hal_uart.o ABSOLUTE
    ..\HARDWARE\CAN1.c                       0x00000000   Number         0  can1.o ABSOLUTE
    ..\HARDWARE\GPIO.c                       0x00000000   Number         0  gpio.o ABSOLUTE
    ..\HARDWARE\IWDG.c                       0x00000000   Number         0  iwdg.o ABSOLUTE
    ..\HARDWARE\Opt_Check.c                  0x00000000   Number         0  opt_check.o ABSOLUTE
    ..\HARDWARE\Send_CAN.c                   0x00000000   Number         0  send_can.o ABSOLUTE
    ..\HARDWARE\System_Clock.c               0x00000000   Number         0  system_clock.o ABSOLUTE
    ..\HARDWARE\TIM2.c                       0x00000000   Number         0  tim2.o ABSOLUTE
    ..\HARDWARE\UART2.c                      0x00000000   Number         0  uart2.o ABSOLUTE
    ..\\HALLib\\Src\\stm32f1xx_hal.c         0x00000000   Number         0  stm32f1xx_hal.o ABSOLUTE
    ..\\HALLib\\Src\\stm32f1xx_hal_can.c     0x00000000   Number         0  stm32f1xx_hal_can.o ABSOLUTE
    ..\\HALLib\\Src\\stm32f1xx_hal_cec.c     0x00000000   Number         0  stm32f1xx_hal_cec.o ABSOLUTE
    ..\\HALLib\\Src\\stm32f1xx_hal_cortex.c  0x00000000   Number         0  stm32f1xx_hal_cortex.o ABSOLUTE
    ..\\HALLib\\Src\\stm32f1xx_hal_dma.c     0x00000000   Number         0  stm32f1xx_hal_dma.o ABSOLUTE
    ..\\HALLib\\Src\\stm32f1xx_hal_exti.c    0x00000000   Number         0  stm32f1xx_hal_exti.o ABSOLUTE
    ..\\HALLib\\Src\\stm32f1xx_hal_flash.c   0x00000000   Number         0  stm32f1xx_hal_flash.o ABSOLUTE
    ..\\HALLib\\Src\\stm32f1xx_hal_flash_ex.c 0x00000000   Number         0  stm32f1xx_hal_flash_ex.o ABSOLUTE
    ..\\HALLib\\Src\\stm32f1xx_hal_gpio.c    0x00000000   Number         0  stm32f1xx_hal_gpio.o ABSOLUTE
    ..\\HALLib\\Src\\stm32f1xx_hal_gpio_ex.c 0x00000000   Number         0  stm32f1xx_hal_gpio_ex.o ABSOLUTE
    ..\\HALLib\\Src\\stm32f1xx_hal_iwdg.c    0x00000000   Number         0  stm32f1xx_hal_iwdg.o ABSOLUTE
    ..\\HALLib\\Src\\stm32f1xx_hal_pwr.c     0x00000000   Number         0  stm32f1xx_hal_pwr.o ABSOLUTE
    ..\\HALLib\\Src\\stm32f1xx_hal_rcc.c     0x00000000   Number         0  stm32f1xx_hal_rcc.o ABSOLUTE
    ..\\HALLib\\Src\\stm32f1xx_hal_rcc_ex.c  0x00000000   Number         0  stm32f1xx_hal_rcc_ex.o ABSOLUTE
    ..\\HALLib\\Src\\stm32f1xx_hal_sram.c    0x00000000   Number         0  stm32f1xx_hal_sram.o ABSOLUTE
    ..\\HALLib\\Src\\stm32f1xx_hal_tim.c     0x00000000   Number         0  stm32f1xx_hal_tim.o ABSOLUTE
    ..\\HALLib\\Src\\stm32f1xx_hal_tim_ex.c  0x00000000   Number         0  stm32f1xx_hal_tim_ex.o ABSOLUTE
    ..\\HALLib\\Src\\stm32f1xx_hal_uart.c    0x00000000   Number         0  stm32f1xx_hal_uart.o ABSOLUTE
    ..\\HARDWARE\\CAN1.c                     0x00000000   Number         0  can1.o ABSOLUTE
    ..\\HARDWARE\\GPIO.c                     0x00000000   Number         0  gpio.o ABSOLUTE
    ..\\HARDWARE\\IWDG.c                     0x00000000   Number         0  iwdg.o ABSOLUTE
    ..\\HARDWARE\\Opt_Check.c                0x00000000   Number         0  opt_check.o ABSOLUTE
    ..\\HARDWARE\\Send_CAN.c                 0x00000000   Number         0  send_can.o ABSOLUTE
    ..\\HARDWARE\\System_Clock.c             0x00000000   Number         0  system_clock.o ABSOLUTE
    ..\\HARDWARE\\TIM2.c                     0x00000000   Number         0  tim2.o ABSOLUTE
    ..\\HARDWARE\\UART2.c                    0x00000000   Number         0  uart2.o ABSOLUTE
    dc.s                                     0x00000000   Number         0  dc.o ABSOLUTE
    main.c                                   0x00000000   Number         0  main.o ABSOLUTE
    main.c                                   0x00000000   Number         0  main.o ABSOLUTE
    stm32f1xx_hal_msp.c                      0x00000000   Number         0  stm32f1xx_hal_msp.o ABSOLUTE
    stm32f1xx_hal_msp.c                      0x00000000   Number         0  stm32f1xx_hal_msp.o ABSOLUTE
    stm32f1xx_it.c                           0x00000000   Number         0  stm32f1xx_it.o ABSOLUTE
    stm32f1xx_it.c                           0x00000000   Number         0  stm32f1xx_it.o ABSOLUTE
    system_stm32f1xx.c                       0x00000000   Number         0  system_stm32f1xx.o ABSOLUTE
    system_stm32f1xx.c                       0x00000000   Number         0  system_stm32f1xx.o ABSOLUTE
    RESET                                    0x08000000   Section      236  startup_stm32f103xb.o(RESET)
    !!!main                                  0x080000ec   Section        8  __main.o(!!!main)
    !!!scatter                               0x080000f4   Section       52  __scatter.o(!!!scatter)
    !!handler_copy                           0x08000128   Section       26  __scatter_copy.o(!!handler_copy)
    !!handler_zi                             0x08000144   Section       28  __scatter_zi.o(!!handler_zi)
    .ARM.Collect$$libinit$$00000000          0x08000160   Section        2  libinit.o(.ARM.Collect$$libinit$$00000000)
    .ARM.Collect$$libinit$$00000002          0x08000162   Section        0  libinit2.o(.ARM.Collect$$libinit$$00000002)
    .ARM.Collect$$libinit$$00000004          0x08000162   Section        0  libinit2.o(.ARM.Collect$$libinit$$00000004)
    .ARM.Collect$$libinit$$0000000A          0x08000162   Section        0  libinit2.o(.ARM.Collect$$libinit$$0000000A)
    .ARM.Collect$$libinit$$0000000C          0x08000162   Section        0  libinit2.o(.ARM.Collect$$libinit$$0000000C)
    .ARM.Collect$$libinit$$0000000E          0x08000162   Section        0  libinit2.o(.ARM.Collect$$libinit$$0000000E)
    .ARM.Collect$$libinit$$00000011          0x08000162   Section        0  libinit2.o(.ARM.Collect$$libinit$$00000011)
    .ARM.Collect$$libinit$$00000013          0x08000162   Section        0  libinit2.o(.ARM.Collect$$libinit$$00000013)
    .ARM.Collect$$libinit$$00000015          0x08000162   Section        0  libinit2.o(.ARM.Collect$$libinit$$00000015)
    .ARM.Collect$$libinit$$00000017          0x08000162   Section        0  libinit2.o(.ARM.Collect$$libinit$$00000017)
    .ARM.Collect$$libinit$$00000019          0x08000162   Section        0  libinit2.o(.ARM.Collect$$libinit$$00000019)
    .ARM.Collect$$libinit$$0000001B          0x08000162   Section        0  libinit2.o(.ARM.Collect$$libinit$$0000001B)
    .ARM.Collect$$libinit$$0000001D          0x08000162   Section        0  libinit2.o(.ARM.Collect$$libinit$$0000001D)
    .ARM.Collect$$libinit$$0000001F          0x08000162   Section        0  libinit2.o(.ARM.Collect$$libinit$$0000001F)
    .ARM.Collect$$libinit$$00000021          0x08000162   Section        0  libinit2.o(.ARM.Collect$$libinit$$00000021)
    .ARM.Collect$$libinit$$00000023          0x08000162   Section        0  libinit2.o(.ARM.Collect$$libinit$$00000023)
    .ARM.Collect$$libinit$$00000025          0x08000162   Section        0  libinit2.o(.ARM.Collect$$libinit$$00000025)
    .ARM.Collect$$libinit$$0000002C          0x08000162   Section        0  libinit2.o(.ARM.Collect$$libinit$$0000002C)
    .ARM.Collect$$libinit$$0000002E          0x08000162   Section        0  libinit2.o(.ARM.Collect$$libinit$$0000002E)
    .ARM.Collect$$libinit$$00000030          0x08000162   Section        0  libinit2.o(.ARM.Collect$$libinit$$00000030)
    .ARM.Collect$$libinit$$00000032          0x08000162   Section        0  libinit2.o(.ARM.Collect$$libinit$$00000032)
    .ARM.Collect$$libinit$$00000033          0x08000162   Section        2  libinit2.o(.ARM.Collect$$libinit$$00000033)
    .ARM.Collect$$libshutdown$$00000000      0x08000164   Section        2  libshutdown.o(.ARM.Collect$$libshutdown$$00000000)
    .ARM.Collect$$libshutdown$$00000002      0x08000166   Section        0  libshutdown2.o(.ARM.Collect$$libshutdown$$00000002)
    .ARM.Collect$$libshutdown$$00000004      0x08000166   Section        0  libshutdown2.o(.ARM.Collect$$libshutdown$$00000004)
    .ARM.Collect$$libshutdown$$00000006      0x08000166   Section        0  libshutdown2.o(.ARM.Collect$$libshutdown$$00000006)
    .ARM.Collect$$libshutdown$$00000009      0x08000166   Section        0  libshutdown2.o(.ARM.Collect$$libshutdown$$00000009)
    .ARM.Collect$$libshutdown$$0000000C      0x08000166   Section        0  libshutdown2.o(.ARM.Collect$$libshutdown$$0000000C)
    .ARM.Collect$$libshutdown$$0000000E      0x08000166   Section        0  libshutdown2.o(.ARM.Collect$$libshutdown$$0000000E)
    .ARM.Collect$$libshutdown$$00000011      0x08000166   Section        0  libshutdown2.o(.ARM.Collect$$libshutdown$$00000011)
    .ARM.Collect$$libshutdown$$00000012      0x08000166   Section        2  libshutdown2.o(.ARM.Collect$$libshutdown$$00000012)
    .ARM.Collect$$rtentry$$00000000          0x08000168   Section        0  __rtentry.o(.ARM.Collect$$rtentry$$00000000)
    .ARM.Collect$$rtentry$$00000002          0x08000168   Section        0  __rtentry2.o(.ARM.Collect$$rtentry$$00000002)
    .ARM.Collect$$rtentry$$00000004          0x08000168   Section        6  __rtentry4.o(.ARM.Collect$$rtentry$$00000004)
    .ARM.Collect$$rtentry$$00000009          0x0800016e   Section        0  __rtentry2.o(.ARM.Collect$$rtentry$$00000009)
    .ARM.Collect$$rtentry$$0000000A          0x0800016e   Section        4  __rtentry2.o(.ARM.Collect$$rtentry$$0000000A)
    .ARM.Collect$$rtentry$$0000000C          0x08000172   Section        0  __rtentry2.o(.ARM.Collect$$rtentry$$0000000C)
    .ARM.Collect$$rtentry$$0000000D          0x08000172   Section        8  __rtentry2.o(.ARM.Collect$$rtentry$$0000000D)
    .ARM.Collect$$rtexit$$00000000           0x0800017a   Section        2  rtexit.o(.ARM.Collect$$rtexit$$00000000)
    .ARM.Collect$$rtexit$$00000002           0x0800017c   Section        0  rtexit2.o(.ARM.Collect$$rtexit$$00000002)
    .ARM.Collect$$rtexit$$00000003           0x0800017c   Section        4  rtexit2.o(.ARM.Collect$$rtexit$$00000003)
    .ARM.Collect$$rtexit$$00000004           0x08000180   Section        6  rtexit2.o(.ARM.Collect$$rtexit$$00000004)
    .text                                    0x08000188   Section       64  startup_stm32f103xb.o(.text)
    .text                                    0x080001c8   Section       38  llushr.o(.text)
    .text                                    0x080001ee   Section        0  heapauxi.o(.text)
    .text                                    0x080001f4   Section       74  sys_stackheap_outer.o(.text)
    .text                                    0x0800023e   Section        0  exit.o(.text)
    .text                                    0x08000250   Section        8  libspace.o(.text)
    .text                                    0x08000258   Section        0  sys_exit.o(.text)
    .text                                    0x08000264   Section        2  use_no_semi.o(.text)
    .text                                    0x08000266   Section        0  indicate_semi.o(.text)
    i.BusFault_Handler                       0x08000266   Section        0  stm32f1xx_it.o(i.BusFault_Handler)
    i.CAN1_Init                              0x0800026c   Section        0  can1.o(i.CAN1_Init)
    i.CAN1_RX1_IRQHandler                    0x08000324   Section        0  stm32f1xx_it.o(i.CAN1_RX1_IRQHandler)
    i.CAN_Error_Handler                      0x08000334   Section        0  can1.o(i.CAN_Error_Handler)
    i.Check_Opt_Reply                        0x08000344   Section        0  opt_check.o(i.Check_Opt_Reply)
    i.DMA1_Channel6_IRQHandler               0x080017b0   Section        0  stm32f1xx_it.o(i.DMA1_Channel6_IRQHandler)
    i.DMA1_Channel7_IRQHandler               0x080017c0   Section        0  stm32f1xx_it.o(i.DMA1_Channel7_IRQHandler)
    i.DMA_SetConfig                          0x080017d0   Section        0  stm32f1xx_hal_dma.o(i.DMA_SetConfig)
    DMA_SetConfig                            0x080017d1   Thumb Code    44  stm32f1xx_hal_dma.o(i.DMA_SetConfig)
    i.DebugMon_Handler                       0x080017fc   Section        0  stm32f1xx_it.o(i.DebugMon_Handler)
    i.GPIO_Init                              0x08001800   Section        0  gpio.o(i.GPIO_Init)
    i.HAL_CAN_ActivateNotification           0x08001894   Section        0  stm32f1xx_hal_can.o(i.HAL_CAN_ActivateNotification)
    i.HAL_CAN_AddTxMessage                   0x080018be   Section        0  stm32f1xx_hal_can.o(i.HAL_CAN_AddTxMessage)
    i.HAL_CAN_ConfigFilter                   0x08001a14   Section        0  stm32f1xx_hal_can.o(i.HAL_CAN_ConfigFilter)
    i.HAL_CAN_ErrorCallback                  0x08001b1e   Section        0  stm32f1xx_hal_can.o(i.HAL_CAN_ErrorCallback)
    i.HAL_CAN_GetRxMessage                   0x08001b20   Section        0  stm32f1xx_hal_can.o(i.HAL_CAN_GetRxMessage)
    i.HAL_CAN_GetTxMailboxesFreeLevel        0x08001c9a   Section        0  stm32f1xx_hal_can.o(i.HAL_CAN_GetTxMailboxesFreeLevel)
    i.HAL_CAN_IRQHandler                     0x08001cd0   Section        0  stm32f1xx_hal_can.o(i.HAL_CAN_IRQHandler)
    i.HAL_CAN_Init                           0x08001f1e   Section        0  stm32f1xx_hal_can.o(i.HAL_CAN_Init)
    i.HAL_CAN_IsTxMessagePending             0x08002092   Section        0  stm32f1xx_hal_can.o(i.HAL_CAN_IsTxMessagePending)
    i.HAL_CAN_MspInit                        0x080020b8   Section        0  stm32f1xx_hal_msp.o(i.HAL_CAN_MspInit)
    i.HAL_CAN_RxFifo0FullCallback            0x08002154   Section        0  stm32f1xx_hal_can.o(i.HAL_CAN_RxFifo0FullCallback)
    i.HAL_CAN_RxFifo0MsgPendingCallback      0x08002158   Section        0  can1.o(i.HAL_CAN_RxFifo0MsgPendingCallback)
    i.HAL_CAN_RxFifo1FullCallback            0x080022a8   Section        0  can1.o(i.HAL_CAN_RxFifo1FullCallback)
    i.HAL_CAN_RxFifo1MsgPendingCallback      0x08002498   Section        0  stm32f1xx_hal_can.o(i.HAL_CAN_RxFifo1MsgPendingCallback)
    i.HAL_CAN_SleepCallback                  0x0800249a   Section        0  stm32f1xx_hal_can.o(i.HAL_CAN_SleepCallback)
    i.HAL_CAN_Start                          0x0800249c   Section        0  stm32f1xx_hal_can.o(i.HAL_CAN_Start)
    i.HAL_CAN_TxMailbox0AbortCallback        0x080024fa   Section        0  stm32f1xx_hal_can.o(i.HAL_CAN_TxMailbox0AbortCallback)
    i.HAL_CAN_TxMailbox0CompleteCallback     0x080024fc   Section        0  stm32f1xx_hal_can.o(i.HAL_CAN_TxMailbox0CompleteCallback)
    i.HAL_CAN_TxMailbox1AbortCallback        0x080024fe   Section        0  stm32f1xx_hal_can.o(i.HAL_CAN_TxMailbox1AbortCallback)
    i.HAL_CAN_TxMailbox1CompleteCallback     0x08002500   Section        0  stm32f1xx_hal_can.o(i.HAL_CAN_TxMailbox1CompleteCallback)
    i.HAL_CAN_TxMailbox2AbortCallback        0x08002502   Section        0  stm32f1xx_hal_can.o(i.HAL_CAN_TxMailbox2AbortCallback)
    i.HAL_CAN_TxMailbox2CompleteCallback     0x08002504   Section        0  stm32f1xx_hal_can.o(i.HAL_CAN_TxMailbox2CompleteCallback)
    i.HAL_CAN_WakeUpFromRxMsgCallback        0x08002506   Section        0  stm32f1xx_hal_can.o(i.HAL_CAN_WakeUpFromRxMsgCallback)
    i.HAL_DMA_Abort                          0x08002508   Section        0  stm32f1xx_hal_dma.o(i.HAL_DMA_Abort)
    i.HAL_DMA_Abort_IT                       0x08002560   Section        0  stm32f1xx_hal_dma.o(i.HAL_DMA_Abort_IT)
    i.HAL_DMA_IRQHandler                     0x08002610   Section        0  stm32f1xx_hal_dma.o(i.HAL_DMA_IRQHandler)
    i.HAL_DMA_Init                           0x080027ac   Section        0  stm32f1xx_hal_dma.o(i.HAL_DMA_Init)
    i.HAL_DMA_Start_IT                       0x08002814   Section        0  stm32f1xx_hal_dma.o(i.HAL_DMA_Start_IT)
    i.HAL_GPIO_Init                          0x080028b0   Section        0  stm32f1xx_hal_gpio.o(i.HAL_GPIO_Init)
    i.HAL_GetTick                            0x08002bd0   Section        0  stm32f1xx_hal.o(i.HAL_GetTick)
    i.HAL_IWDG_Init                          0x08002bdc   Section        0  stm32f1xx_hal_iwdg.o(i.HAL_IWDG_Init)
    i.HAL_IWDG_Refresh                       0x08002c3a   Section        0  stm32f1xx_hal_iwdg.o(i.HAL_IWDG_Refresh)
    i.HAL_IncTick                            0x08002c48   Section        0  stm32f1xx_hal.o(i.HAL_IncTick)
    i.HAL_Init                               0x08002c60   Section        0  stm32f1xx_hal.o(i.HAL_Init)
    i.HAL_InitTick                           0x08002c88   Section        0  stm32f1xx_hal.o(i.HAL_InitTick)
    i.HAL_MspInit                            0x08002cd4   Section        0  stm32f1xx_hal.o(i.HAL_MspInit)
    i.HAL_NVIC_EnableIRQ                     0x08002cd6   Section        0  stm32f1xx_hal_cortex.o(i.HAL_NVIC_EnableIRQ)
    i.HAL_NVIC_SetPriority                   0x08002cf6   Section        0  stm32f1xx_hal_cortex.o(i.HAL_NVIC_SetPriority)
    i.HAL_NVIC_SetPriorityGrouping           0x08002d74   Section        0  stm32f1xx_hal_cortex.o(i.HAL_NVIC_SetPriorityGrouping)
    i.HAL_RCC_ClockConfig                    0x08002d9c   Section        0  stm32f1xx_hal_rcc.o(i.HAL_RCC_ClockConfig)
    i.HAL_RCC_GetHCLKFreq                    0x08002f28   Section        0  stm32f1xx_hal_rcc.o(i.HAL_RCC_GetHCLKFreq)
    i.HAL_RCC_GetPCLK1Freq                   0x08002f34   Section        0  stm32f1xx_hal_rcc.o(i.HAL_RCC_GetPCLK1Freq)
    i.HAL_RCC_GetPCLK2Freq                   0x08002f54   Section        0  stm32f1xx_hal_rcc.o(i.HAL_RCC_GetPCLK2Freq)
    i.HAL_RCC_GetSysClockFreq                0x08002f74   Section        0  stm32f1xx_hal_rcc.o(i.HAL_RCC_GetSysClockFreq)
    i.HAL_RCC_OscConfig                      0x08003008   Section        0  stm32f1xx_hal_rcc.o(i.HAL_RCC_OscConfig)
    i.HAL_SYSTICK_Config                     0x0800346c   Section        0  stm32f1xx_hal_cortex.o(i.HAL_SYSTICK_Config)
    i.HAL_TIMEx_BreakCallback                0x080034a0   Section        0  stm32f1xx_hal_tim_ex.o(i.HAL_TIMEx_BreakCallback)
    i.HAL_TIMEx_CommutCallback               0x080034a2   Section        0  stm32f1xx_hal_tim_ex.o(i.HAL_TIMEx_CommutCallback)
    i.HAL_TIM_Base_Init                      0x080034a4   Section        0  stm32f1xx_hal_tim.o(i.HAL_TIM_Base_Init)
    i.HAL_TIM_Base_MspInit                   0x0800350c   Section        0  stm32f1xx_hal_msp.o(i.HAL_TIM_Base_MspInit)
    i.HAL_TIM_Base_Start_IT                  0x0800354c   Section        0  stm32f1xx_hal_tim.o(i.HAL_TIM_Base_Start_IT)
    i.HAL_TIM_IC_CaptureCallback             0x080035c4   Section        0  stm32f1xx_hal_tim.o(i.HAL_TIM_IC_CaptureCallback)
    i.HAL_TIM_IRQHandler                     0x080035c6   Section        0  stm32f1xx_hal_tim.o(i.HAL_TIM_IRQHandler)
    i.HAL_TIM_OC_DelayElapsedCallback        0x0800375c   Section        0  stm32f1xx_hal_tim.o(i.HAL_TIM_OC_DelayElapsedCallback)
    i.HAL_TIM_PWM_PulseFinishedCallback      0x0800375e   Section        0  stm32f1xx_hal_tim.o(i.HAL_TIM_PWM_PulseFinishedCallback)
    i.HAL_TIM_PeriodElapsedCallback          0x08003760   Section        0  tim2.o(i.HAL_TIM_PeriodElapsedCallback)
    i.HAL_TIM_TriggerCallback                0x080037f0   Section        0  stm32f1xx_hal_tim.o(i.HAL_TIM_TriggerCallback)
    i.HAL_UARTEx_RxEventCallback             0x080037f2   Section        0  stm32f1xx_hal_uart.o(i.HAL_UARTEx_RxEventCallback)
    i.HAL_UART_ErrorCallback                 0x080037f4   Section        0  stm32f1xx_hal_uart.o(i.HAL_UART_ErrorCallback)
    i.HAL_UART_IRQHandler                    0x080037f8   Section        0  stm32f1xx_hal_uart.o(i.HAL_UART_IRQHandler)
    i.HAL_UART_Init                          0x08003a44   Section        0  stm32f1xx_hal_uart.o(i.HAL_UART_Init)
    i.HAL_UART_MspInit                       0x08003ab8   Section        0  stm32f1xx_hal_msp.o(i.HAL_UART_MspInit)
    i.HAL_UART_Receive_DMA                   0x08003c08   Section        0  stm32f1xx_hal_uart.o(i.HAL_UART_Receive_DMA)
    i.HAL_UART_RxCpltCallback                0x08003c4c   Section        0  uart2.o(i.HAL_UART_RxCpltCallback)
    i.HAL_UART_RxHalfCpltCallback            0x08003c88   Section        0  stm32f1xx_hal_uart.o(i.HAL_UART_RxHalfCpltCallback)
    i.HAL_UART_Transmit_DMA                  0x08003c8c   Section        0  stm32f1xx_hal_uart.o(i.HAL_UART_Transmit_DMA)
    i.HAL_UART_TxCpltCallback                0x08003d28   Section        0  uart2.o(i.HAL_UART_TxCpltCallback)
    i.HAL_UART_TxHalfCpltCallback            0x08003d48   Section        0  stm32f1xx_hal_uart.o(i.HAL_UART_TxHalfCpltCallback)
    i.HardFault_Handler                      0x08003d4a   Section        0  stm32f1xx_it.o(i.HardFault_Handler)
    i.IWDG_Feed                              0x08003d50   Section        0  iwdg.o(i.IWDG_Feed)
    i.IWDG_Init                              0x08003d60   Section        0  iwdg.o(i.IWDG_Init)
    i.JSY_DataRequest                        0x08003d80   Section        0  uart2.o(i.JSY_DataRequest)
    i.Light_Opt                              0x08003d9c   Section        0  send_can.o(i.Light_Opt)
    i.MemManage_Handler                      0x08003ec0   Section        0  stm32f1xx_it.o(i.MemManage_Handler)
    i.NMI_Handler                            0x08003ec4   Section        0  stm32f1xx_it.o(i.NMI_Handler)
    i.PendSV_Handler                         0x08003ec6   Section        0  stm32f1xx_it.o(i.PendSV_Handler)
    i.Power_CAN_Send                         0x08003ec8   Section        0  can1.o(i.Power_CAN_Send)
    i.Power_Reply                            0x08003f64   Section        0  send_can.o(i.Power_Reply)
    i.RCC_Delay                              0x080040a8   Section        0  stm32f1xx_hal_rcc.o(i.RCC_Delay)
    RCC_Delay                                0x080040a9   Thumb Code    36  stm32f1xx_hal_rcc.o(i.RCC_Delay)
    i.SVC_Handler                            0x080040d0   Section        0  stm32f1xx_it.o(i.SVC_Handler)
    i.Seek_Pointer                           0x080040d4   Section        0  send_can.o(i.Seek_Pointer)
    i.SysTick_Handler                        0x08004170   Section        0  stm32f1xx_it.o(i.SysTick_Handler)
    i.SystemInit                             0x08004178   Section        0  system_stm32f1xx.o(i.SystemInit)
    i.System_Clock_Init                      0x080041d0   Section        0  system_clock.o(i.System_Clock_Init)
    i.TIM2_Error_Handler                     0x08004228   Section        0  tim2.o(i.TIM2_Error_Handler)
    i.TIM2_IRQHandler                        0x08004238   Section        0  stm32f1xx_it.o(i.TIM2_IRQHandler)
    i.TIM2_Init                              0x08004248   Section        0  tim2.o(i.TIM2_Init)
    i.TIM_Base_SetConfig                     0x08004284   Section        0  stm32f1xx_hal_tim.o(i.TIM_Base_SetConfig)
    i.UART2_Init                             0x080042f8   Section        0  uart2.o(i.UART2_Init)
    i.UART_DMAAbortOnError                   0x08004328   Section        0  stm32f1xx_hal_uart.o(i.UART_DMAAbortOnError)
    UART_DMAAbortOnError                     0x08004329   Thumb Code    20  stm32f1xx_hal_uart.o(i.UART_DMAAbortOnError)
    i.UART_DMAError                          0x0800433c   Section        0  stm32f1xx_hal_uart.o(i.UART_DMAError)
    UART_DMAError                            0x0800433d   Thumb Code    80  stm32f1xx_hal_uart.o(i.UART_DMAError)
    i.UART_DMAReceiveCplt                    0x0800438c   Section        0  stm32f1xx_hal_uart.o(i.UART_DMAReceiveCplt)
    UART_DMAReceiveCplt                      0x0800438d   Thumb Code   104  stm32f1xx_hal_uart.o(i.UART_DMAReceiveCplt)
    i.UART_DMARxHalfCplt                     0x080043f4   Section        0  stm32f1xx_hal_uart.o(i.UART_DMARxHalfCplt)
    UART_DMARxHalfCplt                       0x080043f5   Thumb Code    32  stm32f1xx_hal_uart.o(i.UART_DMARxHalfCplt)
    i.UART_DMATransmitCplt                   0x08004414   Section        0  stm32f1xx_hal_uart.o(i.UART_DMATransmitCplt)
    UART_DMATransmitCplt                     0x08004415   Thumb Code    54  stm32f1xx_hal_uart.o(i.UART_DMATransmitCplt)
    i.UART_DMATxHalfCplt                     0x0800444a   Section        0  stm32f1xx_hal_uart.o(i.UART_DMATxHalfCplt)
    UART_DMATxHalfCplt                       0x0800444b   Thumb Code    14  stm32f1xx_hal_uart.o(i.UART_DMATxHalfCplt)
    i.UART_EndRxTransfer                     0x08004458   Section        0  stm32f1xx_hal_uart.o(i.UART_EndRxTransfer)
    UART_EndRxTransfer                       0x08004459   Thumb Code    54  stm32f1xx_hal_uart.o(i.UART_EndRxTransfer)
    i.UART_EndTransmit_IT                    0x0800448e   Section        0  stm32f1xx_hal_uart.o(i.UART_EndTransmit_IT)
    UART_EndTransmit_IT                      0x0800448f   Thumb Code    32  stm32f1xx_hal_uart.o(i.UART_EndTransmit_IT)
    i.UART_EndTxTransfer                     0x080044ae   Section        0  stm32f1xx_hal_uart.o(i.UART_EndTxTransfer)
    UART_EndTxTransfer                       0x080044af   Thumb Code    20  stm32f1xx_hal_uart.o(i.UART_EndTxTransfer)
    i.UART_Error_Handler                     0x080044c4   Section        0  uart2.o(i.UART_Error_Handler)
    i.UART_Receive_IT                        0x080044d4   Section        0  stm32f1xx_hal_uart.o(i.UART_Receive_IT)
    UART_Receive_IT                          0x080044d5   Thumb Code   228  stm32f1xx_hal_uart.o(i.UART_Receive_IT)
    i.UART_SetConfig                         0x080045b8   Section        0  stm32f1xx_hal_uart.o(i.UART_SetConfig)
    UART_SetConfig                           0x080045b9   Thumb Code   248  stm32f1xx_hal_uart.o(i.UART_SetConfig)
    i.UART_Start_Receive_DMA                 0x080046b4   Section        0  stm32f1xx_hal_uart.o(i.UART_Start_Receive_DMA)
    i.UART_Transmit_IT                       0x0800474c   Section        0  stm32f1xx_hal_uart.o(i.UART_Transmit_IT)
    UART_Transmit_IT                         0x0800474d   Thumb Code    96  stm32f1xx_hal_uart.o(i.UART_Transmit_IT)
    i.USART2_IRQHandler                      0x080047ac   Section        0  stm32f1xx_it.o(i.USART2_IRQHandler)
    i.USB_LP_CAN1_RX0_IRQHandler             0x080047bc   Section        0  stm32f1xx_it.o(i.USB_LP_CAN1_RX0_IRQHandler)
    i.UsageFault_Handler                     0x080047cc   Section        0  stm32f1xx_it.o(i.UsageFault_Handler)
    i.__NVIC_GetPriorityGrouping             0x080047d0   Section        0  stm32f1xx_hal_cortex.o(i.__NVIC_GetPriorityGrouping)
    __NVIC_GetPriorityGrouping               0x080047d1   Thumb Code    10  stm32f1xx_hal_cortex.o(i.__NVIC_GetPriorityGrouping)
    i.__NVIC_SetPriority                     0x080047e0   Section        0  stm32f1xx_hal_cortex.o(i.__NVIC_SetPriority)
    __NVIC_SetPriority                       0x080047e1   Thumb Code    32  stm32f1xx_hal_cortex.o(i.__NVIC_SetPriority)
    i.main                                   0x08004808   Section        0  main.o(i.main)
    .constdata                               0x08004a98   Section       24  system_stm32f1xx.o(.constdata)
    .data                                    0x20000000   Section       76  main.o(.data)
    .data                                    0x2000004c   Section        4  system_stm32f1xx.o(.data)
    .data                                    0x20000050   Section        9  stm32f1xx_hal.o(.data)
    .bss                                     0x2000005c   Section     6509  main.o(.bss)
    .bss                                     0x200019cc   Section       96  libspace.o(.bss)
    HEAP                                     0x20001a30   Section      512  startup_stm32f103xb.o(HEAP)
    Heap_Mem                                 0x20001a30   Data         512  startup_stm32f103xb.o(HEAP)
    STACK                                    0x20001c30   Section     1024  startup_stm32f103xb.o(STACK)
    Stack_Mem                                0x20001c30   Data        1024  startup_stm32f103xb.o(STACK)
    __initial_sp                             0x20002030   Data           0  startup_stm32f103xb.o(STACK)

    Global Symbols

    Symbol Name                              Value     Ov Type        Size  Object(Section)

    BuildAttributes$$THM_ISAv4$P$D$K$B$S$PE$A:L22UL41UL21$X:L11$S22US41US21$IEEE1$IW$USESV6$~STKCKD$USESV7$~SHL$OSPACE$ROPI$EBA8$UX$STANDARDLIB$REQ8$PRES8$EABIv2 0x00000000   Number         0  anon$$obj.o ABSOLUTE
    __ARM_use_no_argv                        0x00000000   Number         0  main.o ABSOLUTE
    __ARM_exceptions_init                     - Undefined Weak Reference
    __alloca_initialize                       - Undefined Weak Reference
    __arm_fini_                               - Undefined Weak Reference
    __arm_preinit_                            - Undefined Weak Reference
    __cpp_initialize__aeabi_                  - Undefined Weak Reference
    __cxa_finalize                            - Undefined Weak Reference
    __rt_locale                               - Undefined Weak Reference
    __sigvec_lookup                           - Undefined Weak Reference
    _atexit_init                              - Undefined Weak Reference
    _call_atexit_fns                          - Undefined Weak Reference
    _clock_init                               - Undefined Weak Reference
    _fp_trap_init                             - Undefined Weak Reference
    _fp_trap_shutdown                         - Undefined Weak Reference
    _get_lc_collate                           - Undefined Weak Reference
    _get_lc_ctype                             - Undefined Weak Reference
    _get_lc_monetary                          - Undefined Weak Reference
    _get_lc_numeric                           - Undefined Weak Reference
    _get_lc_time                              - Undefined Weak Reference
    _getenv_init                              - Undefined Weak Reference
    _handle_redirection                       - Undefined Weak Reference
    _init_alloc                               - Undefined Weak Reference
    _init_user_alloc                          - Undefined Weak Reference
    _initio                                   - Undefined Weak Reference
    _rand_init                                - Undefined Weak Reference
    _signal_finish                            - Undefined Weak Reference
    _signal_init                              - Undefined Weak Reference
    _terminate_alloc                          - Undefined Weak Reference
    _terminate_user_alloc                     - Undefined Weak Reference
    _terminateio                              - Undefined Weak Reference
    __Vectors_Size                           0x000000ec   Number         0  startup_stm32f103xb.o ABSOLUTE
    __Vectors                                0x08000000   Data           4  startup_stm32f103xb.o(RESET)
    __Vectors_End                            0x080000ec   Data           0  startup_stm32f103xb.o(RESET)
    __main                                   0x080000ed   Thumb Code     8  __main.o(!!!main)
    __scatterload                            0x080000f5   Thumb Code     0  __scatter.o(!!!scatter)
    __scatterload_rt2                        0x080000f5   Thumb Code    44  __scatter.o(!!!scatter)
    __scatterload_rt2_thumb_only             0x080000f5   Thumb Code     0  __scatter.o(!!!scatter)
    __scatterload_null                       0x08000103   Thumb Code     0  __scatter.o(!!!scatter)
    __scatterload_copy                       0x08000129   Thumb Code    26  __scatter_copy.o(!!handler_copy)
    __scatterload_zeroinit                   0x08000145   Thumb Code    28  __scatter_zi.o(!!handler_zi)
    __rt_lib_init                            0x08000161   Thumb Code     0  libinit.o(.ARM.Collect$$libinit$$00000000)
    __rt_lib_init_alloca_1                   0x08000163   Thumb Code     0  libinit2.o(.ARM.Collect$$libinit$$0000002E)
    __rt_lib_init_argv_1                     0x08000163   Thumb Code     0  libinit2.o(.ARM.Collect$$libinit$$0000002C)
    __rt_lib_init_atexit_1                   0x08000163   Thumb Code     0  libinit2.o(.ARM.Collect$$libinit$$0000001B)
    __rt_lib_init_clock_1                    0x08000163   Thumb Code     0  libinit2.o(.ARM.Collect$$libinit$$00000021)
    __rt_lib_init_cpp_1                      0x08000163   Thumb Code     0  libinit2.o(.ARM.Collect$$libinit$$00000032)
    __rt_lib_init_exceptions_1               0x08000163   Thumb Code     0  libinit2.o(.ARM.Collect$$libinit$$00000030)
    __rt_lib_init_fp_1                       0x08000163   Thumb Code     0  libinit2.o(.ARM.Collect$$libinit$$00000002)
    __rt_lib_init_fp_trap_1                  0x08000163   Thumb Code     0  libinit2.o(.ARM.Collect$$libinit$$0000001F)
    __rt_lib_init_getenv_1                   0x08000163   Thumb Code     0  libinit2.o(.ARM.Collect$$libinit$$00000023)
    __rt_lib_init_heap_1                     0x08000163   Thumb Code     0  libinit2.o(.ARM.Collect$$libinit$$0000000A)
    __rt_lib_init_lc_collate_1               0x08000163   Thumb Code     0  libinit2.o(.ARM.Collect$$libinit$$00000011)
    __rt_lib_init_lc_ctype_1                 0x08000163   Thumb Code     0  libinit2.o(.ARM.Collect$$libinit$$00000013)
    __rt_lib_init_lc_monetary_1              0x08000163   Thumb Code     0  libinit2.o(.ARM.Collect$$libinit$$00000015)
    __rt_lib_init_lc_numeric_1               0x08000163   Thumb Code     0  libinit2.o(.ARM.Collect$$libinit$$00000017)
    __rt_lib_init_lc_time_1                  0x08000163   Thumb Code     0  libinit2.o(.ARM.Collect$$libinit$$00000019)
    __rt_lib_init_preinit_1                  0x08000163   Thumb Code     0  libinit2.o(.ARM.Collect$$libinit$$00000004)
    __rt_lib_init_rand_1                     0x08000163   Thumb Code     0  libinit2.o(.ARM.Collect$$libinit$$0000000E)
    __rt_lib_init_return                     0x08000163   Thumb Code     0  libinit2.o(.ARM.Collect$$libinit$$00000033)
    __rt_lib_init_signal_1                   0x08000163   Thumb Code     0  libinit2.o(.ARM.Collect$$libinit$$0000001D)
    __rt_lib_init_stdio_1                    0x08000163   Thumb Code     0  libinit2.o(.ARM.Collect$$libinit$$00000025)
    __rt_lib_init_user_alloc_1               0x08000163   Thumb Code     0  libinit2.o(.ARM.Collect$$libinit$$0000000C)
    __rt_lib_shutdown                        0x08000165   Thumb Code     0  libshutdown.o(.ARM.Collect$$libshutdown$$00000000)
    __rt_lib_shutdown_cpp_1                  0x08000167   Thumb Code     0  libshutdown2.o(.ARM.Collect$$libshutdown$$00000004)
    __rt_lib_shutdown_fini_1                 0x08000167   Thumb Code     0  libshutdown2.o(.ARM.Collect$$libshutdown$$00000002)
    __rt_lib_shutdown_fp_trap_1              0x08000167   Thumb Code     0  libshutdown2.o(.ARM.Collect$$libshutdown$$00000009)
    __rt_lib_shutdown_heap_1                 0x08000167   Thumb Code     0  libshutdown2.o(.ARM.Collect$$libshutdown$$00000011)
    __rt_lib_shutdown_return                 0x08000167   Thumb Code     0  libshutdown2.o(.ARM.Collect$$libshutdown$$00000012)
    __rt_lib_shutdown_signal_1               0x08000167   Thumb Code     0  libshutdown2.o(.ARM.Collect$$libshutdown$$0000000C)
    __rt_lib_shutdown_stdio_1                0x08000167   Thumb Code     0  libshutdown2.o(.ARM.Collect$$libshutdown$$00000006)
    __rt_lib_shutdown_user_alloc_1           0x08000167   Thumb Code     0  libshutdown2.o(.ARM.Collect$$libshutdown$$0000000E)
    __rt_entry                               0x08000169   Thumb Code     0  __rtentry.o(.ARM.Collect$$rtentry$$00000000)
    __rt_entry_presh_1                       0x08000169   Thumb Code     0  __rtentry2.o(.ARM.Collect$$rtentry$$00000002)
    __rt_entry_sh                            0x08000169   Thumb Code     0  __rtentry4.o(.ARM.Collect$$rtentry$$00000004)
    __rt_entry_li                            0x0800016f   Thumb Code     0  __rtentry2.o(.ARM.Collect$$rtentry$$0000000A)
    __rt_entry_postsh_1                      0x0800016f   Thumb Code     0  __rtentry2.o(.ARM.Collect$$rtentry$$00000009)
    __rt_entry_main                          0x08000173   Thumb Code     0  __rtentry2.o(.ARM.Collect$$rtentry$$0000000D)
    __rt_entry_postli_1                      0x08000173   Thumb Code     0  __rtentry2.o(.ARM.Collect$$rtentry$$0000000C)
    __rt_exit                                0x0800017b   Thumb Code     0  rtexit.o(.ARM.Collect$$rtexit$$00000000)
    __rt_exit_ls                             0x0800017d   Thumb Code     0  rtexit2.o(.ARM.Collect$$rtexit$$00000003)
    __rt_exit_prels_1                        0x0800017d   Thumb Code     0  rtexit2.o(.ARM.Collect$$rtexit$$00000002)
    __rt_exit_exit                           0x08000181   Thumb Code     0  rtexit2.o(.ARM.Collect$$rtexit$$00000004)
    Reset_Handler                            0x08000189   Thumb Code     8  startup_stm32f103xb.o(.text)
    ADC1_2_IRQHandler                        0x080001a3   Thumb Code     0  startup_stm32f103xb.o(.text)
    CAN1_SCE_IRQHandler                      0x080001a3   Thumb Code     0  startup_stm32f103xb.o(.text)
    DMA1_Channel1_IRQHandler                 0x080001a3   Thumb Code     0  startup_stm32f103xb.o(.text)
    DMA1_Channel2_IRQHandler                 0x080001a3   Thumb Code     0  startup_stm32f103xb.o(.text)
    DMA1_Channel3_IRQHandler                 0x080001a3   Thumb Code     0  startup_stm32f103xb.o(.text)
    DMA1_Channel4_IRQHandler                 0x080001a3   Thumb Code     0  startup_stm32f103xb.o(.text)
    DMA1_Channel5_IRQHandler                 0x080001a3   Thumb Code     0  startup_stm32f103xb.o(.text)
    EXTI0_IRQHandler                         0x080001a3   Thumb Code     0  startup_stm32f103xb.o(.text)
    EXTI15_10_IRQHandler                     0x080001a3   Thumb Code     0  startup_stm32f103xb.o(.text)
    EXTI1_IRQHandler                         0x080001a3   Thumb Code     0  startup_stm32f103xb.o(.text)
    EXTI2_IRQHandler                         0x080001a3   Thumb Code     0  startup_stm32f103xb.o(.text)
    EXTI3_IRQHandler                         0x080001a3   Thumb Code     0  startup_stm32f103xb.o(.text)
    EXTI4_IRQHandler                         0x080001a3   Thumb Code     0  startup_stm32f103xb.o(.text)
    EXTI9_5_IRQHandler                       0x080001a3   Thumb Code     0  startup_stm32f103xb.o(.text)
    FLASH_IRQHandler                         0x080001a3   Thumb Code     0  startup_stm32f103xb.o(.text)
    I2C1_ER_IRQHandler                       0x080001a3   Thumb Code     0  startup_stm32f103xb.o(.text)
    I2C1_EV_IRQHandler                       0x080001a3   Thumb Code     0  startup_stm32f103xb.o(.text)
    I2C2_ER_IRQHandler                       0x080001a3   Thumb Code     0  startup_stm32f103xb.o(.text)
    I2C2_EV_IRQHandler                       0x080001a3   Thumb Code     0  startup_stm32f103xb.o(.text)
    PVD_IRQHandler                           0x080001a3   Thumb Code     0  startup_stm32f103xb.o(.text)
    RCC_IRQHandler                           0x080001a3   Thumb Code     0  startup_stm32f103xb.o(.text)
    RTC_Alarm_IRQHandler                     0x080001a3   Thumb Code     0  startup_stm32f103xb.o(.text)
    RTC_IRQHandler                           0x080001a3   Thumb Code     0  startup_stm32f103xb.o(.text)
    SPI1_IRQHandler                          0x080001a3   Thumb Code     0  startup_stm32f103xb.o(.text)
    SPI2_IRQHandler                          0x080001a3   Thumb Code     0  startup_stm32f103xb.o(.text)
    TAMPER_IRQHandler                        0x080001a3   Thumb Code     0  startup_stm32f103xb.o(.text)
    TIM1_BRK_IRQHandler                      0x080001a3   Thumb Code     0  startup_stm32f103xb.o(.text)
    TIM1_CC_IRQHandler                       0x080001a3   Thumb Code     0  startup_stm32f103xb.o(.text)
    TIM1_TRG_COM_IRQHandler                  0x080001a3   Thumb Code     0  startup_stm32f103xb.o(.text)
    TIM1_UP_IRQHandler                       0x080001a3   Thumb Code     0  startup_stm32f103xb.o(.text)
    TIM3_IRQHandler                          0x080001a3   Thumb Code     0  startup_stm32f103xb.o(.text)
    TIM4_IRQHandler                          0x080001a3   Thumb Code     0  startup_stm32f103xb.o(.text)
    USART1_IRQHandler                        0x080001a3   Thumb Code     0  startup_stm32f103xb.o(.text)
    USART3_IRQHandler                        0x080001a3   Thumb Code     0  startup_stm32f103xb.o(.text)
    USBWakeUp_IRQHandler                     0x080001a3   Thumb Code     0  startup_stm32f103xb.o(.text)
    USB_HP_CAN1_TX_IRQHandler                0x080001a3   Thumb Code     0  startup_stm32f103xb.o(.text)
    WWDG_IRQHandler                          0x080001a3   Thumb Code     0  startup_stm32f103xb.o(.text)
    __user_initial_stackheap                 0x080001a5   Thumb Code     0  startup_stm32f103xb.o(.text)
    __aeabi_llsr                             0x080001c9   Thumb Code     0  llushr.o(.text)
    _ll_ushift_r                             0x080001c9   Thumb Code    38  llushr.o(.text)
    __use_two_region_memory                  0x080001ef   Thumb Code     2  heapauxi.o(.text)
    __rt_heap_escrow$2region                 0x080001f1   Thumb Code     2  heapauxi.o(.text)
    __rt_heap_expand$2region                 0x080001f3   Thumb Code     2  heapauxi.o(.text)
    __user_setup_stackheap                   0x080001f5   Thumb Code    74  sys_stackheap_outer.o(.text)
    exit                                     0x0800023f   Thumb Code    18  exit.o(.text)
    __user_libspace                          0x08000251   Thumb Code     8  libspace.o(.text)
    __user_perproc_libspace                  0x08000251   Thumb Code     0  libspace.o(.text)
    __user_perthread_libspace                0x08000251   Thumb Code     0  libspace.o(.text)
    _sys_exit                                0x08000259   Thumb Code     8  sys_exit.o(.text)
    __I$use$semihosting                      0x08000265   Thumb Code     0  use_no_semi.o(.text)
    __use_no_semihosting_swi                 0x08000265   Thumb Code     2  use_no_semi.o(.text)
    BusFault_Handler                         0x08000267   Thumb Code     4  stm32f1xx_it.o(i.BusFault_Handler)
    __semihosting_library_function           0x08000267   Thumb Code     0  indicate_semi.o(.text)
    CAN1_Init                                0x0800026d   Thumb Code   174  can1.o(i.CAN1_Init)
    CAN1_RX1_IRQHandler                      0x08000325   Thumb Code    10  stm32f1xx_it.o(i.CAN1_RX1_IRQHandler)
    CAN_Error_Handler                        0x08000335   Thumb Code    10  can1.o(i.CAN_Error_Handler)
    Check_Opt_Reply                          0x08000345   Thumb Code  5200  opt_check.o(i.Check_Opt_Reply)
    DMA1_Channel6_IRQHandler                 0x080017b1   Thumb Code    12  stm32f1xx_it.o(i.DMA1_Channel6_IRQHandler)
    DMA1_Channel7_IRQHandler                 0x080017c1   Thumb Code    12  stm32f1xx_it.o(i.DMA1_Channel7_IRQHandler)
    DebugMon_Handler                         0x080017fd   Thumb Code     2  stm32f1xx_it.o(i.DebugMon_Handler)
    GPIO_Init                                0x08001801   Thumb Code   134  gpio.o(i.GPIO_Init)
    HAL_CAN_ActivateNotification             0x08001895   Thumb Code    42  stm32f1xx_hal_can.o(i.HAL_CAN_ActivateNotification)
    HAL_CAN_AddTxMessage                     0x080018bf   Thumb Code   342  stm32f1xx_hal_can.o(i.HAL_CAN_AddTxMessage)
    HAL_CAN_ConfigFilter                     0x08001a15   Thumb Code   266  stm32f1xx_hal_can.o(i.HAL_CAN_ConfigFilter)
    HAL_CAN_ErrorCallback                    0x08001b1f   Thumb Code     2  stm32f1xx_hal_can.o(i.HAL_CAN_ErrorCallback)
    HAL_CAN_GetRxMessage                     0x08001b21   Thumb Code   378  stm32f1xx_hal_can.o(i.HAL_CAN_GetRxMessage)
    HAL_CAN_GetTxMailboxesFreeLevel          0x08001c9b   Thumb Code    54  stm32f1xx_hal_can.o(i.HAL_CAN_GetTxMailboxesFreeLevel)
    HAL_CAN_IRQHandler                       0x08001cd1   Thumb Code   590  stm32f1xx_hal_can.o(i.HAL_CAN_IRQHandler)
    HAL_CAN_Init                             0x08001f1f   Thumb Code   372  stm32f1xx_hal_can.o(i.HAL_CAN_Init)
    HAL_CAN_IsTxMessagePending               0x08002093   Thumb Code    36  stm32f1xx_hal_can.o(i.HAL_CAN_IsTxMessagePending)
    HAL_CAN_MspInit                          0x080020b9   Thumb Code   148  stm32f1xx_hal_msp.o(i.HAL_CAN_MspInit)
    HAL_CAN_RxFifo0FullCallback              0x08002155   Thumb Code     2  stm32f1xx_hal_can.o(i.HAL_CAN_RxFifo0FullCallback)
    HAL_CAN_RxFifo0MsgPendingCallback        0x08002159   Thumb Code   282  can1.o(i.HAL_CAN_RxFifo0MsgPendingCallback)
    HAL_CAN_RxFifo1FullCallback              0x080022a9   Thumb Code   464  can1.o(i.HAL_CAN_RxFifo1FullCallback)
    HAL_CAN_RxFifo1MsgPendingCallback        0x08002499   Thumb Code     2  stm32f1xx_hal_can.o(i.HAL_CAN_RxFifo1MsgPendingCallback)
    HAL_CAN_SleepCallback                    0x0800249b   Thumb Code     2  stm32f1xx_hal_can.o(i.HAL_CAN_SleepCallback)
    HAL_CAN_Start                            0x0800249d   Thumb Code    94  stm32f1xx_hal_can.o(i.HAL_CAN_Start)
    HAL_CAN_TxMailbox0AbortCallback          0x080024fb   Thumb Code     2  stm32f1xx_hal_can.o(i.HAL_CAN_TxMailbox0AbortCallback)
    HAL_CAN_TxMailbox0CompleteCallback       0x080024fd   Thumb Code     2  stm32f1xx_hal_can.o(i.HAL_CAN_TxMailbox0CompleteCallback)
    HAL_CAN_TxMailbox1AbortCallback          0x080024ff   Thumb Code     2  stm32f1xx_hal_can.o(i.HAL_CAN_TxMailbox1AbortCallback)
    HAL_CAN_TxMailbox1CompleteCallback       0x08002501   Thumb Code     2  stm32f1xx_hal_can.o(i.HAL_CAN_TxMailbox1CompleteCallback)
    HAL_CAN_TxMailbox2AbortCallback          0x08002503   Thumb Code     2  stm32f1xx_hal_can.o(i.HAL_CAN_TxMailbox2AbortCallback)
    HAL_CAN_TxMailbox2CompleteCallback       0x08002505   Thumb Code     2  stm32f1xx_hal_can.o(i.HAL_CAN_TxMailbox2CompleteCallback)
    HAL_CAN_WakeUpFromRxMsgCallback          0x08002507   Thumb Code     2  stm32f1xx_hal_can.o(i.HAL_CAN_WakeUpFromRxMsgCallback)
    HAL_DMA_Abort                            0x08002509   Thumb Code    86  stm32f1xx_hal_dma.o(i.HAL_DMA_Abort)
    HAL_DMA_Abort_IT                         0x08002561   Thumb Code   172  stm32f1xx_hal_dma.o(i.HAL_DMA_Abort_IT)
    HAL_DMA_IRQHandler                       0x08002611   Thumb Code   408  stm32f1xx_hal_dma.o(i.HAL_DMA_IRQHandler)
    HAL_DMA_Init                             0x080027ad   Thumb Code   100  stm32f1xx_hal_dma.o(i.HAL_DMA_Init)
    HAL_DMA_Start_IT                         0x08002815   Thumb Code   156  stm32f1xx_hal_dma.o(i.HAL_DMA_Start_IT)
    HAL_GPIO_Init                            0x080028b1   Thumb Code   766  stm32f1xx_hal_gpio.o(i.HAL_GPIO_Init)
    HAL_GetTick                              0x08002bd1   Thumb Code     6  stm32f1xx_hal.o(i.HAL_GetTick)
    HAL_IWDG_Init                            0x08002bdd   Thumb Code    94  stm32f1xx_hal_iwdg.o(i.HAL_IWDG_Init)
    HAL_IWDG_Refresh                         0x08002c3b   Thumb Code    14  stm32f1xx_hal_iwdg.o(i.HAL_IWDG_Refresh)
    HAL_IncTick                              0x08002c49   Thumb Code    16  stm32f1xx_hal.o(i.HAL_IncTick)
    HAL_Init                                 0x08002c61   Thumb Code    34  stm32f1xx_hal.o(i.HAL_Init)
    HAL_InitTick                             0x08002c89   Thumb Code    64  stm32f1xx_hal.o(i.HAL_InitTick)
    HAL_MspInit                              0x08002cd5   Thumb Code     2  stm32f1xx_hal.o(i.HAL_MspInit)
    HAL_NVIC_EnableIRQ                       0x08002cd7   Thumb Code    32  stm32f1xx_hal_cortex.o(i.HAL_NVIC_EnableIRQ)
    HAL_NVIC_SetPriority                     0x08002cf7   Thumb Code   124  stm32f1xx_hal_cortex.o(i.HAL_NVIC_SetPriority)
    HAL_NVIC_SetPriorityGrouping             0x08002d75   Thumb Code    32  stm32f1xx_hal_cortex.o(i.HAL_NVIC_SetPriorityGrouping)
    HAL_RCC_ClockConfig                      0x08002d9d   Thumb Code   376  stm32f1xx_hal_rcc.o(i.HAL_RCC_ClockConfig)
    HAL_RCC_GetHCLKFreq                      0x08002f29   Thumb Code     6  stm32f1xx_hal_rcc.o(i.HAL_RCC_GetHCLKFreq)
    HAL_RCC_GetPCLK1Freq                     0x08002f35   Thumb Code    22  stm32f1xx_hal_rcc.o(i.HAL_RCC_GetPCLK1Freq)
    HAL_RCC_GetPCLK2Freq                     0x08002f55   Thumb Code    22  stm32f1xx_hal_rcc.o(i.HAL_RCC_GetPCLK2Freq)
    HAL_RCC_GetSysClockFreq                  0x08002f75   Thumb Code   116  stm32f1xx_hal_rcc.o(i.HAL_RCC_GetSysClockFreq)
    HAL_RCC_OscConfig                        0x08003009   Thumb Code  1114  stm32f1xx_hal_rcc.o(i.HAL_RCC_OscConfig)
    HAL_SYSTICK_Config                       0x0800346d   Thumb Code    52  stm32f1xx_hal_cortex.o(i.HAL_SYSTICK_Config)
    HAL_TIMEx_BreakCallback                  0x080034a1   Thumb Code     2  stm32f1xx_hal_tim_ex.o(i.HAL_TIMEx_BreakCallback)
    HAL_TIMEx_CommutCallback                 0x080034a3   Thumb Code     2  stm32f1xx_hal_tim_ex.o(i.HAL_TIMEx_CommutCallback)
    HAL_TIM_Base_Init                        0x080034a5   Thumb Code   102  stm32f1xx_hal_tim.o(i.HAL_TIM_Base_Init)
    HAL_TIM_Base_MspInit                     0x0800350d   Thumb Code    58  stm32f1xx_hal_msp.o(i.HAL_TIM_Base_MspInit)
    HAL_TIM_Base_Start_IT                    0x0800354d   Thumb Code   106  stm32f1xx_hal_tim.o(i.HAL_TIM_Base_Start_IT)
    HAL_TIM_IC_CaptureCallback               0x080035c5   Thumb Code     2  stm32f1xx_hal_tim.o(i.HAL_TIM_IC_CaptureCallback)
    HAL_TIM_IRQHandler                       0x080035c7   Thumb Code   406  stm32f1xx_hal_tim.o(i.HAL_TIM_IRQHandler)
    HAL_TIM_OC_DelayElapsedCallback          0x0800375d   Thumb Code     2  stm32f1xx_hal_tim.o(i.HAL_TIM_OC_DelayElapsedCallback)
    HAL_TIM_PWM_PulseFinishedCallback        0x0800375f   Thumb Code     2  stm32f1xx_hal_tim.o(i.HAL_TIM_PWM_PulseFinishedCallback)
    HAL_TIM_PeriodElapsedCallback            0x08003761   Thumb Code   124  tim2.o(i.HAL_TIM_PeriodElapsedCallback)
    HAL_TIM_TriggerCallback                  0x080037f1   Thumb Code     2  stm32f1xx_hal_tim.o(i.HAL_TIM_TriggerCallback)
    HAL_UARTEx_RxEventCallback               0x080037f3   Thumb Code     2  stm32f1xx_hal_uart.o(i.HAL_UARTEx_RxEventCallback)
    HAL_UART_ErrorCallback                   0x080037f5   Thumb Code     2  stm32f1xx_hal_uart.o(i.HAL_UART_ErrorCallback)
    HAL_UART_IRQHandler                      0x080037f9   Thumb Code   582  stm32f1xx_hal_uart.o(i.HAL_UART_IRQHandler)
    HAL_UART_Init                            0x08003a45   Thumb Code   114  stm32f1xx_hal_uart.o(i.HAL_UART_Init)
    HAL_UART_MspInit                         0x08003ab9   Thumb Code   308  stm32f1xx_hal_msp.o(i.HAL_UART_MspInit)
    HAL_UART_Receive_DMA                     0x08003c09   Thumb Code    66  stm32f1xx_hal_uart.o(i.HAL_UART_Receive_DMA)
    HAL_UART_RxCpltCallback                  0x08003c4d   Thumb Code    42  uart2.o(i.HAL_UART_RxCpltCallback)
    HAL_UART_RxHalfCpltCallback              0x08003c89   Thumb Code     2  stm32f1xx_hal_uart.o(i.HAL_UART_RxHalfCpltCallback)
    HAL_UART_Transmit_DMA                    0x08003c8d   Thumb Code   142  stm32f1xx_hal_uart.o(i.HAL_UART_Transmit_DMA)
    HAL_UART_TxCpltCallback                  0x08003d29   Thumb Code    22  uart2.o(i.HAL_UART_TxCpltCallback)
    HAL_UART_TxHalfCpltCallback              0x08003d49   Thumb Code     2  stm32f1xx_hal_uart.o(i.HAL_UART_TxHalfCpltCallback)
    HardFault_Handler                        0x08003d4b   Thumb Code     4  stm32f1xx_it.o(i.HardFault_Handler)
    IWDG_Feed                                0x08003d51   Thumb Code    10  iwdg.o(i.IWDG_Feed)
    IWDG_Init                                0x08003d61   Thumb Code    24  iwdg.o(i.IWDG_Init)
    JSY_DataRequest                          0x08003d81   Thumb Code    20  uart2.o(i.JSY_DataRequest)
    Light_Opt                                0x08003d9d   Thumb Code   272  send_can.o(i.Light_Opt)
    MemManage_Handler                        0x08003ec1   Thumb Code     4  stm32f1xx_it.o(i.MemManage_Handler)
    NMI_Handler                              0x08003ec5   Thumb Code     2  stm32f1xx_it.o(i.NMI_Handler)
    PendSV_Handler                           0x08003ec7   Thumb Code     2  stm32f1xx_it.o(i.PendSV_Handler)
    Power_CAN_Send                           0x08003ec9   Thumb Code   146  can1.o(i.Power_CAN_Send)
    Power_Reply                              0x08003f65   Thumb Code   276  send_can.o(i.Power_Reply)
    SVC_Handler                              0x080040d1   Thumb Code     2  stm32f1xx_it.o(i.SVC_Handler)
    Seek_Pointer                             0x080040d5   Thumb Code   134  send_can.o(i.Seek_Pointer)
    SysTick_Handler                          0x08004171   Thumb Code     8  stm32f1xx_it.o(i.SysTick_Handler)
    SystemInit                               0x08004179   Thumb Code    70  system_stm32f1xx.o(i.SystemInit)
    System_Clock_Init                        0x080041d1   Thumb Code    86  system_clock.o(i.System_Clock_Init)
    TIM2_Error_Handler                       0x08004229   Thumb Code    10  tim2.o(i.TIM2_Error_Handler)
    TIM2_IRQHandler                          0x08004239   Thumb Code    10  stm32f1xx_it.o(i.TIM2_IRQHandler)
    TIM2_Init                                0x08004249   Thumb Code    54  tim2.o(i.TIM2_Init)
    TIM_Base_SetConfig                       0x08004285   Thumb Code   104  stm32f1xx_hal_tim.o(i.TIM_Base_SetConfig)
    UART2_Init                               0x080042f9   Thumb Code    40  uart2.o(i.UART2_Init)
    UART_Error_Handler                       0x080044c5   Thumb Code    10  uart2.o(i.UART_Error_Handler)
    UART_Start_Receive_DMA                   0x080046b5   Thumb Code   138  stm32f1xx_hal_uart.o(i.UART_Start_Receive_DMA)
    USART2_IRQHandler                        0x080047ad   Thumb Code    10  stm32f1xx_it.o(i.USART2_IRQHandler)
    USB_LP_CAN1_RX0_IRQHandler               0x080047bd   Thumb Code    10  stm32f1xx_it.o(i.USB_LP_CAN1_RX0_IRQHandler)
    UsageFault_Handler                       0x080047cd   Thumb Code     4  stm32f1xx_it.o(i.UsageFault_Handler)
    main                                     0x08004809   Thumb Code   586  main.o(i.main)
    AHBPrescTable                            0x08004a98   Data          16  system_stm32f1xx.o(.constdata)
    APBPrescTable                            0x08004aa8   Data           8  system_stm32f1xx.o(.constdata)
    Region$$Table$$Base                      0x08004ab0   Number         0  anon$$obj.o(Region$$Table)
    Region$$Table$$Limit                     0x08004ad0   Number         0  anon$$obj.o(Region$$Table)
    System_Time_Fg                           0x20000000   Data           4  main.o(.data)
    System_Time_Fg1                          0x20000004   Data           4  main.o(.data)
    CAN_DataRead_Fg                          0x20000008   Data           4  main.o(.data)
    CAN_Id_CANType                           0x2000000c   Data           1  main.o(.data)
    CAN_FrameNumber                          0x2000000d   Data           1  main.o(.data)
    Blink_Id                                 0x2000000e   Data           1  main.o(.data)
    Blink_Id_Before                          0x2000000f   Data           1  main.o(.data)
    Opt_CheckReply_Fg                        0x20000010   Data           1  main.o(.data)
    Opt_CheckReplyState_1st                  0x20000011   Data           1  main.o(.data)
    Opt_CheckReplyState_2nd                  0x20000012   Data           1  main.o(.data)
    Opt_BoardId                              0x20000013   Data           1  main.o(.data)
    CheckSum                                 0x20000014   Data           4  main.o(.data)
    ArrayNum                                 0x20000018   Data           2  main.o(.data)
    FrameNum                                 0x2000001a   Data           2  main.o(.data)
    TakeOver_Pointer                         0x2000001c   Data           2  main.o(.data)
    TakeOver_DataNum                         0x2000001e   Data           2  main.o(.data)
    RunTime                                  0x20000020   Data           1  main.o(.data)
    JSY_MK163_ReadNum                        0x20000021   Data           1  main.o(.data)
    JSY_MK163_ReadRequest_Fg                 0x20000022   Data           2  main.o(.data)
    UART_Send_Buff                           0x20000024   Data           8  main.o(.data)
    Power_Reply_Fg                           0x2000002c   Data           1  main.o(.data)
    TakeOver_Enable                          0x2000002d   Data           1  main.o(.data)
    YBlink_Enable                            0x2000002e   Data           1  main.o(.data)
    Error_YBlink_Enable                      0x2000002f   Data           1  main.o(.data)
    Opt_VCheck_Enable                        0x20000030   Data           1  main.o(.data)
    Opt_ACheck_Enable                        0x20000031   Data           1  main.o(.data)
    YBlink_Count1                            0x20000032   Data           2  main.o(.data)
    YBlink_Count2                            0x20000034   Data           2  main.o(.data)
    YBlink_Count3                            0x20000036   Data           2  main.o(.data)
    YBlink_Count4                            0x20000038   Data           2  main.o(.data)
    YBlink_Fg                                0x2000003a   Data           1  main.o(.data)
    w                                        0x2000003c   Data           4  main.o(.data)
    e                                        0x20000040   Data           4  main.o(.data)
    t                                        0x20000044   Data           4  main.o(.data)
    r                                        0x20000048   Data           4  main.o(.data)
    SystemCoreClock                          0x2000004c   Data           4  system_stm32f1xx.o(.data)
    uwTick                                   0x20000050   Data           4  stm32f1xx_hal.o(.data)
    uwTickPrio                               0x20000054   Data           4  stm32f1xx_hal.o(.data)
    uwTickFreq                               0x20000058   Data           1  stm32f1xx_hal.o(.data)
    POWER_UART2_Handle                       0x2000005c   Data          68  main.o(.bss)
    UART_Rx_Buff                             0x200000a0   Data          17  main.o(.bss)
    UART2Rx_DMA_Handle                       0x200000b4   Data          68  main.o(.bss)
    UART2Tx_DMA_Handle                       0x200000f8   Data          68  main.o(.bss)
    CAN_Handle                               0x2000013c   Data          40  main.o(.bss)
    CAN_TxHeader                             0x20000164   Data          24  main.o(.bss)
    CAN_RxHeader                             0x2000017c   Data          28  main.o(.bss)
    CAN_RxHeader1                            0x20000198   Data          28  main.o(.bss)
    TIM2_Handle                              0x200001b4   Data          72  main.o(.bss)
    IWDG_Handle                              0x200001fc   Data          12  main.o(.bss)
    CAN_Buff                                 0x20000208   Data          16  main.o(.bss)
    CMD                                      0x20000218   Data          15  main.o(.bss)
    TakeOver_Structure_Use                   0x20000227   Data        2560  main.o(.bss)
    TakeOver_Structure_Buff                  0x20000c27   Data        2560  main.o(.bss)
    JSY_MK163_ReadBuff                       0x20001627   Data          20  main.o(.bss)
    Opt_Reply_Buff                           0x2000163b   Data         410  main.o(.bss)
    Opt_Reply_State                          0x200017d5   Data         500  main.o(.bss)
    __libspace_start                         0x200019cc   Data          96  libspace.o(.bss)
    __temporary_stack_top$libspace           0x20001a2c   Data           0  libspace.o(.bss)



==============================================================================

Memory Map of the image

  Image Entry point : 0x080000ed

  Load Region LR_IROM1 (Base: 0x08000000, Size: 0x00004b2c, Max: 0x00010000, ABSOLUTE)

    Execution Region ER_IROM1 (Exec base: 0x08000000, Load base: 0x08000000, Size: 0x00004ad0, Max: 0x00010000, ABSOLUTE)

    Exec Addr    Load Addr    Size         Type   Attr      Idx    E Section Name        Object

    0x08000000   0x08000000   0x000000ec   Data   RO          740    RESET               startup_stm32f103xb.o
    0x080000ec   0x080000ec   0x00000008   Code   RO         3444  * !!!main             c_w.l(__main.o)
    0x080000f4   0x080000f4   0x00000034   Code   RO         3603    !!!scatter          c_w.l(__scatter.o)
    0x08000128   0x08000128   0x0000001a   Code   RO         3605    !!handler_copy      c_w.l(__scatter_copy.o)
    0x08000142   0x08000142   0x00000002   PAD
    0x08000144   0x08000144   0x0000001c   Code   RO         3607    !!handler_zi        c_w.l(__scatter_zi.o)
    0x08000160   0x08000160   0x00000002   Code   RO         3471    .ARM.Collect$$libinit$$00000000  c_w.l(libinit.o)
    0x08000162   0x08000162   0x00000000   Code   RO         3478    .ARM.Collect$$libinit$$00000002  c_w.l(libinit2.o)
    0x08000162   0x08000162   0x00000000   Code   RO         3480    .ARM.Collect$$libinit$$00000004  c_w.l(libinit2.o)
    0x08000162   0x08000162   0x00000000   Code   RO         3483    .ARM.Collect$$libinit$$0000000A  c_w.l(libinit2.o)
    0x08000162   0x08000162   0x00000000   Code   RO         3485    .ARM.Collect$$libinit$$0000000C  c_w.l(libinit2.o)
    0x08000162   0x08000162   0x00000000   Code   RO         3487    .ARM.Collect$$libinit$$0000000E  c_w.l(libinit2.o)
    0x08000162   0x08000162   0x00000000   Code   RO         3490    .ARM.Collect$$libinit$$00000011  c_w.l(libinit2.o)
    0x08000162   0x08000162   0x00000000   Code   RO         3492    .ARM.Collect$$libinit$$00000013  c_w.l(libinit2.o)
    0x08000162   0x08000162   0x00000000   Code   RO         3494    .ARM.Collect$$libinit$$00000015  c_w.l(libinit2.o)
    0x08000162   0x08000162   0x00000000   Code   RO         3496    .ARM.Collect$$libinit$$00000017  c_w.l(libinit2.o)
    0x08000162   0x08000162   0x00000000   Code   RO         3498    .ARM.Collect$$libinit$$00000019  c_w.l(libinit2.o)
    0x08000162   0x08000162   0x00000000   Code   RO         3500    .ARM.Collect$$libinit$$0000001B  c_w.l(libinit2.o)
    0x08000162   0x08000162   0x00000000   Code   RO         3502    .ARM.Collect$$libinit$$0000001D  c_w.l(libinit2.o)
    0x08000162   0x08000162   0x00000000   Code   RO         3504    .ARM.Collect$$libinit$$0000001F  c_w.l(libinit2.o)
    0x08000162   0x08000162   0x00000000   Code   RO         3506    .ARM.Collect$$libinit$$00000021  c_w.l(libinit2.o)
    0x08000162   0x08000162   0x00000000   Code   RO         3508    .ARM.Collect$$libinit$$00000023  c_w.l(libinit2.o)
    0x08000162   0x08000162   0x00000000   Code   RO         3510    .ARM.Collect$$libinit$$00000025  c_w.l(libinit2.o)
    0x08000162   0x08000162   0x00000000   Code   RO         3514    .ARM.Collect$$libinit$$0000002C  c_w.l(libinit2.o)
    0x08000162   0x08000162   0x00000000   Code   RO         3516    .ARM.Collect$$libinit$$0000002E  c_w.l(libinit2.o)
    0x08000162   0x08000162   0x00000000   Code   RO         3518    .ARM.Collect$$libinit$$00000030  c_w.l(libinit2.o)
    0x08000162   0x08000162   0x00000000   Code   RO         3520    .ARM.Collect$$libinit$$00000032  c_w.l(libinit2.o)
    0x08000162   0x08000162   0x00000002   Code   RO         3521    .ARM.Collect$$libinit$$00000033  c_w.l(libinit2.o)
    0x08000164   0x08000164   0x00000002   Code   RO         3541    .ARM.Collect$$libshutdown$$00000000  c_w.l(libshutdown.o)
    0x08000166   0x08000166   0x00000000   Code   RO         3554    .ARM.Collect$$libshutdown$$00000002  c_w.l(libshutdown2.o)
    0x08000166   0x08000166   0x00000000   Code   RO         3556    .ARM.Collect$$libshutdown$$00000004  c_w.l(libshutdown2.o)
    0x08000166   0x08000166   0x00000000   Code   RO         3558    .ARM.Collect$$libshutdown$$00000006  c_w.l(libshutdown2.o)
    0x08000166   0x08000166   0x00000000   Code   RO         3561    .ARM.Collect$$libshutdown$$00000009  c_w.l(libshutdown2.o)
    0x08000166   0x08000166   0x00000000   Code   RO         3564    .ARM.Collect$$libshutdown$$0000000C  c_w.l(libshutdown2.o)
    0x08000166   0x08000166   0x00000000   Code   RO         3566    .ARM.Collect$$libshutdown$$0000000E  c_w.l(libshutdown2.o)
    0x08000166   0x08000166   0x00000000   Code   RO         3569    .ARM.Collect$$libshutdown$$00000011  c_w.l(libshutdown2.o)
    0x08000166   0x08000166   0x00000002   Code   RO         3570    .ARM.Collect$$libshutdown$$00000012  c_w.l(libshutdown2.o)
    0x08000168   0x08000168   0x00000000   Code   RO         3446    .ARM.Collect$$rtentry$$00000000  c_w.l(__rtentry.o)
    0x08000168   0x08000168   0x00000000   Code   RO         3448    .ARM.Collect$$rtentry$$00000002  c_w.l(__rtentry2.o)
    0x08000168   0x08000168   0x00000006   Code   RO         3460    .ARM.Collect$$rtentry$$00000004  c_w.l(__rtentry4.o)
    0x0800016e   0x0800016e   0x00000000   Code   RO         3450    .ARM.Collect$$rtentry$$00000009  c_w.l(__rtentry2.o)
    0x0800016e   0x0800016e   0x00000004   Code   RO         3451    .ARM.Collect$$rtentry$$0000000A  c_w.l(__rtentry2.o)
    0x08000172   0x08000172   0x00000000   Code   RO         3453    .ARM.Collect$$rtentry$$0000000C  c_w.l(__rtentry2.o)
    0x08000172   0x08000172   0x00000008   Code   RO         3454    .ARM.Collect$$rtentry$$0000000D  c_w.l(__rtentry2.o)
    0x0800017a   0x0800017a   0x00000002   Code   RO         3475    .ARM.Collect$$rtexit$$00000000  c_w.l(rtexit.o)
    0x0800017c   0x0800017c   0x00000000   Code   RO         3523    .ARM.Collect$$rtexit$$00000002  c_w.l(rtexit2.o)
    0x0800017c   0x0800017c   0x00000004   Code   RO         3524    .ARM.Collect$$rtexit$$00000003  c_w.l(rtexit2.o)
    0x08000180   0x08000180   0x00000006   Code   RO         3525    .ARM.Collect$$rtexit$$00000004  c_w.l(rtexit2.o)
    0x08000186   0x08000186   0x00000002   PAD
    0x08000188   0x08000188   0x00000040   Code   RO          741    .text               startup_stm32f103xb.o
    0x080001c8   0x080001c8   0x00000026   Code   RO         3440    .text               c_w.l(llushr.o)
    0x080001ee   0x080001ee   0x00000006   Code   RO         3442    .text               c_w.l(heapauxi.o)
    0x080001f4   0x080001f4   0x0000004a   Code   RO         3462    .text               c_w.l(sys_stackheap_outer.o)
    0x0800023e   0x0800023e   0x00000012   Code   RO         3464    .text               c_w.l(exit.o)
    0x08000250   0x08000250   0x00000008   Code   RO         3472    .text               c_w.l(libspace.o)
    0x08000258   0x08000258   0x0000000c   Code   RO         3533    .text               c_w.l(sys_exit.o)
    0x08000264   0x08000264   0x00000002   Code   RO         3544    .text               c_w.l(use_no_semi.o)
    0x08000266   0x08000266   0x00000000   Code   RO         3546    .text               c_w.l(indicate_semi.o)
    0x08000266   0x08000266   0x00000004   Code   RO          261    i.BusFault_Handler  stm32f1xx_it.o
    0x0800026a   0x0800026a   0x00000002   PAD
    0x0800026c   0x0800026c   0x000000b8   Code   RO          464    i.CAN1_Init         can1.o
    0x08000324   0x08000324   0x00000010   Code   RO          262    i.CAN1_RX1_IRQHandler  stm32f1xx_it.o
    0x08000334   0x08000334   0x00000010   Code   RO          465    i.CAN_Error_Handler  can1.o
    0x08000344   0x08000344   0x0000146c   Code   RO          549    i.Check_Opt_Reply   opt_check.o
    0x080017b0   0x080017b0   0x00000010   Code   RO          263    i.DMA1_Channel6_IRQHandler  stm32f1xx_it.o
    0x080017c0   0x080017c0   0x00000010   Code   RO          264    i.DMA1_Channel7_IRQHandler  stm32f1xx_it.o
    0x080017d0   0x080017d0   0x0000002c   Code   RO         1296    i.DMA_SetConfig     stm32f1xx_hal_dma.o
    0x080017fc   0x080017fc   0x00000002   Code   RO          265    i.DebugMon_Handler  stm32f1xx_it.o
    0x080017fe   0x080017fe   0x00000002   PAD
    0x08001800   0x08001800   0x00000094   Code   RO          645    i.GPIO_Init         gpio.o
    0x08001894   0x08001894   0x0000002a   Code   RO          923    i.HAL_CAN_ActivateNotification  stm32f1xx_hal_can.o
    0x080018be   0x080018be   0x00000156   Code   RO          924    i.HAL_CAN_AddTxMessage  stm32f1xx_hal_can.o
    0x08001a14   0x08001a14   0x0000010a   Code   RO          925    i.HAL_CAN_ConfigFilter  stm32f1xx_hal_can.o
    0x08001b1e   0x08001b1e   0x00000002   Code   RO          928    i.HAL_CAN_ErrorCallback  stm32f1xx_hal_can.o
    0x08001b20   0x08001b20   0x0000017a   Code   RO          931    i.HAL_CAN_GetRxMessage  stm32f1xx_hal_can.o
    0x08001c9a   0x08001c9a   0x00000036   Code   RO          933    i.HAL_CAN_GetTxMailboxesFreeLevel  stm32f1xx_hal_can.o
    0x08001cd0   0x08001cd0   0x0000024e   Code   RO          935    i.HAL_CAN_IRQHandler  stm32f1xx_hal_can.o
    0x08001f1e   0x08001f1e   0x00000174   Code   RO          936    i.HAL_CAN_Init      stm32f1xx_hal_can.o
    0x08002092   0x08002092   0x00000024   Code   RO          938    i.HAL_CAN_IsTxMessagePending  stm32f1xx_hal_can.o
    0x080020b6   0x080020b6   0x00000002   PAD
    0x080020b8   0x080020b8   0x0000009c   Code   RO          204    i.HAL_CAN_MspInit   stm32f1xx_hal_msp.o
    0x08002154   0x08002154   0x00000002   Code   RO          943    i.HAL_CAN_RxFifo0FullCallback  stm32f1xx_hal_can.o
    0x08002156   0x08002156   0x00000002   PAD
    0x08002158   0x08002158   0x00000150   Code   RO          466    i.HAL_CAN_RxFifo0MsgPendingCallback  can1.o
    0x080022a8   0x080022a8   0x000001f0   Code   RO          467    i.HAL_CAN_RxFifo1FullCallback  can1.o
    0x08002498   0x08002498   0x00000002   Code   RO          946    i.HAL_CAN_RxFifo1MsgPendingCallback  stm32f1xx_hal_can.o
    0x0800249a   0x0800249a   0x00000002   Code   RO          947    i.HAL_CAN_SleepCallback  stm32f1xx_hal_can.o
    0x0800249c   0x0800249c   0x0000005e   Code   RO          948    i.HAL_CAN_Start     stm32f1xx_hal_can.o
    0x080024fa   0x080024fa   0x00000002   Code   RO          950    i.HAL_CAN_TxMailbox0AbortCallback  stm32f1xx_hal_can.o
    0x080024fc   0x080024fc   0x00000002   Code   RO          951    i.HAL_CAN_TxMailbox0CompleteCallback  stm32f1xx_hal_can.o
    0x080024fe   0x080024fe   0x00000002   Code   RO          952    i.HAL_CAN_TxMailbox1AbortCallback  stm32f1xx_hal_can.o
    0x08002500   0x08002500   0x00000002   Code   RO          953    i.HAL_CAN_TxMailbox1CompleteCallback  stm32f1xx_hal_can.o
    0x08002502   0x08002502   0x00000002   Code   RO          954    i.HAL_CAN_TxMailbox2AbortCallback  stm32f1xx_hal_can.o
    0x08002504   0x08002504   0x00000002   Code   RO          955    i.HAL_CAN_TxMailbox2CompleteCallback  stm32f1xx_hal_can.o
    0x08002506   0x08002506   0x00000002   Code   RO          957    i.HAL_CAN_WakeUpFromRxMsgCallback  stm32f1xx_hal_can.o
    0x08002508   0x08002508   0x00000056   Code   RO         1297    i.HAL_DMA_Abort     stm32f1xx_hal_dma.o
    0x0800255e   0x0800255e   0x00000002   PAD
    0x08002560   0x08002560   0x000000b0   Code   RO         1298    i.HAL_DMA_Abort_IT  stm32f1xx_hal_dma.o
    0x08002610   0x08002610   0x0000019c   Code   RO         1302    i.HAL_DMA_IRQHandler  stm32f1xx_hal_dma.o
    0x080027ac   0x080027ac   0x00000068   Code   RO         1303    i.HAL_DMA_Init      stm32f1xx_hal_dma.o
    0x08002814   0x08002814   0x0000009c   Code   RO         1307    i.HAL_DMA_Start_IT  stm32f1xx_hal_dma.o
    0x080028b0   0x080028b0   0x00000320   Code   RO         1675    i.HAL_GPIO_Init     stm32f1xx_hal_gpio.o
    0x08002bd0   0x08002bd0   0x0000000c   Code   RO          759    i.HAL_GetTick       stm32f1xx_hal.o
    0x08002bdc   0x08002bdc   0x0000005e   Code   RO         3044    i.HAL_IWDG_Init     stm32f1xx_hal_iwdg.o
    0x08002c3a   0x08002c3a   0x0000000e   Code   RO         3045    i.HAL_IWDG_Refresh  stm32f1xx_hal_iwdg.o
    0x08002c48   0x08002c48   0x00000018   Code   RO          765    i.HAL_IncTick       stm32f1xx_hal.o
    0x08002c60   0x08002c60   0x00000028   Code   RO          766    i.HAL_Init          stm32f1xx_hal.o
    0x08002c88   0x08002c88   0x0000004c   Code   RO          767    i.HAL_InitTick      stm32f1xx_hal.o
    0x08002cd4   0x08002cd4   0x00000002   Code   RO          769    i.HAL_MspInit       stm32f1xx_hal.o
    0x08002cd6   0x08002cd6   0x00000020   Code   RO         1176    i.HAL_NVIC_EnableIRQ  stm32f1xx_hal_cortex.o
    0x08002cf6   0x08002cf6   0x0000007c   Code   RO         1182    i.HAL_NVIC_SetPriority  stm32f1xx_hal_cortex.o
    0x08002d72   0x08002d72   0x00000002   PAD
    0x08002d74   0x08002d74   0x00000028   Code   RO         1183    i.HAL_NVIC_SetPriorityGrouping  stm32f1xx_hal_cortex.o
    0x08002d9c   0x08002d9c   0x0000018c   Code   RO         1900    i.HAL_RCC_ClockConfig  stm32f1xx_hal_rcc.o
    0x08002f28   0x08002f28   0x0000000c   Code   RO         1905    i.HAL_RCC_GetHCLKFreq  stm32f1xx_hal_rcc.o
    0x08002f34   0x08002f34   0x00000020   Code   RO         1907    i.HAL_RCC_GetPCLK1Freq  stm32f1xx_hal_rcc.o
    0x08002f54   0x08002f54   0x00000020   Code   RO         1908    i.HAL_RCC_GetPCLK2Freq  stm32f1xx_hal_rcc.o
    0x08002f74   0x08002f74   0x00000094   Code   RO         1909    i.HAL_RCC_GetSysClockFreq  stm32f1xx_hal_rcc.o
    0x08003008   0x08003008   0x00000464   Code   RO         1912    i.HAL_RCC_OscConfig  stm32f1xx_hal_rcc.o
    0x0800346c   0x0800346c   0x00000034   Code   RO         1187    i.HAL_SYSTICK_Config  stm32f1xx_hal_cortex.o
    0x080034a0   0x080034a0   0x00000002   Code   RO         2777    i.HAL_TIMEx_BreakCallback  stm32f1xx_hal_tim_ex.o
    0x080034a2   0x080034a2   0x00000002   Code   RO         2778    i.HAL_TIMEx_CommutCallback  stm32f1xx_hal_tim_ex.o
    0x080034a4   0x080034a4   0x00000066   Code   RO         2062    i.HAL_TIM_Base_Init  stm32f1xx_hal_tim.o
    0x0800350a   0x0800350a   0x00000002   PAD
    0x0800350c   0x0800350c   0x00000040   Code   RO          206    i.HAL_TIM_Base_MspInit  stm32f1xx_hal_msp.o
    0x0800354c   0x0800354c   0x00000078   Code   RO         2067    i.HAL_TIM_Base_Start_IT  stm32f1xx_hal_tim.o
    0x080035c4   0x080035c4   0x00000002   Code   RO         2096    i.HAL_TIM_IC_CaptureCallback  stm32f1xx_hal_tim.o
    0x080035c6   0x080035c6   0x00000196   Code   RO         2110    i.HAL_TIM_IRQHandler  stm32f1xx_hal_tim.o
    0x0800375c   0x0800375c   0x00000002   Code   RO         2113    i.HAL_TIM_OC_DelayElapsedCallback  stm32f1xx_hal_tim.o
    0x0800375e   0x0800375e   0x00000002   Code   RO         2140    i.HAL_TIM_PWM_PulseFinishedCallback  stm32f1xx_hal_tim.o
    0x08003760   0x08003760   0x00000090   Code   RO          609    i.HAL_TIM_PeriodElapsedCallback  tim2.o
    0x080037f0   0x080037f0   0x00000002   Code   RO         2153    i.HAL_TIM_TriggerCallback  stm32f1xx_hal_tim.o
    0x080037f2   0x080037f2   0x00000002   Code   RO         3085    i.HAL_UARTEx_RxEventCallback  stm32f1xx_hal_uart.o
    0x080037f4   0x080037f4   0x00000002   Code   RO         3099    i.HAL_UART_ErrorCallback  stm32f1xx_hal_uart.o
    0x080037f6   0x080037f6   0x00000002   PAD
    0x080037f8   0x080037f8   0x0000024c   Code   RO         3102    i.HAL_UART_IRQHandler  stm32f1xx_hal_uart.o
    0x08003a44   0x08003a44   0x00000072   Code   RO         3103    i.HAL_UART_Init     stm32f1xx_hal_uart.o
    0x08003ab6   0x08003ab6   0x00000002   PAD
    0x08003ab8   0x08003ab8   0x00000150   Code   RO          208    i.HAL_UART_MspInit  stm32f1xx_hal_msp.o
    0x08003c08   0x08003c08   0x00000042   Code   RO         3107    i.HAL_UART_Receive_DMA  stm32f1xx_hal_uart.o
    0x08003c4a   0x08003c4a   0x00000002   PAD
    0x08003c4c   0x08003c4c   0x0000003c   Code   RO          669    i.HAL_UART_RxCpltCallback  uart2.o
    0x08003c88   0x08003c88   0x00000002   Code   RO         3110    i.HAL_UART_RxHalfCpltCallback  stm32f1xx_hal_uart.o
    0x08003c8a   0x08003c8a   0x00000002   PAD
    0x08003c8c   0x08003c8c   0x0000009c   Code   RO         3112    i.HAL_UART_Transmit_DMA  stm32f1xx_hal_uart.o
    0x08003d28   0x08003d28   0x00000020   Code   RO          670    i.HAL_UART_TxCpltCallback  uart2.o
    0x08003d48   0x08003d48   0x00000002   Code   RO         3115    i.HAL_UART_TxHalfCpltCallback  stm32f1xx_hal_uart.o
    0x08003d4a   0x08003d4a   0x00000004   Code   RO          266    i.HardFault_Handler  stm32f1xx_it.o
    0x08003d4e   0x08003d4e   0x00000002   PAD
    0x08003d50   0x08003d50   0x00000010   Code   RO          519    i.IWDG_Feed         iwdg.o
    0x08003d60   0x08003d60   0x00000020   Code   RO          520    i.IWDG_Init         iwdg.o
    0x08003d80   0x08003d80   0x0000001c   Code   RO          671    i.JSY_DataRequest   uart2.o
    0x08003d9c   0x08003d9c   0x00000124   Code   RO          573    i.Light_Opt         send_can.o
    0x08003ec0   0x08003ec0   0x00000004   Code   RO          267    i.MemManage_Handler  stm32f1xx_it.o
    0x08003ec4   0x08003ec4   0x00000002   Code   RO          268    i.NMI_Handler       stm32f1xx_it.o
    0x08003ec6   0x08003ec6   0x00000002   Code   RO          269    i.PendSV_Handler    stm32f1xx_it.o
    0x08003ec8   0x08003ec8   0x0000009c   Code   RO          468    i.Power_CAN_Send    can1.o
    0x08003f64   0x08003f64   0x00000144   Code   RO          574    i.Power_Reply       send_can.o
    0x080040a8   0x080040a8   0x00000028   Code   RO         1913    i.RCC_Delay         stm32f1xx_hal_rcc.o
    0x080040d0   0x080040d0   0x00000002   Code   RO          270    i.SVC_Handler       stm32f1xx_it.o
    0x080040d2   0x080040d2   0x00000002   PAD
    0x080040d4   0x080040d4   0x0000009c   Code   RO          575    i.Seek_Pointer      send_can.o
    0x08004170   0x08004170   0x00000008   Code   RO          271    i.SysTick_Handler   stm32f1xx_it.o
    0x08004178   0x08004178   0x00000058   Code   RO          370    i.SystemInit        system_stm32f1xx.o
    0x080041d0   0x080041d0   0x00000056   Code   RO          717    i.System_Clock_Init  system_clock.o
    0x08004226   0x08004226   0x00000002   PAD
    0x08004228   0x08004228   0x00000010   Code   RO          610    i.TIM2_Error_Handler  tim2.o
    0x08004238   0x08004238   0x00000010   Code   RO          272    i.TIM2_IRQHandler   stm32f1xx_it.o
    0x08004248   0x08004248   0x0000003c   Code   RO          611    i.TIM2_Init         tim2.o
    0x08004284   0x08004284   0x00000074   Code   RO         2155    i.TIM_Base_SetConfig  stm32f1xx_hal_tim.o
    0x080042f8   0x080042f8   0x00000030   Code   RO          672    i.UART2_Init        uart2.o
    0x08004328   0x08004328   0x00000014   Code   RO         3116    i.UART_DMAAbortOnError  stm32f1xx_hal_uart.o
    0x0800433c   0x0800433c   0x00000050   Code   RO         3117    i.UART_DMAError     stm32f1xx_hal_uart.o
    0x0800438c   0x0800438c   0x00000068   Code   RO         3118    i.UART_DMAReceiveCplt  stm32f1xx_hal_uart.o
    0x080043f4   0x080043f4   0x00000020   Code   RO         3120    i.UART_DMARxHalfCplt  stm32f1xx_hal_uart.o
    0x08004414   0x08004414   0x00000036   Code   RO         3122    i.UART_DMATransmitCplt  stm32f1xx_hal_uart.o
    0x0800444a   0x0800444a   0x0000000e   Code   RO         3124    i.UART_DMATxHalfCplt  stm32f1xx_hal_uart.o
    0x08004458   0x08004458   0x00000036   Code   RO         3126    i.UART_EndRxTransfer  stm32f1xx_hal_uart.o
    0x0800448e   0x0800448e   0x00000020   Code   RO         3127    i.UART_EndTransmit_IT  stm32f1xx_hal_uart.o
    0x080044ae   0x080044ae   0x00000014   Code   RO         3128    i.UART_EndTxTransfer  stm32f1xx_hal_uart.o
    0x080044c2   0x080044c2   0x00000002   PAD
    0x080044c4   0x080044c4   0x00000010   Code   RO          673    i.UART_Error_Handler  uart2.o
    0x080044d4   0x080044d4   0x000000e4   Code   RO         3129    i.UART_Receive_IT   stm32f1xx_hal_uart.o
    0x080045b8   0x080045b8   0x000000fc   Code   RO         3130    i.UART_SetConfig    stm32f1xx_hal_uart.o
    0x080046b4   0x080046b4   0x00000098   Code   RO         3131    i.UART_Start_Receive_DMA  stm32f1xx_hal_uart.o
    0x0800474c   0x0800474c   0x00000060   Code   RO         3133    i.UART_Transmit_IT  stm32f1xx_hal_uart.o
    0x080047ac   0x080047ac   0x00000010   Code   RO          273    i.USART2_IRQHandler  stm32f1xx_it.o
    0x080047bc   0x080047bc   0x00000010   Code   RO          274    i.USB_LP_CAN1_RX0_IRQHandler  stm32f1xx_it.o
    0x080047cc   0x080047cc   0x00000004   Code   RO          275    i.UsageFault_Handler  stm32f1xx_it.o
    0x080047d0   0x080047d0   0x00000010   Code   RO         1189    i.__NVIC_GetPriorityGrouping  stm32f1xx_hal_cortex.o
    0x080047e0   0x080047e0   0x00000028   Code   RO         1190    i.__NVIC_SetPriority  stm32f1xx_hal_cortex.o
    0x08004808   0x08004808   0x00000290   Code   RO            4    i.main              main.o
    0x08004a98   0x08004a98   0x00000018   Data   RO          371    .constdata          system_stm32f1xx.o
    0x08004ab0   0x08004ab0   0x00000020   Data   RO         3601    Region$$Table       anon$$obj.o


    Execution Region RW_IRAM1 (Exec base: 0x20000000, Load base: 0x08004ad0, Size: 0x00002030, Max: 0x00005000, ABSOLUTE)

    Exec Addr    Load Addr    Size         Type   Attr      Idx    E Section Name        Object

    0x20000000   0x08004ad0   0x0000004c   Data   RW            6    .data               main.o
    0x2000004c   0x08004b1c   0x00000004   Data   RW          372    .data               system_stm32f1xx.o
    0x20000050   0x08004b20   0x00000009   Data   RW          773    .data               stm32f1xx_hal.o
    0x20000059   0x08004b29   0x00000003   PAD
    0x2000005c        -       0x0000196d   Zero   RW            5    .bss                main.o
    0x200019c9   0x08004b29   0x00000003   PAD
    0x200019cc        -       0x00000060   Zero   RW         3473    .bss                c_w.l(libspace.o)
    0x20001a2c   0x08004b29   0x00000004   PAD
    0x20001a30        -       0x00000200   Zero   RW          739    HEAP                startup_stm32f103xb.o
    0x20001c30        -       0x00000400   Zero   RW          738    STACK               startup_stm32f103xb.o


==============================================================================

Image component sizes


      Code (inc. data)   RO Data    RW Data    ZI Data      Debug   Object Name

      1188        112          0          0          0       3735   can1.o
       148         14          0          0          0        856   gpio.o
        48         14          0          0          0        916   iwdg.o
       656         70          0         76       6509     443551   main.o
      5228        134          0          0          0       2282   opt_check.o
       772         90          0          0          0       1969   send_can.o
        64         26        236          0       1536        768   startup_stm32f103xb.o
       154         32          0          9          0       5183   stm32f1xx_hal.o
      2196          0          0          0          0      13052   stm32f1xx_hal_can.o
       304         22          0          0          0      28895   stm32f1xx_hal_cortex.o
       978         12          0          0          0       4350   stm32f1xx_hal_dma.o
       800         34          0          0          0       1888   stm32f1xx_hal_gpio.o
       108          0          0          0          0       1591   stm32f1xx_hal_iwdg.o
       556         42          0          0          0       2280   stm32f1xx_hal_msp.o
      1784        110          0          0          0       5424   stm32f1xx_hal_rcc.o
       752         26          0          0          0       4935   stm32f1xx_hal_tim.o
         4          0          0          0          0       1277   stm32f1xx_hal_tim_ex.o
      2070         38          0          0          0      12784   stm32f1xx_hal_uart.o
       128         32          0          0          0       5981   stm32f1xx_it.o
        86          0          0          0          0        680   system_clock.o
        88         18         24          4          0        987   system_stm32f1xx.o
       220         32          0          0          0       1725   tim2.o
       184         50          0          0          0       2596   uart2.o

    ----------------------------------------------------------------------
     18546        908        292         92       8048     547705   Object Totals
         0          0         32          0          0          0   (incl. Generated)
        30          0          0          3          3          0   (incl. Padding)

    ----------------------------------------------------------------------

      Code (inc. data)   RO Data    RW Data    ZI Data      Debug   Library Member Name

         8          0          0          0          0         68   __main.o
         0          0          0          0          0          0   __rtentry.o
        12          0          0          0          0          0   __rtentry2.o
         6          0          0          0          0          0   __rtentry4.o
        52          8          0          0          0          0   __scatter.o
        26          0          0          0          0          0   __scatter_copy.o
        28          0          0          0          0          0   __scatter_zi.o
        18          0          0          0          0         80   exit.o
         6          0          0          0          0        152   heapauxi.o
         0          0          0          0          0          0   indicate_semi.o
         2          0          0          0          0          0   libinit.o
         2          0          0          0          0          0   libinit2.o
         2          0          0          0          0          0   libshutdown.o
         2          0          0          0          0          0   libshutdown2.o
         8          4          0          0         96         68   libspace.o
        38          0          0          0          0         68   llushr.o
         2          0          0          0          0          0   rtexit.o
        10          0          0          0          0          0   rtexit2.o
        12          4          0          0          0         68   sys_exit.o
        74          0          0          0          0         80   sys_stackheap_outer.o
         2          0          0          0          0         68   use_no_semi.o

    ----------------------------------------------------------------------
       314         16          0          0        100        652   Library Totals
         4          0          0          0          4          0   (incl. Padding)

    ----------------------------------------------------------------------

      Code (inc. data)   RO Data    RW Data    ZI Data      Debug   Library Name

       310         16          0          0         96        652   c_w.l

    ----------------------------------------------------------------------
       314         16          0          0        100        652   Library Totals

    ----------------------------------------------------------------------

==============================================================================


      Code (inc. data)   RO Data    RW Data    ZI Data      Debug   

     18860        924        292         92       8148     542217   Grand Totals
     18860        924        292         92       8148     542217   ELF Image Totals
     18860        924        292         92          0          0   ROM Totals

==============================================================================

    Total RO  Size (Code + RO Data)                19152 (  18.70kB)
    Total RW  Size (RW Data + ZI Data)              8240 (   8.05kB)
    Total ROM Size (Code + RO Data + RW Data)      19244 (  18.79kB)

==============================================================================

