<html>
<body>
<pre>
<h1>礦ision Build Log</h1>
<h2>Tool Versions:</h2>
IDE-Version: μVision V5.36.0.0
Copyright (C) 2021 ARM Ltd and ARM Germany GmbH. All rights reserved.
License Information: yc h, ych, LIC=ATTQ1-C7ZJ7-9UC4U-SPVY4-2EWBL-ZBHC5
 
Tool Versions:
Toolchain:       MDK-ARM Plus  Version: 5.36.0.0
Toolchain Path:  D:\ebedded_system\Keil5\Core\ARM\ARMCC\Bin
C Compiler:      Armcc.exe V5.06 update 7 (build 960)
Assembler:       Armasm.exe V5.06 update 7 (build 960)
Linker/Locator:  ArmLink.exe V5.06 update 7 (build 960)
Library Manager: ArmAr.exe V5.06 update 7 (build 960)
Hex Converter:   FromElf.exe V5.06 update 7 (build 960)
CPU DLL:         SARMCM3.DLL V5.36.0.0
Dialog DLL:      DCM.DLL V1.17.3.0
Target DLL:      Segger\JL2CM3.dll V2.99.40.0
Dialog DLL:      TCM.DLL V1.53.0.0
 
<h2>Project:</h2>
d:\Github\ATC-HLYY\电源板_更换市电检测方式为ADC\PLYYPOW.uvprojx
Project File Date:  04/06/2022

<h2>Output:</h2>
*** Using Compiler 'V5.06 update 7 (build 960)', folder: 'D:\ebedded_system\Keil5\Core\ARM\ARMCC\Bin'
Rebuild target 'Target 1'
compiling stm32f10x_cec.c...
compiling misc.c...
compiling stm32f10x_bkp.c...
compiling stm32f10x_crc.c...
compiling stm32f10x_adc.c...
compiling stm32f10x_can.c...
compiling core_cm3.c...
compiling stm32f10x_dac.c...
compiling stm32f10x_dbgmcu.c...
compiling stm32f10x_exti.c...
compiling stm32f10x_dma.c...
compiling stm32f10x_fsmc.c...
compiling stm32f10x_flash.c...
compiling stm32f10x_gpio.c...
compiling stm32f10x_pwr.c...
compiling stm32f10x_rtc.c...
compiling stm32f10x_sdio.c...
compiling stm32f10x_i2c.c...
compiling stm32f10x_iwdg.c...
compiling stm32f10x_rcc.c...
compiling stm32f10x_spi.c...
assembling startup_stm32f10x_hd.s...
compiling stm32f10x_wwdg.c...
compiling system_stm32f10x.c...
compiling stm32f10x_it.c...
compiling main.c...
USER\main.h(68): warning:  #1-D: last line of file ends without a newline
  #endif	
USER\main.c(31): warning:  #1295-D: Deprecated declaration init_can - give arg types
  void init_can();
USER\main.c(35): warning:  #1295-D: Deprecated declaration sendMD - give arg types
  void sendMD();
USER\main.c(36): warning:  #1295-D: Deprecated declaration seekPointer - give arg types
  void seekPointer();
USER\main.c(37): warning:  #1295-D: Deprecated declaration checklampreply - give arg types
  void checklampreply();
USER\main.c(38): warning:  #1295-D: Deprecated declaration checklamp - give arg types
  void checklamp();	
USER\main.c(67): warning:  #188-D: enumerated type mixed with another type
  			MCU_RUN(SON);	
USER\main.c(70): warning:  #188-D: enumerated type mixed with another type
  			MCU_RUN(SOFF);
USER\main.c(75): warning:  #177-D: variable "address"  was declared but never referenced
  			u8 address;
USER\main.c(93): warning:  #188-D: enumerated type mixed with another type
  				CAN_T_LED(SON);
USER\main.c(94): warning:  #188-D: enumerated type mixed with another type
  				CAN_R_LED(SOFF);
USER\main.c(95): warning:  #223-D: function "sendcan" declared implicitly
  				sendcan(1);
USER\main.c(96): warning:  #188-D: enumerated type mixed with another type
  				CAN_T_LED(SOFF);
USER\main.c(97): warning:  #188-D: enumerated type mixed with another type
  				CAN_R_LED(SON);
USER\main.c(101): warning:  #188-D: enumerated type mixed with another type
  				CAN_T_LED(SON);
USER\main.c(102): warning:  #188-D: enumerated type mixed with another type
  				CAN_R_LED(SOFF);
USER\main.c(103): warning:  #223-D: function "sendcan" declared implicitly
  				sendcan(2);
USER\main.c(104): warning:  #188-D: enumerated type mixed with another type
  				CAN_T_LED(SOFF);
USER\main.c(105): warning:  #188-D: enumerated type mixed with another type
  				CAN_R_LED(SON);
USER\main.c(109): warning:  #188-D: enumerated type mixed with another type
  				CAN_T_LED(SON);
USER\main.c(110): warning:  #188-D: enumerated type mixed with another type
  				CAN_R_LED(SOFF);
USER\main.c(111): warning:  #223-D: function "sendcan" declared implicitly
  				sendcan(3);
USER\main.c(112): warning:  #188-D: enumerated type mixed with another type
  				CAN_T_LED(SOFF);
USER\main.c(113): warning:  #188-D: enumerated type mixed with another type
  				CAN_R_LED(SON);
USER\main.c(126): warning:  #188-D: enumerated type mixed with another type
  				CAN_T_LED(SON);
USER\main.c(127): warning:  #188-D: enumerated type mixed with another type
  				CAN_R_LED(SOFF);
USER\main.c(128): warning:  #223-D: function "sendcan" declared implicitly
  				sendcan(0);
USER\main.c(129): warning:  #188-D: enumerated type mixed with another type
  				CAN_T_LED(SOFF);
USER\main.c(130): warning:  #188-D: enumerated type mixed with another type
  				CAN_R_LED(SON);
USER\main.c(186): warning:  #9-D: nested comment is not allowed
  /*
USER\main.c: 30 warnings, 0 errors
compiling stm32f10x_usart.c...
compiling stm32f10x_tim.c...
compiling GPIO.c...
USER\GPIO.c(53): warning:  #1-D: last line of file ends without a newline
  }
USER\GPIO.c: 1 warning, 0 errors
compiling ADC.C...
compiling timer2.c...
USER\timer2.c(83): warning:  #188-D: enumerated type mixed with another type
  					Y_FLASH(SON);
USER\timer2.c(87): warning:  #188-D: enumerated type mixed with another type
  					Y_FLASH(SOFF);
USER\timer2.c: 2 warnings, 0 errors
compiling CAN.C...
USER\CAN.C(150): warning:  #188-D: enumerated type mixed with another type
  				CAN_R_LED(SON);
USER\CAN.C(153): warning:  #188-D: enumerated type mixed with another type
  				CAN_R_LED(SON);
USER\CAN.C(259): warning:  #1-D: last line of file ends without a newline
  	
USER\CAN.C: 3 warnings, 0 errors
compiling UART2.C...
USER\UART2.C(111): warning:  #188-D: enumerated type mixed with another type
  		CAN_R_LED(SOFF);
USER\UART2.C(113): warning:  #188-D: enumerated type mixed with another type
  		CAN_T_LED(SON);
USER\UART2.C(175): warning:  #188-D: enumerated type mixed with another type
  			CAN_T_LED(SOFF);
USER\UART2.C(184): warning:  #1-D: last line of file ends without a newline
  }
USER\UART2.C: 4 warnings, 0 errors
compiling WatchDog.c...
compiling sendcan.c...
compiling checklamp.c...
USER\checklamp.c(597): warning:  #1-D: last line of file ends without a newline
  }
USER\checklamp.c: 1 warning, 0 errors
linking...
Program Size: Code=12532 RO-data=336 RW-data=108 ZI-data=7748  
FromELF: creating hex file...
".\Objects\PLYYPOW.axf" - 0 Error(s), 41 Warning(s).

<h2>Software Packages used:</h2>

Package Vendor: Keil
                http://www.keil.com/pack/Keil.STM32F1xx_DFP.2.3.0.pack
                Keil.STM32F1xx_DFP.2.3.0
                STMicroelectronics STM32F1 Series Device Support, Drivers and Examples

<h2>Collection of Component include folders:</h2>
  D:\ebedded_system\Keil5\Pack\Keil\STM32F1xx_DFP\2.3.0\Device\Include

<h2>Collection of Component Files used:</h2>
Build Time Elapsed:  00:00:05
</pre>
</body>
</html>
